2026-10-05 07:30:36,481 INFO morning machine=0008 status=complete
2026-10-05 07:30:36,481 INFO morning machine=0008 delay_seconds=7.370
2026-10-05 07:30:50,375 INFO morning machine=0009 status=complete
2026-10-05 07:30:50,375 INFO morning machine=0009 delay_seconds=7.464
2026-10-05 07:31:02,264 INFO morning machine=0010 status=complete
2026-10-05 07:31:02,264 INFO morning machine=0010 delay_seconds=6.654
2026-10-05 07:31:13,397 INFO morning machine=0011 status=complete
2026-10-05 07:31:13,397 INFO morning machine=0011 delay_seconds=6.290
2026-10-05 07:31:24,137 INFO morning machine=0012 status=complete
2026-10-05 07:31:24,137 INFO morning machine=0012 delay_seconds=5.805
2026-10-05 07:31:34,463 INFO morning machine=0018 status=complete
2026-10-05 07:31:34,463 INFO morning machine=0018 delay_seconds=7.819
2026-10-05 07:31:46,780 INFO morning machine=0019 status=complete
2026-10-05 07:31:46,780 INFO morning machine=0019 delay_seconds=5.582
2026-10-05 07:31:57,022 INFO morning machine=0035 status=complete
2026-10-05 07:31:57,022 INFO morning machine=0035 delay_seconds=7.265
2026-10-05 07:32:09,039 INFO morning machine=0036 status=complete
2026-10-05 07:32:09,039 INFO morning machine=0036 delay_seconds=6.230
2026-10-05 07:32:19,763 INFO morning machine=0037 status=complete
2026-10-05 07:32:19,763 INFO morning machine=0037 delay_seconds=6.074
2026-10-05 07:32:30,488 INFO morning machine=0038 status=complete
2026-10-05 07:32:30,488 INFO morning machine=0038 delay_seconds=6.884
2026-10-05 07:32:41,846 INFO morning machine=0039 status=complete
2026-10-05 07:32:41,846 INFO morning machine=0039 delay_seconds=7.917
2026-10-05 07:32:54,421 INFO morning machine=0040 status=complete
2026-10-05 07:32:54,421 INFO morning machine=0040 delay_seconds=5.158
2026-10-05 07:33:04,132 INFO morning machine=0041 status=complete
2026-10-05 07:33:04,132 INFO morning machine=0041 delay_seconds=7.752
2026-10-05 07:33:17,862 INFO morning machine=0042 status=complete
2026-10-05 07:33:17,862 INFO morning machine=0042 delay_seconds=7.151
2026-10-05 07:33:29,496 INFO morning machine=0043 status=complete
2026-10-05 07:33:29,496 INFO morning machine=0043 delay_seconds=7.159
2026-10-05 07:33:41,112 INFO morning machine=0044 status=complete
2026-10-05 07:33:41,112 INFO morning machine=0044 delay_seconds=6.573
2026-10-05 07:33:52,179 INFO morning machine=0045 status=complete
2026-10-05 07:33:52,179 INFO morning machine=0045 delay_seconds=6.725
2026-10-05 07:34:03,353 INFO morning machine=0046 status=complete
2026-10-05 07:34:03,353 INFO morning machine=0046 delay_seconds=5.722
2026-10-05 07:34:13,534 INFO morning machine=0047 status=complete
2026-10-05 07:34:13,534 INFO morning machine=0047 delay_seconds=7.817
2026-10-05 07:34:25,845 INFO morning machine=0048 status=complete
2026-10-05 07:34:25,845 INFO morning machine=0048 delay_seconds=6.446
2026-10-05 07:34:36,785 INFO morning machine=0049 status=complete
2026-10-05 07:34:36,785 INFO morning machine=0049 delay_seconds=5.304
2026-10-05 07:34:46,561 INFO morning machine=0050 status=complete
2026-10-05 07:34:46,561 INFO morning machine=0050 delay_seconds=5.800
2026-10-05 07:34:56,828 INFO morning machine=0051 status=complete
2026-10-05 07:34:56,828 INFO morning machine=0051 delay_seconds=7.230
2026-10-05 07:35:08,494 INFO morning machine=0052 status=complete
2026-10-05 07:35:08,494 INFO morning machine=0052 delay_seconds=5.690
2026-10-05 07:35:18,650 INFO morning machine=0053 status=complete
2026-10-05 07:35:18,650 INFO morning machine=0053 delay_seconds=6.947
2026-10-05 07:35:30,077 INFO morning machine=0054 status=complete
2026-10-05 07:35:30,077 INFO morning machine=0054 delay_seconds=7.224
2026-10-05 07:35:41,811 INFO morning machine=0055 status=complete
2026-10-05 07:35:41,811 INFO morning machine=0055 delay_seconds=6.216
2026-10-05 07:35:52,719 INFO morning machine=0056 status=complete
2026-10-05 07:35:52,719 INFO morning machine=0056 delay_seconds=6.658
2026-10-05 07:36:03,844 INFO morning machine=0057 status=complete
2026-10-05 07:36:03,844 INFO morning machine=0057 delay_seconds=7.254
2026-10-05 07:36:15,752 INFO morning machine=0058 status=complete
2026-10-05 07:36:15,752 INFO morning machine=0058 delay_seconds=5.277
2026-10-05 07:36:25,460 INFO morning machine=0059 status=complete
2026-10-05 07:36:25,460 INFO morning machine=0059 delay_seconds=5.006
2026-10-05 07:36:34,960 INFO morning machine=0060 status=complete
2026-10-05 07:36:34,960 INFO morning machine=0060 delay_seconds=6.321
2026-10-05 07:36:45,760 INFO morning machine=0061 status=complete
2026-10-05 07:36:45,760 INFO morning machine=0061 delay_seconds=7.886
2026-10-05 07:36:59,609 INFO morning machine=0062 status=complete
2026-10-05 07:36:59,609 INFO morning machine=0062 delay_seconds=6.696
2026-10-05 07:37:06,309 INFO morning batch_pause start completed=35 pause_seconds=600
2026-10-05 07:47:06,313 INFO morning batch_pause end completed=35
2026-10-05 07:47:10,852 INFO morning machine=0063 status=complete
2026-10-05 07:47:10,852 INFO morning machine=0063 delay_seconds=6.242
2026-10-05 07:47:23,106 INFO morning machine=0064 status=complete
2026-10-05 07:47:23,106 INFO morning machine=0064 delay_seconds=7.146
2026-10-05 07:47:36,252 INFO morning machine=0065 status=complete
2026-10-05 07:47:36,252 INFO morning machine=0065 delay_seconds=5.517
2026-10-05 07:47:46,219 INFO morning machine=0066 status=complete
2026-10-05 07:47:46,219 INFO morning machine=0066 delay_seconds=6.818
2026-10-05 07:47:59,102 INFO morning machine=0067 status=complete
2026-10-05 07:47:59,102 INFO morning machine=0067 delay_seconds=5.864
2026-10-05 07:48:10,968 INFO morning machine=0068 status=complete
2026-10-05 07:48:10,968 INFO morning machine=0068 delay_seconds=5.997
2026-10-05 07:48:21,435 INFO morning machine=0069 status=complete
2026-10-05 07:48:21,435 INFO morning machine=0069 delay_seconds=5.222
2026-10-05 07:48:31,085 INFO morning machine=0070 status=complete
2026-10-05 07:48:31,085 INFO morning machine=0070 delay_seconds=5.585
2026-10-05 07:48:41,101 INFO morning machine=0071 status=complete
2026-10-05 07:48:41,101 INFO morning machine=0071 delay_seconds=5.157
2026-10-05 07:48:50,719 INFO morning machine=0072 status=complete
2026-10-05 07:48:50,719 INFO morning machine=0072 delay_seconds=5.701
2026-10-05 07:49:00,868 INFO morning machine=0073 status=complete
2026-10-05 07:49:00,868 INFO morning machine=0073 delay_seconds=6.343
2026-10-05 07:49:11,653 INFO morning machine=0074 status=complete
2026-10-05 07:49:11,653 INFO morning machine=0074 delay_seconds=7.826
2026-10-05 07:49:23,901 INFO morning machine=0075 status=complete
2026-10-05 07:49:23,901 INFO morning machine=0075 delay_seconds=6.534
2026-10-05 07:49:34,918 INFO morning machine=0076 status=complete
2026-10-05 07:49:34,918 INFO morning machine=0076 delay_seconds=7.550
2026-10-05 07:49:48,503 INFO morning machine=0077 status=complete
2026-10-05 07:49:48,503 INFO morning machine=0077 delay_seconds=6.366
2026-10-05 07:49:59,367 INFO morning machine=0118 status=complete
2026-10-05 07:49:59,367 INFO morning machine=0118 delay_seconds=6.069
2026-10-05 07:50:09,867 INFO morning machine=0119 status=complete
2026-10-05 07:50:09,867 INFO morning machine=0119 delay_seconds=5.490
2026-10-05 07:50:19,835 INFO morning machine=0120 status=complete
2026-10-05 07:50:19,835 INFO morning machine=0120 delay_seconds=6.392
2026-10-05 07:50:30,684 INFO morning machine=0121 status=complete
2026-10-05 07:50:30,684 INFO morning machine=0121 delay_seconds=7.663
2026-10-05 07:50:42,785 INFO morning machine=0148 status=complete
2026-10-05 07:50:42,786 INFO morning machine=0148 delay_seconds=6.672
2026-10-05 07:50:53,883 INFO morning machine=0149 status=complete
2026-10-05 07:50:53,883 INFO morning machine=0149 delay_seconds=7.507
2026-10-05 07:51:07,383 INFO morning machine=0150 status=complete
2026-10-05 07:51:07,383 INFO morning machine=0150 delay_seconds=5.706
2026-10-05 07:51:17,752 INFO morning machine=0151 status=complete
2026-10-05 07:51:17,752 INFO morning machine=0151 delay_seconds=7.026
2026-10-05 07:51:30,800 INFO morning machine=0152 status=complete
2026-10-05 07:51:30,800 INFO morning machine=0152 delay_seconds=5.256
2026-10-05 07:51:40,483 INFO morning machine=0153 status=complete
2026-10-05 07:51:40,483 INFO morning machine=0153 delay_seconds=5.884
2026-10-05 07:51:51,008 INFO morning machine=0154 status=complete
2026-10-05 07:51:51,008 INFO morning machine=0154 delay_seconds=5.807
2026-10-05 07:52:01,249 INFO morning machine=0155 status=complete
2026-10-05 07:52:01,249 INFO morning machine=0155 delay_seconds=6.316
2026-10-05 07:52:12,209 INFO morning machine=0156 status=complete
2026-10-05 07:52:12,209 INFO morning machine=0156 delay_seconds=7.968
2026-10-05 07:52:24,619 INFO morning machine=0157 status=complete
2026-10-05 07:52:24,619 INFO morning machine=0157 delay_seconds=5.317
2026-10-05 07:52:35,932 INFO morning machine=0158 status=complete
2026-10-05 07:52:35,932 INFO morning machine=0158 delay_seconds=7.685
2026-10-05 07:52:48,082 INFO morning machine=0159 status=complete
2026-10-05 07:52:48,103 INFO manifest=C:\kota\pachi_analysis\data\local_capture\20261004\morning\manifest.json status=complete
