2026-09-28 05:14:22,720 INFO morning machine=0008 status=complete
2026-09-28 05:14:22,720 INFO morning machine=0008 delay_seconds=5.693
2026-09-28 05:14:33,134 INFO morning machine=0009 status=complete
2026-09-28 05:14:33,134 INFO morning machine=0009 delay_seconds=5.112
2026-09-28 05:14:42,904 INFO morning machine=0010 status=complete
2026-09-28 05:14:42,904 INFO morning machine=0010 delay_seconds=7.047
2026-09-28 05:14:54,684 INFO morning machine=0011 status=complete
2026-09-28 05:14:54,684 INFO morning machine=0011 delay_seconds=7.104
2026-09-28 05:15:08,016 INFO morning machine=0012 status=complete
2026-09-28 05:15:08,016 INFO morning machine=0012 delay_seconds=6.866
2026-09-28 05:15:19,391 INFO morning machine=0018 status=complete
2026-09-28 05:15:19,391 INFO morning machine=0018 delay_seconds=7.977
2026-09-28 05:15:31,874 INFO morning machine=0019 status=complete
2026-09-28 05:15:31,874 INFO morning machine=0019 delay_seconds=5.501
2026-09-28 05:15:41,841 INFO morning machine=0035 status=complete
2026-09-28 05:15:41,841 INFO morning machine=0035 delay_seconds=6.588
2026-09-28 05:15:53,199 INFO morning machine=0036 status=complete
2026-09-28 05:15:53,199 INFO morning machine=0036 delay_seconds=6.394
2026-09-28 05:16:04,107 INFO morning machine=0037 status=complete
2026-09-28 05:16:04,107 INFO morning machine=0037 delay_seconds=7.629
2026-09-28 05:16:16,483 INFO morning machine=0038 status=complete
2026-09-28 05:16:16,483 INFO morning machine=0038 delay_seconds=7.985
2026-09-28 05:16:28,940 INFO morning machine=0039 status=complete
2026-09-28 05:16:28,940 INFO morning machine=0039 delay_seconds=5.790
2026-09-28 05:16:39,390 INFO morning machine=0040 status=complete
2026-09-28 05:16:39,390 INFO morning machine=0040 delay_seconds=5.001
2026-09-28 05:16:49,100 INFO morning machine=0041 status=complete
2026-09-28 05:16:49,100 INFO morning machine=0041 delay_seconds=7.096
2026-09-28 05:17:00,723 INFO morning machine=0042 status=complete
2026-09-28 05:17:00,723 INFO morning machine=0042 delay_seconds=5.952
2026-09-28 05:17:11,173 INFO morning machine=0043 status=complete
2026-09-28 05:17:11,173 INFO morning machine=0043 delay_seconds=7.977
2026-09-28 05:17:23,656 INFO morning machine=0044 status=complete
2026-09-28 05:17:23,656 INFO morning machine=0044 delay_seconds=5.175
2026-09-28 05:17:34,844 INFO morning machine=0045 status=complete
2026-09-28 05:17:34,844 INFO morning machine=0045 delay_seconds=7.102
2026-09-28 05:17:46,406 INFO morning machine=0046 status=complete
2026-09-28 05:17:46,406 INFO morning machine=0046 delay_seconds=5.564
2026-09-28 05:17:57,922 INFO morning machine=0047 status=complete
2026-09-28 05:17:57,922 INFO morning machine=0047 delay_seconds=5.887
2026-09-28 05:18:08,322 INFO morning machine=0048 status=complete
2026-09-28 05:18:08,322 INFO morning machine=0048 delay_seconds=5.627
2026-09-28 05:18:25,572 INFO morning machine=0049 status=complete
2026-09-28 05:18:25,572 INFO morning machine=0049 delay_seconds=5.982
2026-09-28 05:18:39,864 INFO morning machine=0050 status=complete
2026-09-28 05:18:39,864 INFO morning machine=0050 delay_seconds=7.067
2026-09-28 05:18:53,271 INFO morning machine=0051 status=complete
2026-09-28 05:18:53,271 INFO morning machine=0051 delay_seconds=5.828
2026-09-28 05:19:06,338 INFO morning machine=0052 status=complete
2026-09-28 05:19:06,338 INFO morning machine=0052 delay_seconds=7.562
2026-09-28 05:19:19,904 INFO morning machine=0053 status=complete
2026-09-28 05:19:19,904 INFO morning machine=0053 delay_seconds=7.531
2026-09-28 05:19:34,238 INFO morning machine=0054 status=complete
2026-09-28 05:19:34,238 INFO morning machine=0054 delay_seconds=7.761
2026-09-28 05:19:53,597 INFO morning machine=0055 status=complete
2026-09-28 05:19:53,597 INFO morning machine=0055 delay_seconds=6.418
2026-09-28 05:20:05,504 INFO morning machine=0056 status=complete
2026-09-28 05:20:05,504 INFO morning machine=0056 delay_seconds=7.137
2026-09-28 05:20:18,672 INFO morning machine=0057 status=complete
2026-09-28 05:20:18,672 INFO morning machine=0057 delay_seconds=7.960
2026-09-28 05:20:37,120 INFO morning machine=0058 status=complete
2026-09-28 05:20:37,120 INFO morning machine=0058 delay_seconds=6.951
2026-09-28 05:20:51,770 INFO morning machine=0059 status=complete
2026-09-28 05:20:51,770 INFO morning machine=0059 delay_seconds=6.129
2026-09-28 05:21:07,058 INFO morning machine=0060 status=complete
2026-09-28 05:21:07,058 INFO morning machine=0060 delay_seconds=7.255
2026-09-28 05:21:20,336 INFO morning machine=0061 status=complete
2026-09-28 05:21:20,336 INFO morning machine=0061 delay_seconds=7.266
2026-09-28 05:21:32,353 INFO morning machine=0062 status=complete
2026-09-28 05:21:32,353 INFO morning machine=0062 delay_seconds=6.875
2026-09-28 05:21:39,218 INFO morning batch_pause start completed=35 pause_seconds=600
2026-09-28 05:31:39,231 INFO morning batch_pause end completed=35
2026-09-28 05:31:48,280 ERROR morning machine=0063 attempt=1 failed
Traceback (most recent call last):
  File "C:\kota\pachi_analysis\tools\pscube_cdp_morning_capture.py", line 126, in main
    result = capture_today(page, machine, args.date, out, abort_checker=esc_pressed, rate_limit_checker=raise_if_rate_limited)
             ^^^^^^^^^^^^^^^^^^^^^^^^^^^^^^^^^^^^^^^^^^^^^^^^^^^^^^^^^^^^^^^^^^^^^^^^^^^^^^^^^^^^^^^^^^^^^^^^^^^^^^^^^^^^^^^^^
  File "C:\kota\pachi_analysis\tools\pscube_cdp_capture_common.py", line 594, in capture_today
    raise RuntimeError(f"#CHART-{date} svg not found")
RuntimeError: #CHART-20260927 svg not found
2026-09-28 05:31:57,654 INFO morning machine=0063 status=complete
2026-09-28 05:31:57,654 INFO morning machine=0063 delay_seconds=7.125
2026-09-28 05:32:10,894 INFO morning machine=0064 status=complete
2026-09-28 05:32:10,894 INFO morning machine=0064 delay_seconds=5.152
2026-09-28 05:32:24,178 INFO morning machine=0065 status=complete
2026-09-28 05:32:24,178 INFO morning machine=0065 delay_seconds=5.224
2026-09-28 05:32:37,644 INFO morning machine=0066 status=complete
2026-09-28 05:32:37,644 INFO morning machine=0066 delay_seconds=7.428
2026-09-28 05:32:54,511 INFO morning machine=0067 status=complete
2026-09-28 05:32:54,511 INFO morning machine=0067 delay_seconds=5.531
2026-09-28 05:33:06,077 INFO morning machine=0068 status=complete
2026-09-28 05:33:06,077 INFO morning machine=0068 delay_seconds=7.531
2026-09-28 05:33:18,094 INFO morning machine=0069 status=complete
2026-09-28 05:33:18,094 INFO morning machine=0069 delay_seconds=7.488
2026-09-28 05:33:35,543 INFO morning machine=0070 status=complete
2026-09-28 05:33:35,543 INFO morning machine=0070 delay_seconds=7.706
2026-09-28 05:33:52,726 INFO morning machine=0071 status=complete
2026-09-28 05:33:52,726 INFO morning machine=0071 delay_seconds=7.065
2026-09-28 05:34:09,626 INFO morning machine=0072 status=complete
2026-09-28 05:34:09,626 INFO morning machine=0072 delay_seconds=5.880
2026-09-28 05:34:20,593 INFO morning machine=0073 status=complete
2026-09-28 05:34:20,593 INFO morning machine=0073 delay_seconds=7.937
2026-09-28 05:34:36,092 INFO morning machine=0074 status=complete
2026-09-28 05:34:36,092 INFO morning machine=0074 delay_seconds=6.892
2026-09-28 05:34:51,009 INFO morning machine=0075 status=complete
2026-09-28 05:34:51,009 INFO morning machine=0075 delay_seconds=5.924
2026-09-28 05:35:04,642 INFO morning machine=0076 status=complete
2026-09-28 05:35:04,642 INFO morning machine=0076 delay_seconds=5.484
2026-09-28 05:35:17,442 INFO morning machine=0077 status=complete
2026-09-28 05:35:17,442 INFO morning machine=0077 delay_seconds=5.771
2026-09-28 05:35:29,241 INFO morning machine=0118 status=complete
2026-09-28 05:35:29,241 INFO morning machine=0118 delay_seconds=7.095
2026-09-28 05:35:44,042 INFO morning machine=0119 status=complete
2026-09-28 05:35:44,042 INFO morning machine=0119 delay_seconds=6.529
2026-09-28 05:36:02,675 INFO morning machine=0120 status=complete
2026-09-28 05:36:02,675 INFO morning machine=0120 delay_seconds=6.719
2026-09-28 05:36:16,208 INFO morning machine=0121 status=complete
2026-09-28 05:36:16,208 INFO morning machine=0121 delay_seconds=6.484
2026-09-28 05:36:30,449 INFO morning machine=0148 status=complete
2026-09-28 05:36:30,449 INFO morning machine=0148 delay_seconds=5.015
2026-09-28 05:36:47,208 INFO morning machine=0149 status=complete
2026-09-28 05:36:47,208 INFO morning machine=0149 delay_seconds=5.541
2026-09-28 05:37:02,924 INFO morning machine=0150 status=complete
2026-09-28 05:37:02,924 INFO morning machine=0150 delay_seconds=6.281
2026-09-28 05:37:18,457 INFO morning machine=0151 status=complete
2026-09-28 05:37:18,457 INFO morning machine=0151 delay_seconds=7.925
2026-09-28 05:37:38,540 INFO morning machine=0152 status=complete
2026-09-28 05:37:38,540 INFO morning machine=0152 delay_seconds=6.275
2026-09-28 05:37:52,539 INFO morning machine=0153 status=complete
2026-09-28 05:37:52,540 INFO morning machine=0153 delay_seconds=7.371
2026-09-28 05:38:10,157 INFO morning machine=0154 status=complete
2026-09-28 05:38:10,157 INFO morning machine=0154 delay_seconds=5.811
2026-09-28 05:38:21,990 INFO morning machine=0155 status=complete
2026-09-28 05:38:21,990 INFO morning machine=0155 delay_seconds=6.986
2026-09-28 05:38:39,639 INFO morning machine=0156 status=complete
2026-09-28 05:38:39,639 INFO morning machine=0156 delay_seconds=5.611
2026-09-28 05:38:51,267 INFO morning machine=0157 status=complete
2026-09-28 05:38:51,267 INFO morning machine=0157 delay_seconds=5.218
2026-09-28 05:39:01,039 INFO morning machine=0158 status=complete
2026-09-28 05:39:01,039 INFO morning machine=0158 delay_seconds=5.731
2026-09-28 05:39:14,405 INFO morning machine=0159 status=complete
2026-09-28 05:39:14,431 INFO manifest=C:\kota\pachi_analysis\data\local_capture\20260927\morning\manifest.json status=complete
