2026-10-02 05:20:05,348 INFO morning machine=0008 status=complete
2026-10-02 05:20:05,348 INFO morning machine=0008 delay_seconds=6.023
2026-10-02 05:20:16,078 INFO morning machine=0009 status=complete
2026-10-02 05:20:16,078 INFO morning machine=0009 delay_seconds=5.489
2026-10-02 05:20:26,247 INFO morning machine=0010 status=complete
2026-10-02 05:20:26,247 INFO morning machine=0010 delay_seconds=5.572
2026-10-02 05:20:37,995 INFO morning machine=0011 status=complete
2026-10-02 05:20:37,995 INFO morning machine=0011 delay_seconds=7.157
2026-10-02 05:20:49,657 INFO morning machine=0012 status=complete
2026-10-02 05:20:49,657 INFO morning machine=0012 delay_seconds=5.272
2026-10-02 05:20:59,386 INFO morning machine=0018 status=complete
2026-10-02 05:20:59,386 INFO morning machine=0018 delay_seconds=6.960
2026-10-02 05:21:12,376 INFO morning machine=0019 status=complete
2026-10-02 05:21:12,376 INFO morning machine=0019 delay_seconds=5.323
2026-10-02 05:21:22,411 INFO morning machine=0035 status=complete
2026-10-02 05:21:22,411 INFO morning machine=0035 delay_seconds=7.444
2026-10-02 05:21:34,285 INFO morning machine=0036 status=complete
2026-10-02 05:21:34,285 INFO morning machine=0036 delay_seconds=7.600
2026-10-02 05:21:46,813 INFO morning machine=0037 status=complete
2026-10-02 05:21:46,813 INFO morning machine=0037 delay_seconds=6.460
2026-10-02 05:21:57,977 INFO morning machine=0038 status=complete
2026-10-02 05:21:57,977 INFO morning machine=0038 delay_seconds=7.454
2026-10-02 05:22:09,851 INFO morning machine=0039 status=complete
2026-10-02 05:22:09,851 INFO morning machine=0039 delay_seconds=6.983
2026-10-02 05:22:21,285 INFO morning machine=0040 status=complete
2026-10-02 05:22:21,285 INFO morning machine=0040 delay_seconds=5.096
2026-10-02 05:22:30,868 INFO morning machine=0041 status=complete
2026-10-02 05:22:30,868 INFO morning machine=0041 delay_seconds=7.627
2026-10-02 05:22:44,471 INFO morning machine=0042 status=complete
2026-10-02 05:22:44,471 INFO morning machine=0042 delay_seconds=6.599
2026-10-02 05:22:55,534 INFO morning machine=0043 status=complete
2026-10-02 05:22:55,534 INFO morning machine=0043 delay_seconds=5.657
2026-10-02 05:23:05,718 INFO morning machine=0044 status=complete
2026-10-02 05:23:05,718 INFO morning machine=0044 delay_seconds=5.871
2026-10-02 05:23:16,101 INFO morning machine=0045 status=complete
2026-10-02 05:23:16,101 INFO morning machine=0045 delay_seconds=6.983
2026-10-02 05:23:27,567 INFO morning machine=0046 status=complete
2026-10-02 05:23:27,567 INFO morning machine=0046 delay_seconds=6.278
2026-10-02 05:23:38,267 INFO morning machine=0047 status=complete
2026-10-02 05:23:38,267 INFO morning machine=0047 delay_seconds=5.922
2026-10-02 05:23:50,217 INFO morning machine=0048 status=complete
2026-10-02 05:23:50,217 INFO morning machine=0048 delay_seconds=6.965
2026-10-02 05:24:01,633 INFO morning machine=0049 status=complete
2026-10-02 05:24:01,633 INFO morning machine=0049 delay_seconds=6.490
2026-10-02 05:24:12,794 INFO morning machine=0050 status=complete
2026-10-02 05:24:12,794 INFO morning machine=0050 delay_seconds=6.031
2026-10-02 05:24:23,283 INFO morning machine=0051 status=complete
2026-10-02 05:24:23,283 INFO morning machine=0051 delay_seconds=5.284
2026-10-02 05:24:34,607 INFO morning machine=0052 status=complete
2026-10-02 05:24:34,607 INFO morning machine=0052 delay_seconds=6.224
2026-10-02 05:24:45,283 INFO morning machine=0053 status=complete
2026-10-02 05:24:45,283 INFO morning machine=0053 delay_seconds=6.994
2026-10-02 05:24:56,766 INFO morning machine=0054 status=complete
2026-10-02 05:24:56,766 INFO morning machine=0054 delay_seconds=7.326
2026-10-02 05:25:08,549 INFO morning machine=0055 status=complete
2026-10-02 05:25:08,549 INFO morning machine=0055 delay_seconds=7.646
2026-10-02 05:25:20,683 INFO morning machine=0056 status=complete
2026-10-02 05:25:20,683 INFO morning machine=0056 delay_seconds=7.554
2026-10-02 05:25:32,682 INFO morning machine=0057 status=complete
2026-10-02 05:25:32,682 INFO morning machine=0057 delay_seconds=5.299
2026-10-02 05:25:42,659 INFO morning machine=0058 status=complete
2026-10-02 05:25:42,659 INFO morning machine=0058 delay_seconds=5.399
2026-10-02 05:25:52,499 INFO morning machine=0059 status=complete
2026-10-02 05:25:52,499 INFO morning machine=0059 delay_seconds=5.474
2026-10-02 05:26:02,482 INFO morning machine=0060 status=complete
2026-10-02 05:26:02,482 INFO morning machine=0060 delay_seconds=5.466
2026-10-02 05:26:12,399 INFO morning machine=0061 status=complete
2026-10-02 05:26:12,399 INFO morning machine=0061 delay_seconds=7.888
2026-10-02 05:26:24,782 INFO morning machine=0062 status=complete
2026-10-02 05:26:24,782 INFO morning machine=0062 delay_seconds=6.786
2026-10-02 05:26:31,578 INFO morning batch_pause start completed=35 pause_seconds=600
2026-10-02 05:36:31,578 INFO morning batch_pause end completed=35
2026-10-02 05:36:36,401 INFO morning machine=0063 status=complete
2026-10-02 05:36:36,401 INFO morning machine=0063 delay_seconds=7.596
2026-10-02 05:36:50,024 INFO morning machine=0064 status=complete
2026-10-02 05:36:50,024 INFO morning machine=0064 delay_seconds=7.741
2026-10-02 05:37:02,207 INFO morning machine=0065 status=complete
2026-10-02 05:37:02,207 INFO morning machine=0065 delay_seconds=5.040
2026-10-02 05:37:13,241 INFO morning machine=0066 status=complete
2026-10-02 05:37:13,241 INFO morning machine=0066 delay_seconds=7.595
2026-10-02 05:37:26,865 INFO morning machine=0067 status=complete
2026-10-02 05:37:26,865 INFO morning machine=0067 delay_seconds=7.818
2026-10-02 05:37:39,448 INFO morning machine=0068 status=complete
2026-10-02 05:37:39,448 INFO morning machine=0068 delay_seconds=7.245
2026-10-02 05:37:51,174 INFO morning machine=0069 status=complete
2026-10-02 05:37:51,174 INFO morning machine=0069 delay_seconds=5.534
2026-10-02 05:38:01,173 INFO morning machine=0070 status=complete
2026-10-02 05:38:01,173 INFO morning machine=0070 delay_seconds=7.948
2026-10-02 05:38:15,141 INFO morning machine=0071 status=complete
2026-10-02 05:38:15,141 INFO morning machine=0071 delay_seconds=6.183
2026-10-02 05:38:27,499 INFO morning machine=0072 status=complete
2026-10-02 05:38:27,499 INFO morning machine=0072 delay_seconds=7.850
2026-10-02 05:38:41,340 INFO morning machine=0073 status=complete
2026-10-02 05:38:41,340 INFO morning machine=0073 delay_seconds=7.499
2026-10-02 05:38:53,306 INFO morning machine=0074 status=complete
2026-10-02 05:38:53,306 INFO morning machine=0074 delay_seconds=5.166
2026-10-02 05:39:03,164 INFO morning machine=0075 status=complete
2026-10-02 05:39:03,164 INFO morning machine=0075 delay_seconds=6.926
2026-10-02 05:39:14,556 INFO morning machine=0076 status=complete
2026-10-02 05:39:14,556 INFO morning machine=0076 delay_seconds=6.938
2026-10-02 05:39:27,506 INFO morning machine=0077 status=complete
2026-10-02 05:39:27,506 INFO morning machine=0077 delay_seconds=5.986
2026-10-02 05:39:39,506 INFO morning machine=0118 status=complete
2026-10-02 05:39:39,506 INFO morning machine=0118 delay_seconds=5.525
2026-10-02 05:39:49,505 INFO morning machine=0119 status=complete
2026-10-02 05:39:49,505 INFO morning machine=0119 delay_seconds=6.888
2026-10-02 05:40:00,839 INFO morning machine=0120 status=complete
2026-10-02 05:40:00,839 INFO morning machine=0120 delay_seconds=7.685
2026-10-02 05:40:12,972 INFO morning machine=0121 status=complete
2026-10-02 05:40:12,972 INFO morning machine=0121 delay_seconds=5.159
2026-10-02 05:40:22,605 INFO morning machine=0148 status=complete
2026-10-02 05:40:22,605 INFO morning machine=0148 delay_seconds=5.678
2026-10-02 05:40:32,755 INFO morning machine=0149 status=complete
2026-10-02 05:40:32,755 INFO morning machine=0149 delay_seconds=7.909
2026-10-02 05:40:46,694 INFO morning machine=0150 status=complete
2026-10-02 05:40:46,694 INFO morning machine=0150 delay_seconds=5.855
2026-10-02 05:40:57,038 INFO morning machine=0151 status=complete
2026-10-02 05:40:57,038 INFO morning machine=0151 delay_seconds=6.379
2026-10-02 05:41:09,405 INFO morning machine=0152 status=complete
2026-10-02 05:41:09,405 INFO morning machine=0152 delay_seconds=7.950
2026-10-02 05:41:21,821 INFO morning machine=0153 status=complete
2026-10-02 05:41:21,821 INFO morning machine=0153 delay_seconds=7.784
2026-10-02 05:41:34,071 INFO morning machine=0154 status=complete
2026-10-02 05:41:34,071 INFO morning machine=0154 delay_seconds=7.987
2026-10-02 05:41:46,487 INFO morning machine=0155 status=complete
2026-10-02 05:41:46,487 INFO morning machine=0155 delay_seconds=6.968
2026-10-02 05:41:57,954 INFO morning machine=0156 status=complete
2026-10-02 05:41:57,954 INFO morning machine=0156 delay_seconds=6.261
2026-10-02 05:42:10,428 INFO morning machine=0157 status=complete
2026-10-02 05:42:10,428 INFO morning machine=0157 delay_seconds=5.483
2026-10-02 05:42:20,387 INFO morning machine=0158 status=complete
2026-10-02 05:42:20,387 INFO morning machine=0158 delay_seconds=6.728
2026-10-02 05:42:31,604 INFO morning machine=0159 status=complete
2026-10-02 05:42:31,625 INFO manifest=C:\kota\pachi_analysis\data\local_capture\20261001\morning\manifest.json status=complete
