2026-10-07 06:57:14,671 INFO morning machine=0008 status=complete
2026-10-07 06:57:14,672 INFO morning machine=0008 delay_seconds=6.551
2026-10-07 06:57:28,613 INFO morning machine=0009 status=complete
2026-10-07 06:57:28,613 INFO morning machine=0009 delay_seconds=6.894
2026-10-07 06:57:45,785 INFO morning machine=0010 status=complete
2026-10-07 06:57:45,785 INFO morning machine=0010 delay_seconds=6.209
2026-10-07 06:57:59,944 INFO morning machine=0011 status=complete
2026-10-07 06:57:59,944 INFO morning machine=0011 delay_seconds=7.785
2026-10-07 06:58:15,611 INFO morning machine=0012 status=complete
2026-10-07 06:58:15,611 INFO morning machine=0012 delay_seconds=5.919
2026-10-07 06:58:30,610 INFO morning machine=0018 status=complete
2026-10-07 06:58:30,610 INFO morning machine=0018 delay_seconds=5.666
2026-10-07 06:58:44,330 INFO morning machine=0019 status=complete
2026-10-07 06:58:44,330 INFO morning machine=0019 delay_seconds=7.306
2026-10-07 06:58:57,650 INFO morning machine=0035 status=complete
2026-10-07 06:58:57,650 INFO morning machine=0035 delay_seconds=7.187
2026-10-07 06:59:09,950 INFO morning machine=0036 status=complete
2026-10-07 06:59:09,950 INFO morning machine=0036 delay_seconds=5.140
2026-10-07 06:59:19,864 INFO morning machine=0037 status=complete
2026-10-07 06:59:19,864 INFO morning machine=0037 delay_seconds=6.529
2026-10-07 06:59:32,921 INFO morning machine=0038 status=complete
2026-10-07 06:59:32,921 INFO morning machine=0038 delay_seconds=6.688
2026-10-07 06:59:45,715 INFO morning machine=0039 status=complete
2026-10-07 06:59:45,715 INFO morning machine=0039 delay_seconds=7.732
2026-10-07 06:59:57,988 INFO morning machine=0040 status=complete
2026-10-07 06:59:57,988 INFO morning machine=0040 delay_seconds=6.098
2026-10-07 07:00:08,688 INFO morning machine=0041 status=complete
2026-10-07 07:00:08,688 INFO morning machine=0041 delay_seconds=6.739
2026-10-07 07:00:20,071 INFO morning machine=0042 status=complete
2026-10-07 07:00:20,071 INFO morning machine=0042 delay_seconds=5.059
2026-10-07 07:00:31,195 INFO morning machine=0043 status=complete
2026-10-07 07:00:31,195 INFO morning machine=0043 delay_seconds=7.312
2026-10-07 07:00:43,038 INFO morning machine=0044 status=complete
2026-10-07 07:00:43,053 INFO morning machine=0044 delay_seconds=5.942
2026-10-07 07:00:55,036 INFO morning machine=0045 status=complete
2026-10-07 07:00:55,036 INFO morning machine=0045 delay_seconds=7.034
2026-10-07 07:01:08,084 INFO morning machine=0046 status=complete
2026-10-07 07:01:08,084 INFO morning machine=0046 delay_seconds=6.459
2026-10-07 07:01:20,746 INFO morning machine=0047 status=complete
2026-10-07 07:01:20,746 INFO morning machine=0047 delay_seconds=6.195
2026-10-07 07:01:31,454 INFO morning machine=0048 status=complete
2026-10-07 07:01:31,454 INFO morning machine=0048 delay_seconds=6.510
2026-10-07 07:01:42,453 INFO morning machine=0049 status=complete
2026-10-07 07:01:42,453 INFO morning machine=0049 delay_seconds=7.718
2026-10-07 07:01:54,670 INFO morning machine=0050 status=complete
2026-10-07 07:01:54,670 INFO morning machine=0050 delay_seconds=5.431
2026-10-07 07:02:06,120 INFO morning machine=0051 status=complete
2026-10-07 07:02:06,120 INFO morning machine=0051 delay_seconds=5.895
2026-10-07 07:02:16,520 INFO morning machine=0052 status=complete
2026-10-07 07:02:16,520 INFO morning machine=0052 delay_seconds=5.767
2026-10-07 07:02:26,778 INFO morning machine=0053 status=complete
2026-10-07 07:02:26,778 INFO morning machine=0053 delay_seconds=5.197
2026-10-07 07:02:36,679 INFO morning machine=0054 status=complete
2026-10-07 07:02:36,679 INFO morning machine=0054 delay_seconds=5.261
2026-10-07 07:02:47,926 INFO morning machine=0055 status=complete
2026-10-07 07:02:47,926 INFO morning machine=0055 delay_seconds=7.659
2026-10-07 07:03:00,278 INFO morning machine=0056 status=complete
2026-10-07 07:03:00,278 INFO morning machine=0056 delay_seconds=5.004
2026-10-07 07:03:09,802 INFO morning machine=0057 status=complete
2026-10-07 07:03:09,802 INFO morning machine=0057 delay_seconds=5.037
2026-10-07 07:03:20,886 INFO morning machine=0058 status=complete
2026-10-07 07:03:20,886 INFO morning machine=0058 delay_seconds=6.017
2026-10-07 07:03:31,388 INFO morning machine=0059 status=complete
2026-10-07 07:03:31,388 INFO morning machine=0059 delay_seconds=7.757
2026-10-07 07:03:43,685 INFO morning machine=0060 status=complete
2026-10-07 07:03:43,685 INFO morning machine=0060 delay_seconds=5.535
2026-10-07 07:03:55,460 INFO morning machine=0061 status=complete
2026-10-07 07:03:55,460 INFO morning machine=0061 delay_seconds=7.641
2026-10-07 07:04:09,119 INFO morning machine=0062 status=complete
2026-10-07 07:04:09,119 INFO morning machine=0062 delay_seconds=6.180
2026-10-07 07:04:15,292 INFO morning batch_pause start completed=35 pause_seconds=600
2026-10-07 07:14:15,299 INFO morning batch_pause end completed=35
2026-10-07 07:14:19,870 INFO morning machine=0063 status=complete
2026-10-07 07:14:19,870 INFO morning machine=0063 delay_seconds=7.793
2026-10-07 07:14:33,714 INFO morning machine=0064 status=complete
2026-10-07 07:14:33,715 INFO morning machine=0064 delay_seconds=5.135
2026-10-07 07:14:43,395 INFO morning machine=0065 status=complete
2026-10-07 07:14:43,395 INFO morning machine=0065 delay_seconds=6.579
2026-10-07 07:14:55,961 INFO morning machine=0066 status=complete
2026-10-07 07:14:55,961 INFO morning machine=0066 delay_seconds=7.563
2026-10-07 07:15:08,061 INFO morning machine=0067 status=complete
2026-10-07 07:15:08,061 INFO morning machine=0067 delay_seconds=7.396
2026-10-07 07:15:19,960 INFO morning machine=0068 status=complete
2026-10-07 07:15:19,960 INFO morning machine=0068 delay_seconds=5.555
2026-10-07 07:15:29,994 INFO morning machine=0069 status=complete
2026-10-07 07:15:29,994 INFO morning machine=0069 delay_seconds=6.787
2026-10-07 07:15:41,260 INFO morning machine=0070 status=complete
2026-10-07 07:15:41,260 INFO morning machine=0070 delay_seconds=6.090
2026-10-07 07:15:51,827 INFO morning machine=0071 status=complete
2026-10-07 07:15:51,827 INFO morning machine=0071 delay_seconds=7.076
2026-10-07 07:16:03,377 INFO morning machine=0072 status=complete
2026-10-07 07:16:03,377 INFO morning machine=0072 delay_seconds=7.877
2026-10-07 07:16:15,743 INFO morning machine=0073 status=complete
2026-10-07 07:16:15,743 INFO morning machine=0073 delay_seconds=7.496
2026-10-07 07:16:27,726 INFO morning machine=0074 status=complete
2026-10-07 07:16:27,726 INFO morning machine=0074 delay_seconds=5.120
2026-10-07 07:16:38,910 INFO morning machine=0075 status=complete
2026-10-07 07:16:38,910 INFO morning machine=0075 delay_seconds=7.481
2026-10-07 07:16:50,876 INFO morning machine=0076 status=complete
2026-10-07 07:16:50,876 INFO morning machine=0076 delay_seconds=5.890
2026-10-07 07:17:01,259 INFO morning machine=0077 status=complete
2026-10-07 07:17:01,259 INFO morning machine=0077 delay_seconds=7.028
2026-10-07 07:17:14,401 INFO morning machine=0118 status=complete
2026-10-07 07:17:14,401 INFO morning machine=0118 delay_seconds=6.927
2026-10-07 07:17:27,359 INFO morning machine=0119 status=complete
2026-10-07 07:17:27,359 INFO morning machine=0119 delay_seconds=5.676
2026-10-07 07:17:37,785 INFO morning machine=0120 status=complete
2026-10-07 07:17:37,785 INFO morning machine=0120 delay_seconds=5.926
2026-10-07 07:17:48,471 INFO morning machine=0121 status=complete
2026-10-07 07:17:48,471 INFO morning machine=0121 delay_seconds=6.027
2026-10-07 07:17:59,025 INFO morning machine=0148 status=complete
2026-10-07 07:17:59,025 INFO morning machine=0148 delay_seconds=6.707
2026-10-07 07:18:11,758 INFO morning machine=0149 status=complete
2026-10-07 07:18:11,758 INFO morning machine=0149 delay_seconds=5.277
2026-10-07 07:18:23,046 INFO morning machine=0150 status=complete
2026-10-07 07:18:23,047 INFO morning machine=0150 delay_seconds=5.844
2026-10-07 07:18:33,584 INFO morning machine=0151 status=complete
2026-10-07 07:18:33,584 INFO morning machine=0151 delay_seconds=6.140
2026-10-07 07:18:45,746 INFO morning machine=0152 status=complete
2026-10-07 07:18:45,746 INFO morning machine=0152 delay_seconds=6.455
2026-10-07 07:18:56,658 INFO morning machine=0153 status=complete
2026-10-07 07:18:56,658 INFO morning machine=0153 delay_seconds=5.667
2026-10-07 07:19:08,458 INFO morning machine=0154 status=complete
2026-10-07 07:19:08,458 INFO morning machine=0154 delay_seconds=5.638
2026-10-07 07:19:20,076 INFO morning machine=0155 status=complete
2026-10-07 07:19:20,076 INFO morning machine=0155 delay_seconds=6.886
2026-10-07 07:19:32,991 INFO morning machine=0156 status=complete
2026-10-07 07:19:32,991 INFO morning machine=0156 delay_seconds=5.912
2026-10-07 07:19:43,341 INFO morning machine=0157 status=complete
2026-10-07 07:19:43,341 INFO morning machine=0157 delay_seconds=7.260
2026-10-07 07:19:55,333 INFO morning machine=0158 status=complete
2026-10-07 07:19:55,333 INFO morning machine=0158 delay_seconds=5.563
2026-10-07 07:20:07,174 INFO morning machine=0159 status=complete
2026-10-07 07:20:07,203 INFO manifest=C:\kota\pachi_analysis\data\local_capture\20261006\morning\manifest.json status=complete
