2026-09-17 05:19:09,907 INFO morning machine=0008 status=challenge
2026-09-17 05:19:09,923 INFO manifest=C:\kota\pachi_analysis\data\local_capture\20260916\morning\manifest.json status=challenge
2026-09-17 05:24:04,956 INFO morning machine=0008 status=complete
2026-09-17 05:24:04,972 INFO manifest=C:\kota\pachi_analysis\data\local_capture\20260916\morning\manifest.json status=complete
2026-09-17 05:26:11,534 INFO morning machine=0008 status=complete
2026-09-17 05:26:11,535 INFO morning machine=0008 delay_seconds=5.769
2026-09-17 05:26:21,789 INFO morning machine=0009 status=complete
2026-09-17 05:26:21,789 INFO morning machine=0009 delay_seconds=7.845
2026-09-17 05:26:34,381 INFO morning machine=0010 status=complete
2026-09-17 05:26:34,396 INFO manifest=C:\kota\pachi_analysis\data\local_capture\20260916\morning\manifest.json status=complete
2026-09-17 05:29:45,336 INFO morning machine=0008 status=complete
2026-09-17 05:29:45,336 INFO morning machine=0008 delay_seconds=6.696
2026-09-17 05:29:56,469 INFO morning machine=0009 status=complete
2026-09-17 05:29:56,469 INFO morning machine=0009 delay_seconds=6.695
2026-09-17 05:30:07,679 INFO morning machine=0010 status=complete
2026-09-17 05:30:07,679 INFO morning machine=0010 delay_seconds=7.004
2026-09-17 05:30:19,169 INFO morning machine=0011 status=complete
2026-09-17 05:30:19,169 INFO morning machine=0011 delay_seconds=6.696
2026-09-17 05:30:30,561 INFO morning machine=0012 status=complete
2026-09-17 05:30:30,561 INFO morning machine=0012 delay_seconds=6.106
2026-09-17 05:30:41,102 INFO morning machine=0018 status=complete
2026-09-17 05:30:41,102 INFO morning machine=0018 delay_seconds=5.108
2026-09-17 05:30:50,719 INFO morning machine=0019 status=complete
2026-09-17 05:30:50,719 INFO morning machine=0019 delay_seconds=6.133
2026-09-17 05:31:01,594 INFO morning machine=0035 status=complete
2026-09-17 05:31:01,594 INFO morning machine=0035 delay_seconds=5.419
2026-09-17 05:31:11,485 INFO morning machine=0036 status=complete
2026-09-17 05:31:11,485 INFO morning machine=0036 delay_seconds=5.385
2026-09-17 05:31:21,627 INFO morning machine=0037 status=complete
2026-09-17 05:31:21,627 INFO morning machine=0037 delay_seconds=7.659
2026-09-17 05:31:34,044 INFO morning machine=0038 status=complete
2026-09-17 05:31:34,044 INFO morning machine=0038 delay_seconds=5.281
2026-09-17 05:31:43,885 INFO morning machine=0039 status=complete
2026-09-17 05:31:43,885 INFO morning machine=0039 delay_seconds=6.860
2026-09-17 05:31:55,235 INFO morning machine=0040 status=complete
2026-09-17 05:31:55,235 INFO morning machine=0040 delay_seconds=5.884
2026-09-17 05:32:05,893 INFO morning machine=0041 status=complete
2026-09-17 05:32:05,893 INFO morning machine=0041 delay_seconds=5.181
2026-09-17 05:32:23,834 INFO morning machine=0042 status=complete
2026-09-17 05:32:23,834 INFO morning machine=0042 delay_seconds=5.375
2026-09-17 05:32:35,001 INFO morning machine=0043 status=complete
2026-09-17 05:32:35,001 INFO morning machine=0043 delay_seconds=6.563
2026-09-17 05:32:52,367 INFO morning machine=0044 status=complete
2026-09-17 05:32:52,367 INFO morning machine=0044 delay_seconds=6.744
2026-09-17 05:33:10,500 INFO morning machine=0045 status=complete
2026-09-17 05:33:10,500 INFO morning machine=0045 delay_seconds=5.717
2026-09-17 05:33:21,967 INFO morning machine=0046 status=complete
2026-09-17 05:33:21,967 INFO morning machine=0046 delay_seconds=7.645
2026-09-17 05:33:34,133 INFO morning machine=0047 status=complete
2026-09-17 05:33:34,133 INFO morning machine=0047 delay_seconds=6.780
2026-09-17 05:33:53,450 INFO morning machine=0048 status=complete
2026-09-17 05:33:53,450 INFO morning machine=0048 delay_seconds=7.245
2026-09-17 05:34:08,100 INFO morning machine=0049 status=complete
2026-09-17 05:34:08,100 INFO morning machine=0049 delay_seconds=6.588
2026-09-17 05:34:21,556 INFO morning machine=0050 status=complete
2026-09-17 05:34:21,557 INFO morning machine=0050 delay_seconds=6.375
2026-09-17 05:34:32,825 INFO morning machine=0051 status=complete
2026-09-17 05:34:32,825 INFO morning machine=0051 delay_seconds=7.142
2026-09-17 05:34:44,483 INFO morning machine=0052 status=complete
2026-09-17 05:34:44,483 INFO morning machine=0052 delay_seconds=5.414
2026-09-17 05:35:01,242 INFO morning machine=0053 status=complete
2026-09-17 05:35:01,242 INFO morning machine=0053 delay_seconds=5.294
2026-09-17 05:35:12,082 INFO morning machine=0054 status=complete
2026-09-17 05:35:12,082 INFO morning machine=0054 delay_seconds=5.137
2026-09-17 05:35:28,182 INFO morning machine=0055 status=complete
2026-09-17 05:35:28,182 INFO morning machine=0055 delay_seconds=5.356
2026-09-17 05:35:41,999 INFO morning machine=0056 status=complete
2026-09-17 05:35:41,999 INFO morning machine=0056 delay_seconds=5.365
2026-09-17 05:35:55,056 INFO morning machine=0057 status=complete
2026-09-17 05:35:55,056 INFO morning machine=0057 delay_seconds=6.368
2026-09-17 05:36:09,681 INFO morning machine=0058 status=complete
2026-09-17 05:36:09,681 INFO morning machine=0058 delay_seconds=5.143
2026-09-17 05:36:24,248 INFO morning machine=0059 status=complete
2026-09-17 05:36:24,248 INFO morning machine=0059 delay_seconds=7.780
2026-09-17 05:36:37,848 INFO morning machine=0060 status=complete
2026-09-17 05:36:37,848 INFO morning machine=0060 delay_seconds=7.592
2026-09-17 05:36:50,762 INFO morning machine=0061 status=complete
2026-09-17 05:36:50,762 INFO morning machine=0061 delay_seconds=6.064
2026-09-17 05:37:03,281 INFO morning machine=0062 status=complete
2026-09-17 05:37:03,281 INFO morning machine=0062 delay_seconds=5.403
2026-09-17 05:37:08,688 INFO morning batch_pause start completed=35 pause_seconds=600
2026-09-17 05:47:08,691 INFO morning batch_pause end completed=35
2026-09-17 05:47:13,280 INFO morning machine=0063 status=complete
2026-09-17 05:47:13,280 INFO morning machine=0063 delay_seconds=6.329
2026-09-17 05:47:24,089 INFO morning machine=0064 status=complete
2026-09-17 05:47:24,089 INFO morning machine=0064 delay_seconds=6.580
2026-09-17 05:47:37,289 INFO morning machine=0065 status=complete
2026-09-17 05:47:37,289 INFO morning machine=0065 delay_seconds=6.425
2026-09-17 05:47:49,055 INFO morning machine=0066 status=complete
2026-09-17 05:47:49,055 INFO morning machine=0066 delay_seconds=7.495
2026-09-17 05:48:01,022 INFO morning machine=0067 status=complete
2026-09-17 05:48:01,022 INFO morning machine=0067 delay_seconds=6.703
2026-09-17 05:48:16,972 INFO morning machine=0068 status=complete
2026-09-17 05:48:16,972 INFO morning machine=0068 delay_seconds=6.194
2026-09-17 05:48:27,872 INFO morning machine=0069 status=complete
2026-09-17 05:48:27,872 INFO morning machine=0069 delay_seconds=6.429
2026-09-17 05:48:42,655 INFO morning machine=0070 status=complete
2026-09-17 05:48:42,655 INFO morning machine=0070 delay_seconds=5.129
2026-09-17 05:48:52,238 INFO morning machine=0071 status=complete
2026-09-17 05:48:52,238 INFO morning machine=0071 delay_seconds=6.737
2026-09-17 05:49:04,218 INFO morning machine=0072 status=complete
2026-09-17 05:49:04,218 INFO morning machine=0072 delay_seconds=7.530
2026-09-17 05:49:22,908 ERROR morning machine=0073 attempt=1 failed
Traceback (most recent call last):
  File "C:\kota\pachi_analysis\tools\pscube_cdp_morning_capture.py", line 126, in main
    result = capture_today(page, machine, args.date, out, abort_checker=esc_pressed, rate_limit_checker=raise_if_rate_limited)
             ^^^^^^^^^^^^^^^^^^^^^^^^^^^^^^^^^^^^^^^^^^^^^^^^^^^^^^^^^^^^^^^^^^^^^^^^^^^^^^^^^^^^^^^^^^^^^^^^^^^^^^^^^^^^^^^^^
  File "C:\kota\pachi_analysis\tools\pscube_cdp_capture_common.py", line 594, in capture_today
    raise RuntimeError(f"#CHART-{date} svg not found")
RuntimeError: #CHART-20260916 svg not found
2026-09-17 05:49:28,754 INFO morning machine=0073 status=complete
2026-09-17 05:49:28,754 INFO morning machine=0073 delay_seconds=7.888
2026-09-17 05:49:42,971 INFO morning machine=0074 status=complete
2026-09-17 05:49:42,971 INFO morning machine=0074 delay_seconds=5.072
2026-09-17 05:49:55,004 INFO morning machine=0075 status=complete
2026-09-17 05:49:55,004 INFO morning machine=0075 delay_seconds=7.137
2026-09-17 05:50:11,568 INFO morning machine=0076 status=complete
2026-09-17 05:50:11,569 INFO morning machine=0076 delay_seconds=7.827
2026-09-17 05:50:25,004 INFO morning machine=0077 status=complete
2026-09-17 05:50:25,004 INFO morning machine=0077 delay_seconds=7.202
2026-09-17 05:50:39,820 INFO morning machine=0118 status=complete
2026-09-17 05:50:39,820 INFO morning machine=0118 delay_seconds=7.542
2026-09-17 05:50:59,337 INFO morning machine=0119 status=complete
2026-09-17 05:50:59,337 INFO morning machine=0119 delay_seconds=6.382
2026-09-17 05:51:15,453 INFO morning machine=0120 status=complete
2026-09-17 05:51:15,453 INFO morning machine=0120 delay_seconds=7.736
2026-09-17 05:51:27,903 INFO morning machine=0121 status=complete
2026-09-17 05:51:27,903 INFO morning machine=0121 delay_seconds=6.102
2026-09-17 05:51:44,019 INFO morning machine=0148 status=complete
2026-09-17 05:51:44,019 INFO morning machine=0148 delay_seconds=7.222
2026-09-17 05:51:58,836 INFO morning machine=0149 status=complete
2026-09-17 05:51:58,836 INFO morning machine=0149 delay_seconds=5.310
2026-09-17 05:52:08,652 INFO morning machine=0150 status=complete
2026-09-17 05:52:08,652 INFO morning machine=0150 delay_seconds=7.561
2026-09-17 05:52:20,702 INFO morning machine=0151 status=complete
2026-09-17 05:52:20,702 INFO morning machine=0151 delay_seconds=7.594
2026-09-17 05:52:32,885 INFO morning machine=0152 status=complete
2026-09-17 05:52:32,885 INFO morning machine=0152 delay_seconds=7.052
2026-09-17 05:52:45,619 INFO morning machine=0153 status=complete
2026-09-17 05:52:45,619 INFO morning machine=0153 delay_seconds=7.957
2026-09-17 05:53:05,927 INFO morning machine=0154 status=complete
2026-09-17 05:53:05,927 INFO morning machine=0154 delay_seconds=7.896
2026-09-17 05:53:20,501 INFO morning machine=0155 status=complete
2026-09-17 05:53:20,501 INFO morning machine=0155 delay_seconds=7.776
2026-09-17 05:53:33,552 INFO morning machine=0156 status=complete
2026-09-17 05:53:33,552 INFO morning machine=0156 delay_seconds=7.848
2026-09-17 05:53:45,918 INFO morning machine=0157 status=complete
2026-09-17 05:53:45,918 INFO morning machine=0157 delay_seconds=5.111
2026-09-17 05:54:00,467 INFO morning machine=0158 status=complete
2026-09-17 05:54:00,467 INFO morning machine=0158 delay_seconds=7.290
2026-09-17 05:54:13,884 INFO morning machine=0159 status=complete
2026-09-17 05:54:13,923 INFO manifest=C:\kota\pachi_analysis\data\local_capture\20260916\morning\manifest.json status=complete
