2026-10-03 07:09:30,191 INFO morning machine=0008 status=complete
2026-10-03 07:09:30,191 INFO morning machine=0008 delay_seconds=5.047
2026-10-03 07:09:44,767 INFO morning machine=0009 status=complete
2026-10-03 07:09:44,767 INFO morning machine=0009 delay_seconds=7.423
2026-10-03 07:09:59,484 INFO morning machine=0010 status=complete
2026-10-03 07:09:59,484 INFO morning machine=0010 delay_seconds=5.740
2026-10-03 07:10:13,174 INFO morning machine=0011 status=complete
2026-10-03 07:10:13,174 INFO morning machine=0011 delay_seconds=5.493
2026-10-03 07:10:27,366 INFO morning machine=0012 status=complete
2026-10-03 07:10:27,366 INFO morning machine=0012 delay_seconds=7.042
2026-10-03 07:10:42,244 INFO morning machine=0018 status=complete
2026-10-03 07:10:42,245 INFO morning machine=0018 delay_seconds=6.528
2026-10-03 07:10:57,666 INFO morning machine=0019 status=complete
2026-10-03 07:10:57,666 INFO morning machine=0019 delay_seconds=7.017
2026-10-03 07:11:13,727 INFO morning machine=0035 status=complete
2026-10-03 07:11:13,727 INFO morning machine=0035 delay_seconds=6.203
2026-10-03 07:11:27,829 INFO morning machine=0036 status=complete
2026-10-03 07:11:27,829 INFO morning machine=0036 delay_seconds=5.027
2026-10-03 07:11:42,435 INFO morning machine=0037 status=complete
2026-10-03 07:11:42,435 INFO morning machine=0037 delay_seconds=6.693
2026-10-03 07:11:57,883 INFO morning machine=0038 status=complete
2026-10-03 07:11:57,883 INFO morning machine=0038 delay_seconds=7.058
2026-10-03 07:12:12,843 INFO morning machine=0039 status=complete
2026-10-03 07:12:12,843 INFO morning machine=0039 delay_seconds=6.917
2026-10-03 07:12:27,590 INFO morning machine=0040 status=complete
2026-10-03 07:12:27,590 INFO morning machine=0040 delay_seconds=5.646
2026-10-03 07:12:37,723 INFO morning machine=0041 status=complete
2026-10-03 07:12:37,723 INFO morning machine=0041 delay_seconds=5.803
2026-10-03 07:12:48,011 INFO morning machine=0042 status=complete
2026-10-03 07:12:48,015 INFO morning machine=0042 delay_seconds=5.247
2026-10-03 07:12:57,756 INFO morning machine=0043 status=complete
2026-10-03 07:12:57,756 INFO morning machine=0043 delay_seconds=7.839
2026-10-03 07:13:10,105 INFO morning machine=0044 status=complete
2026-10-03 07:13:10,120 INFO morning machine=0044 delay_seconds=5.264
2026-10-03 07:13:19,872 INFO morning machine=0045 status=complete
2026-10-03 07:13:19,872 INFO morning machine=0045 delay_seconds=6.365
2026-10-03 07:13:30,930 INFO morning machine=0046 status=complete
2026-10-03 07:13:30,930 INFO morning machine=0046 delay_seconds=7.499
2026-10-03 07:13:44,472 INFO morning machine=0047 status=complete
2026-10-03 07:13:44,472 INFO morning machine=0047 delay_seconds=5.850
2026-10-03 07:13:54,822 INFO morning machine=0048 status=complete
2026-10-03 07:13:54,822 INFO morning machine=0048 delay_seconds=5.648
2026-10-03 07:14:06,472 INFO morning machine=0049 status=complete
2026-10-03 07:14:06,472 INFO morning machine=0049 delay_seconds=5.548
2026-10-03 07:14:16,505 INFO morning machine=0050 status=complete
2026-10-03 07:14:16,505 INFO morning machine=0050 delay_seconds=7.039
2026-10-03 07:14:27,988 INFO morning machine=0051 status=complete
2026-10-03 07:14:27,988 INFO morning machine=0051 delay_seconds=7.720
2026-10-03 07:14:40,188 INFO morning machine=0052 status=complete
2026-10-03 07:14:40,188 INFO morning machine=0052 delay_seconds=6.945
2026-10-03 07:14:51,621 INFO morning machine=0053 status=complete
2026-10-03 07:14:51,621 INFO morning machine=0053 delay_seconds=6.638
2026-10-03 07:15:02,721 INFO morning machine=0054 status=complete
2026-10-03 07:15:02,721 INFO morning machine=0054 delay_seconds=6.909
2026-10-03 07:15:14,087 INFO morning machine=0055 status=complete
2026-10-03 07:15:14,087 INFO morning machine=0055 delay_seconds=5.775
2026-10-03 07:15:24,354 INFO morning machine=0056 status=complete
2026-10-03 07:15:24,354 INFO morning machine=0056 delay_seconds=5.777
2026-10-03 07:15:34,604 INFO morning machine=0057 status=complete
2026-10-03 07:15:34,604 INFO morning machine=0057 delay_seconds=6.538
2026-10-03 07:15:45,570 INFO morning machine=0058 status=complete
2026-10-03 07:15:45,570 INFO morning machine=0058 delay_seconds=5.360
2026-10-03 07:15:55,354 INFO morning machine=0059 status=complete
2026-10-03 07:15:55,354 INFO morning machine=0059 delay_seconds=5.336
2026-10-03 07:16:06,690 INFO morning machine=0060 status=complete
2026-10-03 07:16:06,690 INFO morning machine=0060 delay_seconds=7.369
2026-10-03 07:16:20,072 INFO morning machine=0061 status=complete
2026-10-03 07:16:20,072 INFO morning machine=0061 delay_seconds=5.363
2026-10-03 07:16:29,870 INFO morning machine=0062 status=complete
2026-10-03 07:16:29,870 INFO morning machine=0062 delay_seconds=7.272
2026-10-03 07:16:37,144 INFO morning batch_pause start completed=35 pause_seconds=600
2026-10-03 07:26:37,144 INFO morning batch_pause end completed=35
2026-10-03 07:26:43,482 INFO morning machine=0063 status=complete
2026-10-03 07:26:43,482 INFO morning machine=0063 delay_seconds=6.245
2026-10-03 07:26:54,404 INFO morning machine=0064 status=complete
2026-10-03 07:26:54,404 INFO morning machine=0064 delay_seconds=7.502
2026-10-03 07:27:06,396 INFO morning machine=0065 status=complete
2026-10-03 07:27:06,396 INFO morning machine=0065 delay_seconds=6.456
2026-10-03 07:27:17,312 INFO morning machine=0066 status=complete
2026-10-03 07:27:17,312 INFO morning machine=0066 delay_seconds=6.643
2026-10-03 07:27:28,412 INFO morning machine=0067 status=complete
2026-10-03 07:27:28,412 INFO morning machine=0067 delay_seconds=5.623
2026-10-03 07:27:38,495 INFO morning machine=0068 status=complete
2026-10-03 07:27:38,495 INFO morning machine=0068 delay_seconds=7.386
2026-10-03 07:27:50,328 INFO morning machine=0069 status=complete
2026-10-03 07:27:50,328 INFO morning machine=0069 delay_seconds=6.496
2026-10-03 07:28:02,846 INFO morning machine=0070 status=complete
2026-10-03 07:28:02,846 INFO morning machine=0070 delay_seconds=7.778
2026-10-03 07:28:16,645 INFO morning machine=0071 status=complete
2026-10-03 07:28:16,645 INFO morning machine=0071 delay_seconds=6.797
2026-10-03 07:28:27,895 INFO morning machine=0072 status=complete
2026-10-03 07:28:27,895 INFO morning machine=0072 delay_seconds=5.648
2026-10-03 07:28:38,094 INFO morning machine=0073 status=complete
2026-10-03 07:28:38,094 INFO morning machine=0073 delay_seconds=5.744
2026-10-03 07:28:48,278 INFO morning machine=0074 status=complete
2026-10-03 07:28:48,278 INFO morning machine=0074 delay_seconds=6.685
2026-10-03 07:29:00,927 INFO morning machine=0075 status=complete
2026-10-03 07:29:00,927 INFO morning machine=0075 delay_seconds=5.649
2026-10-03 07:29:11,011 INFO morning machine=0076 status=complete
2026-10-03 07:29:11,011 INFO morning machine=0076 delay_seconds=5.690
2026-10-03 07:29:22,869 INFO morning machine=0077 status=complete
2026-10-03 07:29:22,869 INFO morning machine=0077 delay_seconds=6.008
2026-10-03 07:29:34,877 INFO morning machine=0118 status=complete
2026-10-03 07:29:34,877 INFO morning machine=0118 delay_seconds=5.725
2026-10-03 07:29:45,043 INFO morning machine=0119 status=complete
2026-10-03 07:29:45,043 INFO morning machine=0119 delay_seconds=7.966
2026-10-03 07:29:57,443 INFO morning machine=0120 status=complete
2026-10-03 07:29:57,443 INFO morning machine=0120 delay_seconds=5.872
2026-10-03 07:30:07,777 INFO morning machine=0121 status=complete
2026-10-03 07:30:07,777 INFO morning machine=0121 delay_seconds=7.845
2026-10-03 07:30:20,060 INFO morning machine=0148 status=complete
2026-10-03 07:30:20,060 INFO morning machine=0148 delay_seconds=7.836
2026-10-03 07:30:32,343 INFO morning machine=0149 status=complete
2026-10-03 07:30:32,343 INFO morning machine=0149 delay_seconds=5.641
2026-10-03 07:30:42,426 INFO morning machine=0150 status=complete
2026-10-03 07:30:42,426 INFO morning machine=0150 delay_seconds=5.835
2026-10-03 07:30:52,693 INFO morning machine=0151 status=complete
2026-10-03 07:30:52,693 INFO morning machine=0151 delay_seconds=7.117
2026-10-03 07:31:04,243 INFO morning machine=0152 status=complete
2026-10-03 07:31:04,243 INFO morning machine=0152 delay_seconds=5.387
2026-10-03 07:31:14,042 INFO morning machine=0153 status=complete
2026-10-03 07:31:14,042 INFO morning machine=0153 delay_seconds=6.366
2026-10-03 07:31:24,842 INFO morning machine=0154 status=complete
2026-10-03 07:31:24,842 INFO morning machine=0154 delay_seconds=6.755
2026-10-03 07:31:36,042 INFO morning machine=0155 status=complete
2026-10-03 07:31:36,042 INFO morning machine=0155 delay_seconds=7.439
2026-10-03 07:31:49,475 INFO morning machine=0156 status=complete
2026-10-03 07:31:49,475 INFO morning machine=0156 delay_seconds=5.817
2026-10-03 07:31:59,742 INFO morning machine=0157 status=complete
2026-10-03 07:31:59,742 INFO morning machine=0157 delay_seconds=6.219
2026-10-03 07:32:10,818 INFO morning machine=0158 status=complete
2026-10-03 07:32:10,818 INFO morning machine=0158 delay_seconds=5.560
2026-10-03 07:32:20,792 INFO morning machine=0159 status=complete
2026-10-03 07:32:20,819 INFO manifest=C:\kota\pachi_analysis\data\local_capture\20261002\morning\manifest.json status=complete
