2026-09-30 04:29:36,490 INFO morning machine=0008 status=complete
2026-09-30 04:29:36,490 INFO morning machine=0008 delay_seconds=7.709
2026-09-30 04:29:48,691 INFO morning machine=0009 status=complete
2026-09-30 04:29:48,691 INFO morning machine=0009 delay_seconds=7.562
2026-09-30 04:30:00,985 INFO morning machine=0010 status=complete
2026-09-30 04:30:00,985 INFO morning machine=0010 delay_seconds=5.983
2026-09-30 04:30:11,408 INFO morning machine=0011 status=complete
2026-09-30 04:30:11,408 INFO morning machine=0011 delay_seconds=6.367
2026-09-30 04:30:22,257 INFO morning machine=0012 status=complete
2026-09-30 04:30:22,257 INFO morning machine=0012 delay_seconds=7.078
2026-09-30 04:30:35,345 INFO morning machine=0018 status=complete
2026-09-30 04:30:35,346 INFO morning machine=0018 delay_seconds=5.435
2026-09-30 04:30:45,307 INFO morning machine=0019 status=complete
2026-09-30 04:30:45,307 INFO morning machine=0019 delay_seconds=6.280
2026-09-30 04:30:56,057 INFO morning machine=0035 status=complete
2026-09-30 04:30:56,057 INFO morning machine=0035 delay_seconds=7.625
2026-09-30 04:31:08,332 INFO morning machine=0036 status=complete
2026-09-30 04:31:08,332 INFO morning machine=0036 delay_seconds=6.117
2026-09-30 04:31:18,957 INFO morning machine=0037 status=complete
2026-09-30 04:31:18,957 INFO morning machine=0037 delay_seconds=7.107
2026-09-30 04:31:30,557 INFO morning machine=0038 status=complete
2026-09-30 04:31:30,557 INFO morning machine=0038 delay_seconds=7.089
2026-09-30 04:31:42,106 INFO morning machine=0039 status=complete
2026-09-30 04:31:42,106 INFO morning machine=0039 delay_seconds=6.711
2026-09-30 04:31:53,273 INFO morning machine=0040 status=complete
2026-09-30 04:31:53,273 INFO morning machine=0040 delay_seconds=5.451
2026-09-30 04:32:03,223 INFO morning machine=0041 status=complete
2026-09-30 04:32:03,223 INFO morning machine=0041 delay_seconds=6.882
2026-09-30 04:32:14,923 INFO morning machine=0042 status=complete
2026-09-30 04:32:14,923 INFO morning machine=0042 delay_seconds=5.901
2026-09-30 04:32:25,339 INFO morning machine=0043 status=complete
2026-09-30 04:32:25,339 INFO morning machine=0043 delay_seconds=6.073
2026-09-30 04:32:39,339 INFO morning machine=0044 status=complete
2026-09-30 04:32:39,339 INFO morning machine=0044 delay_seconds=5.308
2026-09-30 04:32:52,475 INFO morning machine=0045 status=complete
2026-09-30 04:32:52,475 INFO morning machine=0045 delay_seconds=6.179
2026-09-30 04:33:06,305 INFO morning machine=0046 status=complete
2026-09-30 04:33:06,305 INFO morning machine=0046 delay_seconds=6.818
2026-09-30 04:33:19,338 INFO morning machine=0047 status=complete
2026-09-30 04:33:19,338 INFO morning machine=0047 delay_seconds=7.818
2026-09-30 04:33:35,988 INFO morning machine=0048 status=complete
2026-09-30 04:33:35,988 INFO morning machine=0048 delay_seconds=5.074
2026-09-30 04:33:45,797 INFO morning machine=0049 status=complete
2026-09-30 04:33:45,797 INFO morning machine=0049 delay_seconds=7.264
2026-09-30 04:34:01,905 INFO morning machine=0050 status=complete
2026-09-30 04:34:01,905 INFO morning machine=0050 delay_seconds=6.138
2026-09-30 04:34:14,047 INFO morning machine=0051 status=complete
2026-09-30 04:34:14,047 INFO morning machine=0051 delay_seconds=5.804
2026-09-30 04:34:27,021 INFO morning machine=0052 status=complete
2026-09-30 04:34:27,021 INFO morning machine=0052 delay_seconds=5.442
2026-09-30 04:34:44,571 INFO morning machine=0053 status=complete
2026-09-30 04:34:44,571 INFO morning machine=0053 delay_seconds=6.302
2026-09-30 04:35:03,370 INFO morning machine=0054 status=complete
2026-09-30 04:35:03,370 INFO morning machine=0054 delay_seconds=5.570
2026-09-30 04:35:13,424 INFO morning machine=0055 status=complete
2026-09-30 04:35:13,424 INFO morning machine=0055 delay_seconds=6.076
2026-09-30 04:35:26,653 INFO morning machine=0056 status=complete
2026-09-30 04:35:26,653 INFO morning machine=0056 delay_seconds=7.078
2026-09-30 04:35:40,220 INFO morning machine=0057 status=complete
2026-09-30 04:35:40,220 INFO morning machine=0057 delay_seconds=5.665
2026-09-30 04:36:00,669 INFO morning machine=0058 status=complete
2026-09-30 04:36:00,669 INFO morning machine=0058 delay_seconds=5.415
2026-09-30 04:36:12,419 INFO morning machine=0059 status=complete
2026-09-30 04:36:12,419 INFO morning machine=0059 delay_seconds=7.522
2026-09-30 04:36:25,969 INFO morning machine=0060 status=complete
2026-09-30 04:36:25,969 INFO morning machine=0060 delay_seconds=6.421
2026-09-30 04:36:39,835 INFO morning machine=0061 status=complete
2026-09-30 04:36:39,835 INFO morning machine=0061 delay_seconds=5.810
2026-09-30 04:36:55,536 INFO morning machine=0062 status=complete
2026-09-30 04:36:55,536 INFO morning machine=0062 delay_seconds=6.037
2026-09-30 04:37:01,579 INFO morning batch_pause start completed=35 pause_seconds=600
2026-09-30 04:47:01,594 INFO morning batch_pause end completed=35
2026-09-30 04:47:12,794 INFO morning machine=0063 status=complete
2026-09-30 04:47:12,794 INFO morning machine=0063 delay_seconds=7.372
2026-09-30 04:47:26,161 INFO morning machine=0064 status=complete
2026-09-30 04:47:26,161 INFO morning machine=0064 delay_seconds=5.274
2026-09-30 04:47:35,944 INFO morning machine=0065 status=complete
2026-09-30 04:47:35,944 INFO morning machine=0065 delay_seconds=5.330
2026-09-30 04:47:52,047 INFO morning machine=0066 status=complete
2026-09-30 04:47:52,047 INFO morning machine=0066 delay_seconds=7.037
2026-09-30 04:48:05,129 INFO morning machine=0067 status=complete
2026-09-30 04:48:05,130 INFO morning machine=0067 delay_seconds=6.471
2026-09-30 04:48:19,610 INFO morning machine=0068 status=complete
2026-09-30 04:48:19,610 INFO morning machine=0068 delay_seconds=6.293
2026-09-30 04:48:38,385 INFO morning machine=0069 status=complete
2026-09-30 04:48:38,385 INFO morning machine=0069 delay_seconds=5.574
2026-09-30 04:48:50,643 INFO morning machine=0070 status=complete
2026-09-30 04:48:50,643 INFO morning machine=0070 delay_seconds=5.752
2026-09-30 04:49:04,076 INFO morning machine=0071 status=complete
2026-09-30 04:49:04,076 INFO morning machine=0071 delay_seconds=5.031
2026-09-30 04:49:15,742 INFO morning machine=0072 status=complete
2026-09-30 04:49:15,742 INFO morning machine=0072 delay_seconds=6.189
2026-09-30 04:49:28,859 INFO morning machine=0073 status=complete
2026-09-30 04:49:28,859 INFO morning machine=0073 delay_seconds=6.862
2026-09-30 04:49:49,625 INFO morning machine=0074 status=complete
2026-09-30 04:49:49,625 INFO morning machine=0074 delay_seconds=6.118
2026-09-30 04:50:01,546 INFO morning machine=0075 status=complete
2026-09-30 04:50:01,546 INFO morning machine=0075 delay_seconds=6.473
2026-09-30 04:50:13,725 INFO morning machine=0076 status=complete
2026-09-30 04:50:13,725 INFO morning machine=0076 delay_seconds=5.525
2026-09-30 04:50:26,850 INFO morning machine=0077 status=complete
2026-09-30 04:50:26,850 INFO morning machine=0077 delay_seconds=6.816
2026-09-30 04:50:40,425 INFO morning machine=0118 status=complete
2026-09-30 04:50:40,425 INFO morning machine=0118 delay_seconds=5.183
2026-09-30 04:50:55,558 INFO morning machine=0119 status=complete
2026-09-30 04:50:55,558 INFO morning machine=0119 delay_seconds=6.972
2026-09-30 04:51:09,191 INFO morning machine=0120 status=complete
2026-09-30 04:51:09,191 INFO morning machine=0120 delay_seconds=7.694
2026-09-30 04:51:28,475 INFO morning machine=0121 status=complete
2026-09-30 04:51:28,475 INFO morning machine=0121 delay_seconds=6.193
2026-09-30 04:51:52,090 INFO morning machine=0148 status=complete
2026-09-30 04:51:52,090 INFO morning machine=0148 delay_seconds=6.074
2026-09-30 04:52:10,199 INFO morning machine=0149 status=complete
2026-09-30 04:52:10,199 INFO morning machine=0149 delay_seconds=5.778
2026-09-30 04:52:26,749 INFO morning machine=0150 status=complete
2026-09-30 04:52:26,749 INFO morning machine=0150 delay_seconds=7.093
2026-09-30 04:52:40,790 INFO morning machine=0151 status=complete
2026-09-30 04:52:40,790 INFO morning machine=0151 delay_seconds=5.769
2026-09-30 04:52:51,040 INFO morning machine=0152 status=complete
2026-09-30 04:52:51,040 INFO morning machine=0152 delay_seconds=6.758
2026-09-30 04:53:02,256 INFO morning machine=0153 status=complete
2026-09-30 04:53:02,256 INFO morning machine=0153 delay_seconds=7.361
2026-09-30 04:53:17,189 INFO morning machine=0154 status=complete
2026-09-30 04:53:17,189 INFO morning machine=0154 delay_seconds=7.397
2026-09-30 04:53:30,444 INFO morning machine=0155 status=complete
2026-09-30 04:53:30,444 INFO morning machine=0155 delay_seconds=5.410
2026-09-30 04:53:40,372 INFO morning machine=0156 status=complete
2026-09-30 04:53:40,372 INFO morning machine=0156 delay_seconds=7.344
2026-09-30 04:53:52,372 INFO morning machine=0157 status=complete
2026-09-30 04:53:52,372 INFO morning machine=0157 delay_seconds=5.834
2026-09-30 04:54:02,655 INFO morning machine=0158 status=complete
2026-09-30 04:54:02,655 INFO morning machine=0158 delay_seconds=5.098
2026-09-30 04:54:15,439 INFO morning machine=0159 status=complete
2026-09-30 04:54:15,467 INFO manifest=C:\kota\pachi_analysis\data\local_capture\20260929\morning\manifest.json status=complete
