2026-10-11 07:20:14,512 INFO morning machine=0008 status=complete
2026-10-11 07:20:14,512 INFO morning machine=0008 delay_seconds=6.068
2026-10-11 07:20:26,002 INFO morning machine=0009 status=complete
2026-10-11 07:20:26,002 INFO morning machine=0009 delay_seconds=7.236
2026-10-11 07:20:37,972 INFO morning machine=0010 status=complete
2026-10-11 07:20:37,972 INFO morning machine=0010 delay_seconds=7.090
2026-10-11 07:20:49,526 INFO morning machine=0011 status=complete
2026-10-11 07:20:49,526 INFO morning machine=0011 delay_seconds=6.859
2026-10-11 07:21:01,102 INFO morning machine=0012 status=complete
2026-10-11 07:21:01,102 INFO morning machine=0012 delay_seconds=7.758
2026-10-11 07:21:13,324 INFO morning machine=0018 status=complete
2026-10-11 07:21:13,324 INFO morning machine=0018 delay_seconds=6.227
2026-10-11 07:21:23,941 INFO morning machine=0019 status=complete
2026-10-11 07:21:23,941 INFO morning machine=0019 delay_seconds=5.557
2026-10-11 07:21:34,404 INFO morning machine=0035 status=complete
2026-10-11 07:21:34,404 INFO morning machine=0035 delay_seconds=5.144
2026-10-11 07:21:44,218 INFO morning machine=0036 status=complete
2026-10-11 07:21:44,218 INFO morning machine=0036 delay_seconds=7.224
2026-10-11 07:21:56,135 INFO morning machine=0037 status=complete
2026-10-11 07:21:56,135 INFO morning machine=0037 delay_seconds=6.560
2026-10-11 07:22:07,686 INFO morning machine=0038 status=complete
2026-10-11 07:22:07,686 INFO morning machine=0038 delay_seconds=5.409
2026-10-11 07:22:17,600 INFO morning machine=0039 status=complete
2026-10-11 07:22:17,600 INFO morning machine=0039 delay_seconds=5.450
2026-10-11 07:22:27,491 INFO morning machine=0040 status=complete
2026-10-11 07:22:27,491 INFO morning machine=0040 delay_seconds=5.263
2026-10-11 07:22:37,499 INFO morning machine=0041 status=complete
2026-10-11 07:22:37,499 INFO morning machine=0041 delay_seconds=7.456
2026-10-11 07:22:49,460 INFO morning machine=0042 status=complete
2026-10-11 07:22:49,460 INFO morning machine=0042 delay_seconds=7.899
2026-10-11 07:23:01,831 INFO morning machine=0043 status=complete
2026-10-11 07:23:01,831 INFO morning machine=0043 delay_seconds=7.777
2026-10-11 07:23:16,866 INFO morning machine=0044 status=complete
2026-10-11 07:23:16,866 INFO morning machine=0044 delay_seconds=6.484
2026-10-11 07:23:27,822 INFO morning machine=0045 status=complete
2026-10-11 07:23:27,822 INFO morning machine=0045 delay_seconds=5.786
2026-10-11 07:23:38,074 INFO morning machine=0046 status=complete
2026-10-11 07:23:38,074 INFO morning machine=0046 delay_seconds=7.232
2026-10-11 07:23:49,966 INFO morning machine=0047 status=complete
2026-10-11 07:23:49,966 INFO morning machine=0047 delay_seconds=5.832
2026-10-11 07:24:00,500 INFO morning machine=0048 status=complete
2026-10-11 07:24:00,500 INFO morning machine=0048 delay_seconds=7.025
2026-10-11 07:24:11,990 INFO morning machine=0049 status=complete
2026-10-11 07:24:11,990 INFO morning machine=0049 delay_seconds=7.298
2026-10-11 07:24:23,723 INFO morning machine=0050 status=complete
2026-10-11 07:24:23,723 INFO morning machine=0050 delay_seconds=7.905
2026-10-11 07:24:36,248 INFO morning machine=0051 status=complete
2026-10-11 07:24:36,248 INFO morning machine=0051 delay_seconds=6.430
2026-10-11 07:24:47,448 INFO morning machine=0052 status=complete
2026-10-11 07:24:47,448 INFO morning machine=0052 delay_seconds=5.332
2026-10-11 07:24:57,223 INFO morning machine=0053 status=complete
2026-10-11 07:24:57,223 INFO morning machine=0053 delay_seconds=6.125
2026-10-11 07:25:09,366 INFO morning machine=0054 status=complete
2026-10-11 07:25:09,366 INFO morning machine=0054 delay_seconds=7.633
2026-10-11 07:25:21,480 INFO morning machine=0055 status=complete
2026-10-11 07:25:21,480 INFO morning machine=0055 delay_seconds=5.274
2026-10-11 07:25:31,379 INFO morning machine=0056 status=complete
2026-10-11 07:25:31,379 INFO morning machine=0056 delay_seconds=7.858
2026-10-11 07:25:43,898 INFO morning machine=0057 status=complete
2026-10-11 07:25:43,898 INFO morning machine=0057 delay_seconds=6.068
2026-10-11 07:25:54,405 INFO morning machine=0058 status=complete
2026-10-11 07:25:54,405 INFO morning machine=0058 delay_seconds=6.998
2026-10-11 07:26:05,888 INFO morning machine=0059 status=complete
2026-10-11 07:26:05,888 INFO morning machine=0059 delay_seconds=5.938
2026-10-11 07:26:16,322 INFO morning machine=0060 status=complete
2026-10-11 07:26:16,322 INFO morning machine=0060 delay_seconds=5.430
2026-10-11 07:26:26,396 INFO morning machine=0061 status=complete
2026-10-11 07:26:26,396 INFO morning machine=0061 delay_seconds=7.493
2026-10-11 07:26:38,555 INFO morning machine=0062 status=complete
2026-10-11 07:26:38,555 INFO morning machine=0062 delay_seconds=7.596
2026-10-11 07:26:46,162 INFO morning batch_pause start completed=35 pause_seconds=600
2026-10-11 07:36:46,173 INFO morning batch_pause end completed=35
2026-10-11 07:36:52,240 INFO morning machine=0063 status=complete
2026-10-11 07:36:52,240 INFO morning machine=0063 delay_seconds=7.099
2026-10-11 07:37:03,813 INFO morning machine=0064 status=complete
2026-10-11 07:37:03,813 INFO morning machine=0064 delay_seconds=5.133
2026-10-11 07:37:13,386 INFO morning machine=0065 status=complete
2026-10-11 07:37:13,387 INFO morning machine=0065 delay_seconds=5.921
2026-10-11 07:37:23,746 INFO morning machine=0066 status=complete
2026-10-11 07:37:23,746 INFO morning machine=0066 delay_seconds=7.386
2026-10-11 07:37:35,585 INFO morning machine=0067 status=complete
2026-10-11 07:37:35,585 INFO morning machine=0067 delay_seconds=7.220
2026-10-11 07:37:47,288 INFO morning machine=0068 status=complete
2026-10-11 07:37:47,288 INFO morning machine=0068 delay_seconds=6.808
2026-10-11 07:37:58,772 INFO morning machine=0069 status=complete
2026-10-11 07:37:58,772 INFO morning machine=0069 delay_seconds=5.221
2026-10-11 07:38:08,496 INFO morning machine=0070 status=complete
2026-10-11 07:38:08,496 INFO morning machine=0070 delay_seconds=5.661
2026-10-11 07:38:18,871 INFO morning machine=0071 status=complete
2026-10-11 07:38:18,871 INFO morning machine=0071 delay_seconds=5.102
2026-10-11 07:38:28,396 INFO morning machine=0072 status=complete
2026-10-11 07:38:28,396 INFO morning machine=0072 delay_seconds=6.985
2026-10-11 07:38:39,829 INFO morning machine=0073 status=complete
2026-10-11 07:38:39,829 INFO morning machine=0073 delay_seconds=6.026
2026-10-11 07:38:50,279 INFO morning machine=0074 status=complete
2026-10-11 07:38:50,279 INFO morning machine=0074 delay_seconds=5.062
2026-10-11 07:39:00,070 INFO morning machine=0075 status=complete
2026-10-11 07:39:00,070 INFO morning machine=0075 delay_seconds=5.658
2026-10-11 07:39:10,371 INFO morning machine=0076 status=complete
2026-10-11 07:39:10,371 INFO morning machine=0076 delay_seconds=7.071
2026-10-11 07:39:22,104 INFO morning machine=0077 status=complete
2026-10-11 07:39:22,104 INFO morning machine=0077 delay_seconds=6.145
2026-10-11 07:39:32,728 INFO morning machine=0118 status=complete
2026-10-11 07:39:32,728 INFO morning machine=0118 delay_seconds=6.647
2026-10-11 07:39:44,054 INFO morning machine=0119 status=complete
2026-10-11 07:39:44,054 INFO morning machine=0119 delay_seconds=7.633
2026-10-11 07:39:56,128 INFO morning machine=0120 status=complete
2026-10-11 07:39:56,128 INFO morning machine=0120 delay_seconds=6.638
2026-10-11 07:40:07,194 INFO morning machine=0121 status=complete
2026-10-11 07:40:07,194 INFO morning machine=0121 delay_seconds=6.010
2026-10-11 07:40:17,644 INFO morning machine=0148 status=complete
2026-10-11 07:40:17,644 INFO morning machine=0148 delay_seconds=7.933
2026-10-11 07:40:30,237 INFO morning machine=0149 status=complete
2026-10-11 07:40:30,237 INFO morning machine=0149 delay_seconds=7.137
2026-10-11 07:40:42,037 INFO morning machine=0150 status=complete
2026-10-11 07:40:42,037 INFO morning machine=0150 delay_seconds=5.150
2026-10-11 07:40:51,648 INFO morning machine=0151 status=complete
2026-10-11 07:40:51,648 INFO morning machine=0151 delay_seconds=7.119
2026-10-11 07:41:03,453 INFO morning machine=0152 status=complete
2026-10-11 07:41:03,453 INFO morning machine=0152 delay_seconds=5.787
2026-10-11 07:41:13,954 INFO morning machine=0153 status=complete
2026-10-11 07:41:13,954 INFO morning machine=0153 delay_seconds=6.502
2026-10-11 07:41:24,910 INFO morning machine=0154 status=complete
2026-10-11 07:41:24,910 INFO morning machine=0154 delay_seconds=6.555
2026-10-11 07:41:35,943 INFO morning machine=0155 status=complete
2026-10-11 07:41:35,951 INFO morning machine=0155 delay_seconds=7.891
2026-10-11 07:41:48,276 INFO morning machine=0156 status=complete
2026-10-11 07:41:48,276 INFO morning machine=0156 delay_seconds=5.234
2026-10-11 07:41:58,109 INFO morning machine=0157 status=complete
2026-10-11 07:41:58,109 INFO morning machine=0157 delay_seconds=6.857
2026-10-11 07:42:09,426 INFO morning machine=0158 status=complete
2026-10-11 07:42:09,426 INFO morning machine=0158 delay_seconds=6.941
2026-10-11 07:42:20,842 INFO morning machine=0159 status=complete
2026-10-11 07:42:20,876 INFO manifest=C:\kota\pachi_analysis\data\local_capture\20261010\morning\manifest.json status=complete
