2026-10-10 07:15:31,940 INFO morning machine=0008 status=complete
2026-10-10 07:15:31,940 INFO morning machine=0008 delay_seconds=7.991
2026-10-10 07:15:45,819 INFO morning machine=0009 status=complete
2026-10-10 07:15:45,819 INFO morning machine=0009 delay_seconds=6.585
2026-10-10 07:16:00,931 INFO morning machine=0010 status=complete
2026-10-10 07:16:00,931 INFO morning machine=0010 delay_seconds=6.765
2026-10-10 07:16:15,256 INFO morning machine=0011 status=complete
2026-10-10 07:16:15,256 INFO morning machine=0011 delay_seconds=6.513
2026-10-10 07:16:30,360 INFO morning machine=0012 status=complete
2026-10-10 07:16:30,360 INFO morning machine=0012 delay_seconds=7.193
2026-10-10 07:16:45,971 INFO morning machine=0018 status=complete
2026-10-10 07:16:45,971 INFO morning machine=0018 delay_seconds=7.109
2026-10-10 07:17:00,189 INFO morning machine=0019 status=complete
2026-10-10 07:17:00,189 INFO morning machine=0019 delay_seconds=6.457
2026-10-10 07:17:13,043 INFO morning machine=0035 status=complete
2026-10-10 07:17:13,043 INFO morning machine=0035 delay_seconds=7.622
2026-10-10 07:17:27,127 INFO morning machine=0036 status=complete
2026-10-10 07:17:27,127 INFO morning machine=0036 delay_seconds=5.290
2026-10-10 07:17:41,479 INFO morning machine=0037 status=complete
2026-10-10 07:17:41,479 INFO morning machine=0037 delay_seconds=6.807
2026-10-10 07:17:54,759 INFO morning machine=0038 status=complete
2026-10-10 07:17:54,759 INFO morning machine=0038 delay_seconds=6.929
2026-10-10 07:18:06,473 INFO morning machine=0039 status=complete
2026-10-10 07:18:06,473 INFO morning machine=0039 delay_seconds=6.180
2026-10-10 07:18:17,318 INFO morning machine=0040 status=complete
2026-10-10 07:18:17,318 INFO morning machine=0040 delay_seconds=7.248
2026-10-10 07:18:29,066 INFO morning machine=0041 status=complete
2026-10-10 07:18:29,066 INFO morning machine=0041 delay_seconds=7.131
2026-10-10 07:18:40,908 INFO morning machine=0042 status=complete
2026-10-10 07:18:40,908 INFO morning machine=0042 delay_seconds=6.102
2026-10-10 07:18:51,466 INFO morning machine=0043 status=complete
2026-10-10 07:18:51,466 INFO morning machine=0043 delay_seconds=7.025
2026-10-10 07:19:03,153 INFO morning machine=0044 status=complete
2026-10-10 07:19:03,153 INFO morning machine=0044 delay_seconds=7.499
2026-10-10 07:19:15,324 INFO morning machine=0045 status=complete
2026-10-10 07:19:15,324 INFO morning machine=0045 delay_seconds=6.031
2026-10-10 07:19:26,091 INFO morning machine=0046 status=complete
2026-10-10 07:19:26,091 INFO morning machine=0046 delay_seconds=7.908
2026-10-10 07:19:38,482 INFO morning machine=0047 status=complete
2026-10-10 07:19:38,482 INFO morning machine=0047 delay_seconds=7.431
2026-10-10 07:19:50,382 INFO morning machine=0048 status=complete
2026-10-10 07:19:50,382 INFO morning machine=0048 delay_seconds=5.289
2026-10-10 07:20:00,165 INFO morning machine=0049 status=complete
2026-10-10 07:20:00,165 INFO morning machine=0049 delay_seconds=7.665
2026-10-10 07:20:12,332 INFO morning machine=0050 status=complete
2026-10-10 07:20:12,332 INFO morning machine=0050 delay_seconds=7.966
2026-10-10 07:20:24,748 INFO morning machine=0051 status=complete
2026-10-10 07:20:24,748 INFO morning machine=0051 delay_seconds=6.146
2026-10-10 07:20:35,315 INFO morning machine=0052 status=complete
2026-10-10 07:20:35,315 INFO morning machine=0052 delay_seconds=5.783
2026-10-10 07:20:45,581 INFO morning machine=0053 status=complete
2026-10-10 07:20:45,581 INFO morning machine=0053 delay_seconds=7.053
2026-10-10 07:20:57,275 INFO morning machine=0054 status=complete
2026-10-10 07:20:57,275 INFO morning machine=0054 delay_seconds=6.711
2026-10-10 07:21:08,448 INFO morning machine=0055 status=complete
2026-10-10 07:21:08,448 INFO morning machine=0055 delay_seconds=7.946
2026-10-10 07:21:20,847 INFO morning machine=0056 status=complete
2026-10-10 07:21:20,847 INFO morning machine=0056 delay_seconds=5.751
2026-10-10 07:21:31,067 INFO morning machine=0057 status=complete
2026-10-10 07:21:31,067 INFO morning machine=0057 delay_seconds=7.663
2026-10-10 07:21:43,215 INFO morning machine=0058 status=complete
2026-10-10 07:21:43,215 INFO morning machine=0058 delay_seconds=5.290
2026-10-10 07:21:53,018 INFO morning machine=0059 status=complete
2026-10-10 07:21:53,018 INFO morning machine=0059 delay_seconds=5.995
2026-10-10 07:22:03,514 INFO morning machine=0060 status=complete
2026-10-10 07:22:03,514 INFO morning machine=0060 delay_seconds=7.765
2026-10-10 07:22:15,921 INFO morning machine=0061 status=complete
2026-10-10 07:22:15,921 INFO morning machine=0061 delay_seconds=5.401
2026-10-10 07:22:25,764 INFO morning machine=0062 status=complete
2026-10-10 07:22:25,764 INFO morning machine=0062 delay_seconds=5.332
2026-10-10 07:22:31,092 INFO morning batch_pause start completed=35 pause_seconds=600
2026-10-10 07:32:31,103 INFO morning batch_pause end completed=35
2026-10-10 07:32:35,865 INFO morning machine=0063 status=complete
2026-10-10 07:32:35,865 INFO morning machine=0063 delay_seconds=5.516
2026-10-10 07:32:45,822 INFO morning machine=0064 status=complete
2026-10-10 07:32:45,822 INFO morning machine=0064 delay_seconds=5.296
2026-10-10 07:32:55,588 INFO morning machine=0065 status=complete
2026-10-10 07:32:55,588 INFO morning machine=0065 delay_seconds=5.152
2026-10-10 07:33:05,172 INFO morning machine=0066 status=complete
2026-10-10 07:33:05,172 INFO morning machine=0066 delay_seconds=6.928
2026-10-10 07:33:17,638 INFO morning machine=0067 status=complete
2026-10-10 07:33:17,638 INFO morning machine=0067 delay_seconds=7.417
2026-10-10 07:33:29,505 INFO morning machine=0068 status=complete
2026-10-10 07:33:29,505 INFO morning machine=0068 delay_seconds=5.162
2026-10-10 07:33:39,188 INFO morning machine=0069 status=complete
2026-10-10 07:33:39,188 INFO morning machine=0069 delay_seconds=7.666
2026-10-10 07:33:51,321 INFO morning machine=0070 status=complete
2026-10-10 07:33:51,321 INFO morning machine=0070 delay_seconds=5.049
2026-10-10 07:34:00,821 INFO morning machine=0071 status=complete
2026-10-10 07:34:00,821 INFO morning machine=0071 delay_seconds=6.545
2026-10-10 07:34:12,012 INFO morning machine=0072 status=complete
2026-10-10 07:34:12,012 INFO morning machine=0072 delay_seconds=7.050
2026-10-10 07:34:24,554 INFO morning machine=0073 status=complete
2026-10-10 07:34:24,554 INFO morning machine=0073 delay_seconds=7.865
2026-10-10 07:34:36,870 INFO morning machine=0074 status=complete
2026-10-10 07:34:36,870 INFO morning machine=0074 delay_seconds=7.301
2026-10-10 07:34:48,604 INFO morning machine=0075 status=complete
2026-10-10 07:34:48,604 INFO morning machine=0075 delay_seconds=6.816
2026-10-10 07:34:59,887 INFO morning machine=0076 status=complete
2026-10-10 07:34:59,887 INFO morning machine=0076 delay_seconds=5.666
2026-10-10 07:35:10,061 INFO morning machine=0077 status=complete
2026-10-10 07:35:10,061 INFO morning machine=0077 delay_seconds=6.116
2026-10-10 07:35:20,670 INFO morning machine=0118 status=complete
2026-10-10 07:35:20,670 INFO morning machine=0118 delay_seconds=7.148
2026-10-10 07:35:32,461 INFO morning machine=0119 status=complete
2026-10-10 07:35:32,461 INFO morning machine=0119 delay_seconds=6.773
2026-10-10 07:35:43,978 INFO morning machine=0120 status=complete
2026-10-10 07:35:43,978 INFO morning machine=0120 delay_seconds=5.370
2026-10-10 07:35:53,946 INFO morning machine=0121 status=complete
2026-10-10 07:35:53,946 INFO morning machine=0121 delay_seconds=7.952
2026-10-10 07:36:06,353 INFO morning machine=0148 status=complete
2026-10-10 07:36:06,353 INFO morning machine=0148 delay_seconds=7.087
2026-10-10 07:36:18,095 INFO morning machine=0149 status=complete
2026-10-10 07:36:18,095 INFO morning machine=0149 delay_seconds=6.946
2026-10-10 07:36:29,519 INFO morning machine=0150 status=complete
2026-10-10 07:36:29,519 INFO morning machine=0150 delay_seconds=7.483
2026-10-10 07:36:41,469 INFO morning machine=0151 status=complete
2026-10-10 07:36:41,469 INFO morning machine=0151 delay_seconds=5.734
2026-10-10 07:36:51,844 INFO morning machine=0152 status=complete
2026-10-10 07:36:51,844 INFO morning machine=0152 delay_seconds=6.040
2026-10-10 07:37:02,319 INFO morning machine=0153 status=complete
2026-10-10 07:37:02,319 INFO morning machine=0153 delay_seconds=5.188
2026-10-10 07:37:12,002 INFO morning machine=0154 status=complete
2026-10-10 07:37:12,002 INFO morning machine=0154 delay_seconds=6.150
2026-10-10 07:37:22,602 INFO morning machine=0155 status=complete
2026-10-10 07:37:22,602 INFO morning machine=0155 delay_seconds=5.576
2026-10-10 07:37:32,618 INFO morning machine=0156 status=complete
2026-10-10 07:37:32,618 INFO morning machine=0156 delay_seconds=5.087
2026-10-10 07:37:42,151 INFO morning machine=0157 status=complete
2026-10-10 07:37:42,151 INFO morning machine=0157 delay_seconds=7.675
2026-10-10 07:37:54,252 INFO morning machine=0158 status=complete
2026-10-10 07:37:54,252 INFO morning machine=0158 delay_seconds=6.048
2026-10-10 07:38:04,735 INFO morning machine=0159 status=complete
2026-10-10 07:38:04,764 INFO manifest=C:\kota\pachi_analysis\data\local_capture\20261009\morning\manifest.json status=complete
