2026-09-26 04:51:02,739 INFO morning machine=0008 status=complete
2026-09-26 04:51:02,739 INFO morning machine=0008 delay_seconds=6.596
2026-09-26 04:51:14,036 INFO morning machine=0009 status=complete
2026-09-26 04:51:14,036 INFO morning machine=0009 delay_seconds=6.421
2026-09-26 04:51:25,203 INFO morning machine=0010 status=complete
2026-09-26 04:51:25,203 INFO morning machine=0010 delay_seconds=5.839
2026-09-26 04:51:35,527 INFO morning machine=0011 status=complete
2026-09-26 04:51:35,527 INFO morning machine=0011 delay_seconds=7.159
2026-09-26 04:51:47,735 INFO morning machine=0012 status=complete
2026-09-26 04:51:47,735 INFO morning machine=0012 delay_seconds=6.559
2026-09-26 04:51:58,777 INFO morning machine=0018 status=complete
2026-09-26 04:51:58,777 INFO morning machine=0018 delay_seconds=6.585
2026-09-26 04:52:10,151 INFO morning machine=0019 status=complete
2026-09-26 04:52:10,151 INFO morning machine=0019 delay_seconds=5.647
2026-09-26 04:52:20,536 INFO morning machine=0035 status=complete
2026-09-26 04:52:20,536 INFO morning machine=0035 delay_seconds=6.361
2026-09-26 04:52:31,393 INFO morning machine=0036 status=complete
2026-09-26 04:52:31,393 INFO morning machine=0036 delay_seconds=6.314
2026-09-26 04:52:43,744 INFO morning machine=0037 status=complete
2026-09-26 04:52:43,744 INFO morning machine=0037 delay_seconds=6.029
2026-09-26 04:52:54,484 INFO morning machine=0038 status=complete
2026-09-26 04:52:54,484 INFO morning machine=0038 delay_seconds=6.233
2026-09-26 04:53:05,209 INFO morning machine=0039 status=complete
2026-09-26 04:53:05,209 INFO morning machine=0039 delay_seconds=7.454
2026-09-26 04:53:17,209 INFO morning machine=0040 status=complete
2026-09-26 04:53:17,209 INFO morning machine=0040 delay_seconds=6.003
2026-09-26 04:53:29,276 INFO morning machine=0041 status=complete
2026-09-26 04:53:29,276 INFO morning machine=0041 delay_seconds=7.831
2026-09-26 04:53:43,092 INFO morning machine=0042 status=complete
2026-09-26 04:53:43,092 INFO morning machine=0042 delay_seconds=7.755
2026-09-26 04:53:56,876 INFO morning machine=0043 status=complete
2026-09-26 04:53:56,876 INFO morning machine=0043 delay_seconds=5.415
2026-09-26 04:54:08,342 INFO morning machine=0044 status=complete
2026-09-26 04:54:08,342 INFO morning machine=0044 delay_seconds=6.699
2026-09-26 04:54:21,794 INFO morning machine=0045 status=complete
2026-09-26 04:54:21,794 INFO morning machine=0045 delay_seconds=7.383
2026-09-26 04:54:36,941 INFO morning machine=0046 status=complete
2026-09-26 04:54:36,941 INFO morning machine=0046 delay_seconds=5.067
2026-09-26 04:54:53,116 INFO morning machine=0047 status=complete
2026-09-26 04:54:53,116 INFO morning machine=0047 delay_seconds=5.923
2026-09-26 04:55:06,691 INFO morning machine=0048 status=complete
2026-09-26 04:55:06,691 INFO morning machine=0048 delay_seconds=7.482
2026-09-26 04:55:22,683 INFO morning machine=0049 status=complete
2026-09-26 04:55:22,683 INFO morning machine=0049 delay_seconds=6.637
2026-09-26 04:55:40,540 INFO morning machine=0050 status=complete
2026-09-26 04:55:40,540 INFO morning machine=0050 delay_seconds=5.308
2026-09-26 04:55:58,607 INFO morning machine=0051 status=complete
2026-09-26 04:55:58,607 INFO morning machine=0051 delay_seconds=7.760
2026-09-26 04:56:10,940 INFO morning machine=0052 status=complete
2026-09-26 04:56:10,940 INFO morning machine=0052 delay_seconds=7.395
2026-09-26 04:56:23,048 INFO morning machine=0053 status=complete
2026-09-26 04:56:23,048 INFO morning machine=0053 delay_seconds=6.394
2026-09-26 04:56:35,440 INFO morning machine=0054 status=complete
2026-09-26 04:56:35,440 INFO morning machine=0054 delay_seconds=7.343
2026-09-26 04:56:47,306 INFO morning machine=0055 status=complete
2026-09-26 04:56:47,306 INFO morning machine=0055 delay_seconds=7.932
2026-09-26 04:56:59,792 INFO morning machine=0056 status=complete
2026-09-26 04:56:59,792 INFO morning machine=0056 delay_seconds=7.018
2026-09-26 04:57:11,564 INFO morning machine=0057 status=complete
2026-09-26 04:57:11,564 INFO morning machine=0057 delay_seconds=7.636
2026-09-26 04:57:23,964 INFO morning machine=0058 status=complete
2026-09-26 04:57:23,964 INFO morning machine=0058 delay_seconds=6.615
2026-09-26 04:57:35,522 INFO morning machine=0059 status=complete
2026-09-26 04:57:35,522 INFO morning machine=0059 delay_seconds=6.753
2026-09-26 04:57:50,072 INFO morning machine=0060 status=complete
2026-09-26 04:57:50,072 INFO morning machine=0060 delay_seconds=5.772
2026-09-26 04:58:04,256 INFO morning machine=0061 status=complete
2026-09-26 04:58:04,256 INFO morning machine=0061 delay_seconds=5.193
2026-09-26 04:58:19,863 INFO morning machine=0062 status=complete
2026-09-26 04:58:19,863 INFO morning machine=0062 delay_seconds=7.573
2026-09-26 04:58:27,439 INFO morning batch_pause start completed=35 pause_seconds=600
2026-09-26 05:08:27,441 INFO morning batch_pause end completed=35
2026-09-26 05:08:39,205 INFO morning machine=0063 status=complete
2026-09-26 05:08:39,205 INFO morning machine=0063 delay_seconds=6.867
2026-09-26 05:08:59,963 INFO morning machine=0064 status=complete
2026-09-26 05:08:59,963 INFO morning machine=0064 delay_seconds=5.703
2026-09-26 05:09:15,797 INFO morning machine=0065 status=complete
2026-09-26 05:09:15,797 INFO morning machine=0065 delay_seconds=6.325
2026-09-26 05:09:29,979 INFO morning machine=0066 status=complete
2026-09-26 05:09:29,979 INFO morning machine=0066 delay_seconds=7.558
2026-09-26 05:09:44,096 INFO morning machine=0067 status=complete
2026-09-26 05:09:44,096 INFO morning machine=0067 delay_seconds=7.422
2026-09-26 05:09:59,195 INFO morning machine=0068 status=complete
2026-09-26 05:09:59,195 INFO morning machine=0068 delay_seconds=5.019
2026-09-26 05:10:09,412 INFO morning machine=0069 status=complete
2026-09-26 05:10:09,412 INFO morning machine=0069 delay_seconds=7.604
2026-09-26 05:10:24,088 INFO morning machine=0070 status=complete
2026-09-26 05:10:24,088 INFO morning machine=0070 delay_seconds=7.580
2026-09-26 05:10:38,212 INFO morning machine=0071 status=complete
2026-09-26 05:10:38,212 INFO morning machine=0071 delay_seconds=6.772
2026-09-26 05:10:51,937 INFO morning machine=0072 status=complete
2026-09-26 05:10:51,937 INFO morning machine=0072 delay_seconds=7.931
2026-09-26 05:11:09,361 INFO morning machine=0073 status=complete
2026-09-26 05:11:09,361 INFO morning machine=0073 delay_seconds=7.315
2026-09-26 05:11:26,544 INFO morning machine=0074 status=complete
2026-09-26 05:11:26,544 INFO morning machine=0074 delay_seconds=7.509
2026-09-26 05:11:46,411 INFO morning machine=0075 status=complete
2026-09-26 05:11:46,411 INFO morning machine=0075 delay_seconds=6.185
2026-09-26 05:12:01,286 INFO morning machine=0076 status=complete
2026-09-26 05:12:01,286 INFO morning machine=0076 delay_seconds=5.156
2026-09-26 05:12:15,844 INFO morning machine=0077 status=complete
2026-09-26 05:12:15,844 INFO morning machine=0077 delay_seconds=5.765
2026-09-26 05:12:26,127 INFO morning machine=0118 status=complete
2026-09-26 05:12:26,127 INFO morning machine=0118 delay_seconds=5.354
2026-09-26 05:12:37,461 INFO morning machine=0119 status=complete
2026-09-26 05:12:37,461 INFO morning machine=0119 delay_seconds=7.391
2026-09-26 05:12:50,843 INFO morning machine=0120 status=complete
2026-09-26 05:12:50,843 INFO morning machine=0120 delay_seconds=7.672
2026-09-26 05:13:05,786 ERROR morning machine=0121 attempt=1 failed
Traceback (most recent call last):
  File "C:\kota\pachi_analysis\tools\pscube_cdp_morning_capture.py", line 126, in main
    result = capture_today(page, machine, args.date, out, abort_checker=esc_pressed, rate_limit_checker=raise_if_rate_limited)
             ^^^^^^^^^^^^^^^^^^^^^^^^^^^^^^^^^^^^^^^^^^^^^^^^^^^^^^^^^^^^^^^^^^^^^^^^^^^^^^^^^^^^^^^^^^^^^^^^^^^^^^^^^^^^^^^^^
  File "C:\kota\pachi_analysis\tools\pscube_cdp_capture_common.py", line 594, in capture_today
    raise RuntimeError(f"#CHART-{date} svg not found")
RuntimeError: #CHART-20260925 svg not found
2026-09-26 05:13:19,725 ERROR morning machine=0121 attempt=2 failed
Traceback (most recent call last):
  File "C:\kota\pachi_analysis\tools\pscube_cdp_morning_capture.py", line 126, in main
    result = capture_today(page, machine, args.date, out, abort_checker=esc_pressed, rate_limit_checker=raise_if_rate_limited)
             ^^^^^^^^^^^^^^^^^^^^^^^^^^^^^^^^^^^^^^^^^^^^^^^^^^^^^^^^^^^^^^^^^^^^^^^^^^^^^^^^^^^^^^^^^^^^^^^^^^^^^^^^^^^^^^^^^
  File "C:\kota\pachi_analysis\tools\pscube_cdp_capture_common.py", line 594, in capture_today
    raise RuntimeError(f"#CHART-{date} svg not found")
RuntimeError: #CHART-20260925 svg not found
2026-09-26 05:13:19,726 INFO morning machine=0121 status=failed
2026-09-26 05:13:28,209 INFO morning machine=0148 status=complete
2026-09-26 05:13:28,209 INFO morning machine=0148 delay_seconds=7.747
2026-09-26 05:13:45,209 INFO morning machine=0149 status=complete
2026-09-26 05:13:45,209 INFO morning machine=0149 delay_seconds=7.648
2026-09-26 05:14:03,925 INFO morning machine=0150 status=complete
2026-09-26 05:14:03,925 INFO morning machine=0150 delay_seconds=6.677
2026-09-26 05:14:15,095 INFO morning machine=0151 status=complete
2026-09-26 05:14:15,095 INFO morning machine=0151 delay_seconds=7.419
2026-09-26 05:14:31,175 INFO morning machine=0152 status=complete
2026-09-26 05:14:31,175 INFO morning machine=0152 delay_seconds=6.422
2026-09-26 05:14:45,675 INFO morning machine=0153 status=complete
2026-09-26 05:14:45,675 INFO morning machine=0153 delay_seconds=7.254
2026-09-26 05:15:01,491 INFO morning machine=0154 status=complete
2026-09-26 05:15:01,491 INFO morning machine=0154 delay_seconds=7.154
2026-09-26 05:15:18,558 INFO morning machine=0155 status=complete
2026-09-26 05:15:18,558 INFO morning machine=0155 delay_seconds=6.283
2026-09-26 05:15:34,292 INFO morning machine=0156 status=complete
2026-09-26 05:15:34,292 INFO morning machine=0156 delay_seconds=6.516
2026-09-26 05:15:47,274 INFO morning machine=0157 status=complete
2026-09-26 05:15:47,274 INFO morning machine=0157 delay_seconds=5.569
2026-09-26 05:15:57,357 INFO morning machine=0158 status=complete
2026-09-26 05:15:57,357 INFO morning machine=0158 delay_seconds=5.392
2026-09-26 05:16:12,750 INFO morning machine=0159 status=complete
2026-09-26 05:16:12,770 INFO manifest=C:\kota\pachi_analysis\data\local_capture\20260925\morning\manifest.json status=incomplete
2026-09-26 06:58:47,702 INFO morning machine=0121 status=complete
2026-09-26 06:58:47,721 INFO manifest=C:\kota\pachi_analysis\data\local_capture\20260925\morning\manifest.json status=complete
