2026-09-27 06:31:17,452 INFO morning machine=0008 status=complete
2026-09-27 06:31:17,452 INFO morning machine=0008 delay_seconds=7.362
2026-09-27 06:31:29,320 INFO morning machine=0009 status=complete
2026-09-27 06:31:29,320 INFO morning machine=0009 delay_seconds=6.980
2026-09-27 06:31:42,766 INFO morning machine=0010 status=complete
2026-09-27 06:31:42,766 INFO morning machine=0010 delay_seconds=5.650
2026-09-27 06:31:53,129 INFO morning machine=0011 status=complete
2026-09-27 06:31:53,129 INFO morning machine=0011 delay_seconds=5.766
2026-09-27 06:32:03,562 INFO morning machine=0012 status=complete
2026-09-27 06:32:03,562 INFO morning machine=0012 delay_seconds=6.761
2026-09-27 06:32:14,769 INFO morning machine=0018 status=complete
2026-09-27 06:32:14,769 INFO morning machine=0018 delay_seconds=6.203
2026-09-27 06:32:25,419 INFO morning machine=0019 status=complete
2026-09-27 06:32:25,419 INFO morning machine=0019 delay_seconds=7.903
2026-09-27 06:32:38,096 INFO morning machine=0035 status=complete
2026-09-27 06:32:38,096 INFO morning machine=0035 delay_seconds=7.216
2026-09-27 06:32:49,752 INFO morning machine=0036 status=complete
2026-09-27 06:32:49,752 INFO morning machine=0036 delay_seconds=6.164
2026-09-27 06:33:00,648 INFO morning machine=0037 status=complete
2026-09-27 06:33:00,648 INFO morning machine=0037 delay_seconds=5.152
2026-09-27 06:33:10,305 INFO morning machine=0038 status=complete
2026-09-27 06:33:10,305 INFO morning machine=0038 delay_seconds=5.232
2026-09-27 06:33:19,985 INFO morning machine=0039 status=complete
2026-09-27 06:33:19,985 INFO morning machine=0039 delay_seconds=5.764
2026-09-27 06:33:30,201 INFO morning machine=0040 status=complete
2026-09-27 06:33:30,201 INFO morning machine=0040 delay_seconds=5.538
2026-09-27 06:33:40,235 INFO morning machine=0041 status=complete
2026-09-27 06:33:40,235 INFO morning machine=0041 delay_seconds=6.147
2026-09-27 06:33:51,094 INFO morning machine=0042 status=complete
2026-09-27 06:33:51,094 INFO morning machine=0042 delay_seconds=6.447
2026-09-27 06:34:02,326 INFO morning machine=0043 status=complete
2026-09-27 06:34:02,326 INFO morning machine=0043 delay_seconds=5.480
2026-09-27 06:34:12,477 INFO morning machine=0044 status=complete
2026-09-27 06:34:12,477 INFO morning machine=0044 delay_seconds=6.344
2026-09-27 06:34:23,290 INFO morning machine=0045 status=complete
2026-09-27 06:34:23,290 INFO morning machine=0045 delay_seconds=5.676
2026-09-27 06:34:33,435 INFO morning machine=0046 status=complete
2026-09-27 06:34:33,435 INFO morning machine=0046 delay_seconds=7.374
2026-09-27 06:34:45,257 INFO morning machine=0047 status=complete
2026-09-27 06:34:45,257 INFO morning machine=0047 delay_seconds=5.744
2026-09-27 06:34:55,484 INFO morning machine=0048 status=complete
2026-09-27 06:34:55,484 INFO morning machine=0048 delay_seconds=5.518
2026-09-27 06:35:05,584 INFO morning machine=0049 status=complete
2026-09-27 06:35:05,584 INFO morning machine=0049 delay_seconds=6.423
2026-09-27 06:35:16,533 INFO morning machine=0050 status=complete
2026-09-27 06:35:16,533 INFO morning machine=0050 delay_seconds=5.387
2026-09-27 06:35:26,384 INFO morning machine=0051 status=complete
2026-09-27 06:35:26,384 INFO morning machine=0051 delay_seconds=6.283
2026-09-27 06:35:37,577 INFO morning machine=0052 status=complete
2026-09-27 06:35:37,577 INFO morning machine=0052 delay_seconds=7.593
2026-09-27 06:35:49,650 INFO morning machine=0053 status=complete
2026-09-27 06:35:49,650 INFO morning machine=0053 delay_seconds=7.090
2026-09-27 06:36:01,443 INFO morning machine=0054 status=complete
2026-09-27 06:36:01,443 INFO morning machine=0054 delay_seconds=6.585
2026-09-27 06:36:12,537 INFO morning machine=0055 status=complete
2026-09-27 06:36:12,537 INFO morning machine=0055 delay_seconds=5.795
2026-09-27 06:36:22,849 INFO morning machine=0056 status=complete
2026-09-27 06:36:22,849 INFO morning machine=0056 delay_seconds=7.666
2026-09-27 06:36:42,076 INFO morning machine=0057 status=complete
2026-09-27 06:36:42,076 INFO morning machine=0057 delay_seconds=6.586
2026-09-27 06:36:56,499 INFO morning machine=0058 status=complete
2026-09-27 06:36:56,499 INFO morning machine=0058 delay_seconds=5.301
2026-09-27 06:37:11,849 INFO morning machine=0059 status=complete
2026-09-27 06:37:11,849 INFO morning machine=0059 delay_seconds=7.887
2026-09-27 06:37:31,975 INFO morning machine=0060 status=complete
2026-09-27 06:37:31,975 INFO morning machine=0060 delay_seconds=5.174
2026-09-27 06:37:44,098 INFO morning machine=0061 status=complete
2026-09-27 06:37:44,098 INFO morning machine=0061 delay_seconds=7.278
2026-09-27 06:38:03,223 INFO morning machine=0062 status=complete
2026-09-27 06:38:03,223 INFO morning machine=0062 delay_seconds=7.516
2026-09-27 06:38:10,749 INFO morning batch_pause start completed=35 pause_seconds=600
2026-09-27 06:48:10,752 INFO morning batch_pause end completed=35
2026-09-27 06:48:18,923 INFO morning machine=0063 status=complete
2026-09-27 06:48:18,923 INFO morning machine=0063 delay_seconds=5.480
2026-09-27 06:48:29,266 INFO morning machine=0064 status=complete
2026-09-27 06:48:29,266 INFO morning machine=0064 delay_seconds=5.186
2026-09-27 06:48:39,106 INFO morning machine=0065 status=complete
2026-09-27 06:48:39,106 INFO morning machine=0065 delay_seconds=5.200
2026-09-27 06:48:50,599 INFO morning machine=0066 status=complete
2026-09-27 06:48:50,599 INFO morning machine=0066 delay_seconds=7.753
2026-09-27 06:49:10,847 INFO morning machine=0067 status=complete
2026-09-27 06:49:10,847 INFO morning machine=0067 delay_seconds=5.660
2026-09-27 06:49:23,982 INFO morning machine=0068 status=complete
2026-09-27 06:49:23,982 INFO morning machine=0068 delay_seconds=5.246
2026-09-27 06:49:38,082 INFO morning machine=0069 status=complete
2026-09-27 06:49:38,082 INFO morning machine=0069 delay_seconds=7.455
2026-09-27 06:49:52,338 INFO morning machine=0070 status=complete
2026-09-27 06:49:52,338 INFO morning machine=0070 delay_seconds=7.486
2026-09-27 06:50:06,422 INFO morning machine=0071 status=complete
2026-09-27 06:50:06,422 INFO morning machine=0071 delay_seconds=7.732
2026-09-27 06:50:19,162 INFO morning machine=0072 status=complete
2026-09-27 06:50:19,162 INFO morning machine=0072 delay_seconds=7.518
2026-09-27 06:50:36,172 INFO morning machine=0073 status=complete
2026-09-27 06:50:36,172 INFO morning machine=0073 delay_seconds=7.304
2026-09-27 06:50:48,988 INFO morning machine=0074 status=complete
2026-09-27 06:50:48,988 INFO morning machine=0074 delay_seconds=7.811
2026-09-27 06:51:05,204 INFO morning machine=0075 status=complete
2026-09-27 06:51:05,204 INFO morning machine=0075 delay_seconds=6.380
2026-09-27 06:51:17,154 INFO morning machine=0076 status=complete
2026-09-27 06:51:17,154 INFO morning machine=0076 delay_seconds=5.869
2026-09-27 06:51:30,471 INFO morning machine=0077 status=complete
2026-09-27 06:51:30,471 INFO morning machine=0077 delay_seconds=5.984
2026-09-27 06:51:40,970 INFO morning machine=0118 status=complete
2026-09-27 06:51:40,970 INFO morning machine=0118 delay_seconds=7.166
2026-09-27 06:52:00,504 INFO morning machine=0119 status=complete
2026-09-27 06:52:00,504 INFO morning machine=0119 delay_seconds=5.137
2026-09-27 06:52:14,803 INFO morning machine=0120 status=complete
2026-09-27 06:52:14,803 INFO morning machine=0120 delay_seconds=7.630
2026-09-27 06:52:31,037 INFO morning machine=0121 status=complete
2026-09-27 06:52:31,037 INFO morning machine=0121 delay_seconds=7.758
2026-09-27 06:52:43,427 INFO morning machine=0148 status=complete
2026-09-27 06:52:43,427 INFO morning machine=0148 delay_seconds=5.509
2026-09-27 06:52:54,569 INFO morning machine=0149 status=complete
2026-09-27 06:52:54,569 INFO morning machine=0149 delay_seconds=7.516
2026-09-27 06:53:08,860 INFO morning machine=0150 status=complete
2026-09-27 06:53:08,860 INFO morning machine=0150 delay_seconds=6.138
2026-09-27 06:53:23,812 INFO morning machine=0151 status=complete
2026-09-27 06:53:23,812 INFO morning machine=0151 delay_seconds=5.467
2026-09-27 06:53:40,552 INFO morning machine=0152 status=complete
2026-09-27 06:53:40,552 INFO morning machine=0152 delay_seconds=6.091
2026-09-27 06:53:51,159 INFO morning machine=0153 status=complete
2026-09-27 06:53:51,159 INFO morning machine=0153 delay_seconds=6.188
2026-09-27 06:54:05,260 INFO morning machine=0154 status=complete
2026-09-27 06:54:05,260 INFO morning machine=0154 delay_seconds=7.098
2026-09-27 06:54:17,635 INFO morning machine=0155 status=complete
2026-09-27 06:54:17,635 INFO morning machine=0155 delay_seconds=7.622
2026-09-27 06:54:29,752 INFO morning machine=0156 status=complete
2026-09-27 06:54:29,752 INFO morning machine=0156 delay_seconds=7.106
2026-09-27 06:54:44,695 INFO morning machine=0157 status=complete
2026-09-27 06:54:44,695 INFO morning machine=0157 delay_seconds=7.537
2026-09-27 06:55:04,718 INFO morning machine=0158 status=complete
2026-09-27 06:55:04,718 INFO morning machine=0158 delay_seconds=6.768
2026-09-27 06:55:16,021 INFO morning machine=0159 status=complete
2026-09-27 06:55:16,048 INFO manifest=C:\kota\pachi_analysis\data\local_capture\20260926\morning\manifest.json status=complete
