2026-10-08 07:12:17,833 INFO morning machine=0008 status=complete
2026-10-08 07:12:17,833 INFO morning machine=0008 delay_seconds=5.885
2026-10-08 07:12:28,376 INFO morning machine=0009 status=complete
2026-10-08 07:12:28,376 INFO morning machine=0009 delay_seconds=5.460
2026-10-08 07:12:38,542 INFO morning machine=0010 status=complete
2026-10-08 07:12:38,542 INFO morning machine=0010 delay_seconds=7.424
2026-10-08 07:12:51,938 INFO morning machine=0011 status=complete
2026-10-08 07:12:51,939 INFO morning machine=0011 delay_seconds=5.285
2026-10-08 07:13:01,893 INFO morning machine=0012 status=complete
2026-10-08 07:13:01,893 INFO morning machine=0012 delay_seconds=6.004
2026-10-08 07:13:12,384 INFO morning machine=0018 status=complete
2026-10-08 07:13:12,384 INFO morning machine=0018 delay_seconds=7.893
2026-10-08 07:13:24,765 INFO morning machine=0019 status=complete
2026-10-08 07:13:24,765 INFO morning machine=0019 delay_seconds=7.018
2026-10-08 07:13:37,218 INFO morning machine=0035 status=complete
2026-10-08 07:13:37,218 INFO morning machine=0035 delay_seconds=7.892
2026-10-08 07:13:49,858 INFO morning machine=0036 status=complete
2026-10-08 07:13:49,858 INFO morning machine=0036 delay_seconds=6.316
2026-10-08 07:14:00,599 INFO morning machine=0037 status=complete
2026-10-08 07:14:00,599 INFO morning machine=0037 delay_seconds=5.351
2026-10-08 07:14:10,893 INFO morning machine=0038 status=complete
2026-10-08 07:14:10,893 INFO morning machine=0038 delay_seconds=5.696
2026-10-08 07:14:21,033 INFO morning machine=0039 status=complete
2026-10-08 07:14:21,033 INFO morning machine=0039 delay_seconds=6.644
2026-10-08 07:14:33,682 INFO morning machine=0040 status=complete
2026-10-08 07:14:33,682 INFO morning machine=0040 delay_seconds=5.812
2026-10-08 07:14:44,140 INFO morning machine=0041 status=complete
2026-10-08 07:14:44,140 INFO morning machine=0041 delay_seconds=7.642
2026-10-08 07:14:57,784 INFO morning machine=0042 status=complete
2026-10-08 07:14:57,784 INFO morning machine=0042 delay_seconds=5.614
2026-10-08 07:15:09,399 INFO morning machine=0043 status=complete
2026-10-08 07:15:09,399 INFO morning machine=0043 delay_seconds=5.994
2026-10-08 07:15:19,815 INFO morning machine=0044 status=complete
2026-10-08 07:15:19,815 INFO morning machine=0044 delay_seconds=6.419
2026-10-08 07:15:30,715 INFO morning machine=0045 status=complete
2026-10-08 07:15:30,715 INFO morning machine=0045 delay_seconds=6.036
2026-10-08 07:15:41,182 INFO morning machine=0046 status=complete
2026-10-08 07:15:41,182 INFO morning machine=0046 delay_seconds=5.792
2026-10-08 07:15:51,382 INFO morning machine=0047 status=complete
2026-10-08 07:15:51,382 INFO morning machine=0047 delay_seconds=6.932
2026-10-08 07:16:02,973 INFO morning machine=0048 status=complete
2026-10-08 07:16:02,973 INFO morning machine=0048 delay_seconds=5.189
2026-10-08 07:16:12,615 INFO morning machine=0049 status=complete
2026-10-08 07:16:12,615 INFO morning machine=0049 delay_seconds=7.819
2026-10-08 07:16:24,931 INFO morning machine=0050 status=complete
2026-10-08 07:16:24,931 INFO morning machine=0050 delay_seconds=5.400
2026-10-08 07:16:36,297 INFO morning machine=0051 status=complete
2026-10-08 07:16:36,297 INFO morning machine=0051 delay_seconds=7.279
2026-10-08 07:16:49,532 INFO morning machine=0052 status=complete
2026-10-08 07:16:49,533 INFO morning machine=0052 delay_seconds=7.217
2026-10-08 07:17:02,731 INFO morning machine=0053 status=complete
2026-10-08 07:17:02,731 INFO morning machine=0053 delay_seconds=5.077
2026-10-08 07:17:12,247 INFO morning machine=0054 status=complete
2026-10-08 07:17:12,247 INFO morning machine=0054 delay_seconds=6.077
2026-10-08 07:17:22,730 INFO morning machine=0055 status=complete
2026-10-08 07:17:22,730 INFO morning machine=0055 delay_seconds=6.964
2026-10-08 07:17:34,130 INFO morning machine=0056 status=complete
2026-10-08 07:17:34,130 INFO morning machine=0056 delay_seconds=7.234
2026-10-08 07:17:45,797 INFO morning machine=0057 status=complete
2026-10-08 07:17:45,797 INFO morning machine=0057 delay_seconds=7.923
2026-10-08 07:17:58,197 INFO morning machine=0058 status=complete
2026-10-08 07:17:58,197 INFO morning machine=0058 delay_seconds=5.108
2026-10-08 07:18:07,763 INFO morning machine=0059 status=complete
2026-10-08 07:18:07,763 INFO morning machine=0059 delay_seconds=5.257
2026-10-08 07:18:19,013 INFO morning machine=0060 status=complete
2026-10-08 07:18:19,013 INFO morning machine=0060 delay_seconds=7.649
2026-10-08 07:18:31,129 INFO morning machine=0061 status=complete
2026-10-08 07:18:31,129 INFO morning machine=0061 delay_seconds=7.166
2026-10-08 07:18:42,746 INFO morning machine=0062 status=complete
2026-10-08 07:18:42,746 INFO morning machine=0062 delay_seconds=6.502
2026-10-08 07:18:49,252 INFO morning batch_pause start completed=35 pause_seconds=600
2026-10-08 07:28:49,260 INFO morning batch_pause end completed=35
2026-10-08 07:28:53,805 INFO morning machine=0063 status=complete
2026-10-08 07:28:53,805 INFO morning machine=0063 delay_seconds=5.426
2026-10-08 07:29:03,897 INFO morning machine=0064 status=complete
2026-10-08 07:29:03,897 INFO morning machine=0064 delay_seconds=7.322
2026-10-08 07:29:15,672 INFO morning machine=0065 status=complete
2026-10-08 07:29:15,672 INFO morning machine=0065 delay_seconds=7.022
2026-10-08 07:29:27,158 INFO morning machine=0066 status=complete
2026-10-08 07:29:27,158 INFO morning machine=0066 delay_seconds=7.504
2026-10-08 07:29:39,088 INFO morning machine=0067 status=complete
2026-10-08 07:29:39,088 INFO morning machine=0067 delay_seconds=6.968
2026-10-08 07:29:50,696 INFO morning machine=0068 status=complete
2026-10-08 07:29:50,696 INFO morning machine=0068 delay_seconds=6.902
2026-10-08 07:30:03,304 INFO morning machine=0069 status=complete
2026-10-08 07:30:03,304 INFO morning machine=0069 delay_seconds=7.850
2026-10-08 07:30:15,654 INFO morning machine=0070 status=complete
2026-10-08 07:30:15,654 INFO morning machine=0070 delay_seconds=7.120
2026-10-08 07:30:27,204 INFO morning machine=0071 status=complete
2026-10-08 07:30:27,204 INFO morning machine=0071 delay_seconds=7.672
2026-10-08 07:30:39,354 INFO morning machine=0072 status=complete
2026-10-08 07:30:39,354 INFO morning machine=0072 delay_seconds=7.151
2026-10-08 07:30:50,940 INFO morning machine=0073 status=complete
2026-10-08 07:30:50,940 INFO morning machine=0073 delay_seconds=7.378
2026-10-08 07:31:02,753 INFO morning machine=0074 status=complete
2026-10-08 07:31:02,753 INFO morning machine=0074 delay_seconds=7.989
2026-10-08 07:31:16,703 INFO morning machine=0075 status=complete
2026-10-08 07:31:16,703 INFO morning machine=0075 delay_seconds=7.747
2026-10-08 07:31:28,870 INFO morning machine=0076 status=complete
2026-10-08 07:31:28,870 INFO morning machine=0076 delay_seconds=7.432
2026-10-08 07:31:40,720 INFO morning machine=0077 status=complete
2026-10-08 07:31:40,720 INFO morning machine=0077 delay_seconds=6.828
2026-10-08 07:31:52,430 INFO morning machine=0118 status=complete
2026-10-08 07:31:52,430 INFO morning machine=0118 delay_seconds=7.408
2026-10-08 07:32:04,462 INFO morning machine=0119 status=complete
2026-10-08 07:32:04,462 INFO morning machine=0119 delay_seconds=6.864
2026-10-08 07:32:15,753 INFO morning machine=0120 status=complete
2026-10-08 07:32:15,753 INFO morning machine=0120 delay_seconds=6.333
2026-10-08 07:32:26,729 INFO morning machine=0121 status=complete
2026-10-08 07:32:26,729 INFO morning machine=0121 delay_seconds=5.712
2026-10-08 07:32:37,060 INFO morning machine=0148 status=complete
2026-10-08 07:32:37,060 INFO morning machine=0148 delay_seconds=5.140
2026-10-08 07:32:46,719 INFO morning machine=0149 status=complete
2026-10-08 07:32:46,719 INFO morning machine=0149 delay_seconds=7.714
2026-10-08 07:32:58,869 INFO morning machine=0150 status=complete
2026-10-08 07:32:58,869 INFO morning machine=0150 delay_seconds=6.047
2026-10-08 07:33:09,319 INFO morning machine=0151 status=complete
2026-10-08 07:33:09,319 INFO morning machine=0151 delay_seconds=5.427
2026-10-08 07:33:19,186 INFO morning machine=0152 status=complete
2026-10-08 07:33:19,186 INFO morning machine=0152 delay_seconds=5.676
2026-10-08 07:33:29,794 INFO morning machine=0153 status=complete
2026-10-08 07:33:29,794 INFO morning machine=0153 delay_seconds=5.084
2026-10-08 07:33:39,335 INFO morning machine=0154 status=complete
2026-10-08 07:33:39,335 INFO morning machine=0154 delay_seconds=7.399
2026-10-08 07:33:51,846 INFO morning machine=0155 status=complete
2026-10-08 07:33:51,846 INFO morning machine=0155 delay_seconds=7.305
2026-10-08 07:34:03,701 INFO morning machine=0156 status=complete
2026-10-08 07:34:03,701 INFO morning machine=0156 delay_seconds=5.294
2026-10-08 07:34:13,501 INFO morning machine=0157 status=complete
2026-10-08 07:34:13,501 INFO morning machine=0157 delay_seconds=5.256
2026-10-08 07:34:23,237 INFO morning machine=0158 status=complete
2026-10-08 07:34:23,237 INFO morning machine=0158 delay_seconds=5.301
2026-10-08 07:34:32,970 INFO morning machine=0159 status=complete
2026-10-08 07:34:32,995 INFO manifest=C:\kota\pachi_analysis\data\local_capture\20261007\morning\manifest.json status=complete
