2026-10-06 06:53:22,439 INFO morning machine=0008 status=complete
2026-10-06 06:53:22,439 INFO morning machine=0008 delay_seconds=6.672
2026-10-06 06:53:33,592 INFO morning machine=0009 status=complete
2026-10-06 06:53:33,592 INFO morning machine=0009 delay_seconds=7.481
2026-10-06 06:53:45,819 INFO morning machine=0010 status=complete
2026-10-06 06:53:45,819 INFO morning machine=0010 delay_seconds=7.537
2026-10-06 06:53:57,825 INFO morning machine=0011 status=complete
2026-10-06 06:53:57,825 INFO morning machine=0011 delay_seconds=6.096
2026-10-06 06:54:08,584 INFO morning machine=0012 status=complete
2026-10-06 06:54:08,585 INFO morning machine=0012 delay_seconds=5.967
2026-10-06 06:54:20,564 INFO morning machine=0018 status=complete
2026-10-06 06:54:20,564 INFO morning machine=0018 delay_seconds=7.716
2026-10-06 06:54:32,802 INFO morning machine=0019 status=complete
2026-10-06 06:54:32,802 INFO morning machine=0019 delay_seconds=5.606
2026-10-06 06:54:43,133 INFO morning machine=0035 status=complete
2026-10-06 06:54:43,133 INFO morning machine=0035 delay_seconds=6.848
2026-10-06 06:54:54,457 INFO morning machine=0036 status=complete
2026-10-06 06:54:54,457 INFO morning machine=0036 delay_seconds=7.266
2026-10-06 06:55:06,190 INFO morning machine=0037 status=complete
2026-10-06 06:55:06,190 INFO morning machine=0037 delay_seconds=7.477
2026-10-06 06:55:18,667 INFO morning machine=0038 status=complete
2026-10-06 06:55:18,667 INFO morning machine=0038 delay_seconds=7.464
2026-10-06 06:55:45,556 INFO morning machine=0039 status=incomplete
2026-10-06 06:55:51,593 INFO morning machine=0040 status=complete
2026-10-06 06:55:51,593 INFO morning machine=0040 delay_seconds=5.934
2026-10-06 06:56:02,006 INFO morning machine=0041 status=complete
2026-10-06 06:56:02,006 INFO morning machine=0041 delay_seconds=7.817
2026-10-06 06:56:14,290 INFO morning machine=0042 status=complete
2026-10-06 06:56:14,290 INFO morning machine=0042 delay_seconds=5.904
2026-10-06 06:56:24,756 INFO morning machine=0043 status=complete
2026-10-06 06:56:24,756 INFO morning machine=0043 delay_seconds=5.544
2026-10-06 06:56:34,790 INFO morning machine=0044 status=complete
2026-10-06 06:56:34,790 INFO morning machine=0044 delay_seconds=5.082
2026-10-06 06:56:44,346 INFO morning machine=0045 status=complete
2026-10-06 06:56:44,346 INFO morning machine=0045 delay_seconds=5.530
2026-10-06 06:56:54,543 INFO morning machine=0046 status=complete
2026-10-06 06:56:54,543 INFO morning machine=0046 delay_seconds=5.070
2026-10-06 06:57:05,831 INFO morning machine=0047 status=complete
2026-10-06 06:57:05,831 INFO morning machine=0047 delay_seconds=7.335
2026-10-06 06:57:17,689 INFO morning machine=0048 status=complete
2026-10-06 06:57:17,689 INFO morning machine=0048 delay_seconds=7.540
2026-10-06 06:57:29,711 INFO morning machine=0049 status=complete
2026-10-06 06:57:29,711 INFO morning machine=0049 delay_seconds=7.494
2026-10-06 06:57:41,795 INFO morning machine=0050 status=complete
2026-10-06 06:57:41,795 INFO morning machine=0050 delay_seconds=6.562
2026-10-06 06:57:52,855 INFO morning machine=0051 status=complete
2026-10-06 06:57:52,855 INFO morning machine=0051 delay_seconds=5.081
2026-10-06 06:58:02,438 INFO morning machine=0052 status=complete
2026-10-06 06:58:02,438 INFO morning machine=0052 delay_seconds=7.421
2026-10-06 06:58:14,255 INFO morning machine=0053 status=complete
2026-10-06 06:58:14,255 INFO morning machine=0053 delay_seconds=7.555
2026-10-06 06:58:26,326 INFO morning machine=0054 status=complete
2026-10-06 06:58:26,326 INFO morning machine=0054 delay_seconds=5.177
2026-10-06 06:58:36,007 INFO morning machine=0055 status=complete
2026-10-06 06:58:36,007 INFO morning machine=0055 delay_seconds=7.618
2026-10-06 06:58:48,104 INFO morning machine=0056 status=complete
2026-10-06 06:58:48,104 INFO morning machine=0056 delay_seconds=6.585
2026-10-06 06:58:59,272 INFO morning machine=0057 status=complete
2026-10-06 06:58:59,272 INFO morning machine=0057 delay_seconds=5.776
2026-10-06 06:59:09,557 INFO morning machine=0058 status=complete
2026-10-06 06:59:09,557 INFO morning machine=0058 delay_seconds=7.406
2026-10-06 06:59:21,437 INFO morning machine=0059 status=complete
2026-10-06 06:59:21,437 INFO morning machine=0059 delay_seconds=5.454
2026-10-06 06:59:31,375 INFO morning machine=0060 status=complete
2026-10-06 06:59:31,376 INFO morning machine=0060 delay_seconds=5.491
2026-10-06 06:59:41,371 INFO morning machine=0061 status=complete
2026-10-06 06:59:41,371 INFO morning machine=0061 delay_seconds=7.035
2026-10-06 06:59:52,890 INFO morning machine=0062 status=complete
2026-10-06 06:59:52,890 INFO morning machine=0062 delay_seconds=5.139
2026-10-06 07:00:02,504 INFO morning machine=0063 status=complete
2026-10-06 07:00:02,504 INFO morning machine=0063 delay_seconds=7.480
2026-10-06 07:00:09,990 INFO morning batch_pause start completed=35 pause_seconds=600
2026-10-06 07:10:09,990 INFO morning batch_pause end completed=35
2026-10-06 07:10:14,789 INFO morning machine=0064 status=complete
2026-10-06 07:10:14,789 INFO morning machine=0064 delay_seconds=7.817
2026-10-06 07:10:27,113 INFO morning machine=0065 status=complete
2026-10-06 07:10:27,113 INFO morning machine=0065 delay_seconds=5.517
2026-10-06 07:10:38,646 INFO morning machine=0066 status=complete
2026-10-06 07:10:38,646 INFO morning machine=0066 delay_seconds=6.327
2026-10-06 07:10:49,430 INFO morning machine=0067 status=complete
2026-10-06 07:10:49,430 INFO morning machine=0067 delay_seconds=5.200
2026-10-06 07:10:59,096 INFO morning machine=0068 status=complete
2026-10-06 07:10:59,096 INFO morning machine=0068 delay_seconds=7.405
2026-10-06 07:11:10,996 INFO morning machine=0069 status=complete
2026-10-06 07:11:10,996 INFO morning machine=0069 delay_seconds=5.370
2026-10-06 07:11:20,863 INFO morning machine=0070 status=complete
2026-10-06 07:11:20,863 INFO morning machine=0070 delay_seconds=5.564
2026-10-06 07:11:30,879 INFO morning machine=0071 status=complete
2026-10-06 07:11:30,879 INFO morning machine=0071 delay_seconds=6.157
2026-10-06 07:11:41,495 INFO morning machine=0072 status=complete
2026-10-06 07:11:41,495 INFO morning machine=0072 delay_seconds=5.825
2026-10-06 07:11:51,812 INFO morning machine=0073 status=complete
2026-10-06 07:11:51,812 INFO morning machine=0073 delay_seconds=7.519
2026-10-06 07:12:03,828 INFO morning machine=0074 status=complete
2026-10-06 07:12:03,828 INFO morning machine=0074 delay_seconds=7.242
2026-10-06 07:12:15,546 INFO morning machine=0075 status=complete
2026-10-06 07:12:15,546 INFO morning machine=0075 delay_seconds=5.630
2026-10-06 07:12:25,678 INFO morning machine=0076 status=complete
2026-10-06 07:12:25,678 INFO morning machine=0076 delay_seconds=6.515
2026-10-06 07:12:36,661 INFO morning machine=0077 status=complete
2026-10-06 07:12:36,661 INFO morning machine=0077 delay_seconds=7.431
2026-10-06 07:12:48,787 INFO morning machine=0118 status=complete
2026-10-06 07:12:48,787 INFO morning machine=0118 delay_seconds=7.023
2026-10-06 07:13:00,244 INFO morning machine=0119 status=complete
2026-10-06 07:13:00,244 INFO morning machine=0119 delay_seconds=7.172
2026-10-06 07:13:11,881 INFO morning machine=0120 status=complete
2026-10-06 07:13:11,881 INFO morning machine=0120 delay_seconds=7.186
2026-10-06 07:13:23,461 INFO morning machine=0121 status=complete
2026-10-06 07:13:23,461 INFO morning machine=0121 delay_seconds=6.033
2026-10-06 07:13:33,961 INFO morning machine=0148 status=complete
2026-10-06 07:13:33,961 INFO morning machine=0148 delay_seconds=7.976
2026-10-06 07:14:01,376 INFO morning machine=0149 status=incomplete
2026-10-06 07:14:20,976 INFO morning machine=0150 status=incomplete
2026-10-06 07:14:40,428 INFO morning machine=0151 status=incomplete
2026-10-06 07:14:44,826 INFO morning machine=0152 status=complete
2026-10-06 07:14:44,826 INFO morning machine=0152 delay_seconds=5.051
2026-10-06 07:14:55,796 INFO morning machine=0153 status=complete
2026-10-06 07:14:55,796 INFO morning machine=0153 delay_seconds=5.887
2026-10-06 07:15:07,676 INFO morning machine=0154 status=complete
2026-10-06 07:15:07,676 INFO morning machine=0154 delay_seconds=6.302
2026-10-06 07:15:18,652 INFO morning machine=0155 status=complete
2026-10-06 07:15:18,652 INFO morning machine=0155 delay_seconds=6.874
2026-10-06 07:15:29,959 INFO morning machine=0156 status=complete
2026-10-06 07:15:29,959 INFO morning machine=0156 delay_seconds=5.615
2026-10-06 07:15:40,335 INFO morning machine=0157 status=complete
2026-10-06 07:15:40,335 INFO morning machine=0157 delay_seconds=5.064
2026-10-06 07:15:49,926 INFO morning machine=0158 status=complete
2026-10-06 07:15:49,926 INFO morning machine=0158 delay_seconds=6.695
2026-10-06 07:16:01,176 INFO morning machine=0159 status=complete
2026-10-06 07:16:01,213 INFO manifest=C:\kota\pachi_analysis\data\local_capture\20261005\morning\manifest.json status=incomplete
2026-10-06 07:22:21,964 INFO morning machine=0039 status=complete
2026-10-06 07:22:21,965 INFO morning machine=0039 delay_seconds=7.938
2026-10-06 07:22:49,323 INFO morning machine=0149 status=incomplete
2026-10-06 07:23:08,737 INFO morning machine=0150 status=incomplete
2026-10-06 07:23:28,189 INFO morning machine=0151 status=incomplete
2026-10-06 07:23:28,204 INFO manifest=C:\kota\pachi_analysis\data\local_capture\20261005\morning\manifest.json status=incomplete
2026-10-06 07:41:42,634 INFO morning machine=0149 status=complete
2026-10-06 07:41:42,634 INFO morning machine=0149 delay_seconds=7.643
2026-10-06 07:41:54,967 INFO morning machine=0150 status=complete
2026-10-06 07:41:54,967 INFO morning machine=0150 delay_seconds=6.412
2026-10-06 07:42:06,032 INFO morning machine=0151 status=complete
2026-10-06 07:42:06,047 INFO manifest=C:\kota\pachi_analysis\data\local_capture\20261005\morning\manifest.json status=complete
