2026-09-18 05:21:20,604 INFO morning machine=0008 status=complete
2026-09-18 05:21:20,604 INFO morning machine=0008 delay_seconds=7.834
2026-09-18 05:21:34,736 INFO morning machine=0009 status=complete
2026-09-18 05:21:34,736 INFO morning machine=0009 delay_seconds=7.333
2026-09-18 05:21:46,851 INFO morning machine=0010 status=complete
2026-09-18 05:21:46,851 INFO morning machine=0010 delay_seconds=5.611
2026-09-18 05:21:57,168 INFO morning machine=0011 status=complete
2026-09-18 05:21:57,168 INFO morning machine=0011 delay_seconds=6.372
2026-09-18 05:22:08,268 INFO morning machine=0012 status=complete
2026-09-18 05:22:08,268 INFO morning machine=0012 delay_seconds=6.318
2026-09-18 05:22:19,090 INFO morning machine=0018 status=complete
2026-09-18 05:22:19,090 INFO morning machine=0018 delay_seconds=7.685
2026-09-18 05:22:31,517 INFO morning machine=0019 status=complete
2026-09-18 05:22:31,517 INFO morning machine=0019 delay_seconds=7.301
2026-09-18 05:22:43,323 INFO morning machine=0035 status=complete
2026-09-18 05:22:43,323 INFO morning machine=0035 delay_seconds=7.588
2026-09-18 05:22:55,683 INFO morning machine=0036 status=complete
2026-09-18 05:22:55,683 INFO morning machine=0036 delay_seconds=6.553
2026-09-18 05:23:06,707 INFO morning machine=0037 status=complete
2026-09-18 05:23:06,707 INFO morning machine=0037 delay_seconds=5.616
2026-09-18 05:23:16,823 INFO morning machine=0038 status=complete
2026-09-18 05:23:16,823 INFO morning machine=0038 delay_seconds=5.498
2026-09-18 05:23:26,789 INFO morning machine=0039 status=complete
2026-09-18 05:23:26,789 INFO morning machine=0039 delay_seconds=5.645
2026-09-18 05:23:38,422 INFO morning machine=0040 status=complete
2026-09-18 05:23:38,422 INFO morning machine=0040 delay_seconds=5.641
2026-09-18 05:23:49,339 INFO morning machine=0041 status=complete
2026-09-18 05:23:49,339 INFO morning machine=0041 delay_seconds=6.227
2026-09-18 05:24:00,022 INFO morning machine=0042 status=complete
2026-09-18 05:24:00,022 INFO morning machine=0042 delay_seconds=5.345
2026-09-18 05:24:11,589 INFO morning machine=0043 status=complete
2026-09-18 05:24:11,589 INFO morning machine=0043 delay_seconds=6.602
2026-09-18 05:24:28,558 INFO morning machine=0044 status=complete
2026-09-18 05:24:28,558 INFO morning machine=0044 delay_seconds=5.683
2026-09-18 05:24:40,955 INFO morning machine=0045 status=complete
2026-09-18 05:24:40,955 INFO morning machine=0045 delay_seconds=5.046
2026-09-18 05:24:56,614 INFO morning machine=0046 status=complete
2026-09-18 05:24:56,614 INFO morning machine=0046 delay_seconds=5.034
2026-09-18 05:25:06,938 INFO morning machine=0047 status=complete
2026-09-18 05:25:06,938 INFO morning machine=0047 delay_seconds=6.239
2026-09-18 05:25:19,955 INFO morning machine=0048 status=complete
2026-09-18 05:25:19,955 INFO morning machine=0048 delay_seconds=7.441
2026-09-18 05:25:36,129 INFO morning machine=0049 status=complete
2026-09-18 05:25:36,129 INFO morning machine=0049 delay_seconds=7.410
2026-09-18 05:25:48,104 INFO morning machine=0050 status=complete
2026-09-18 05:25:48,104 INFO morning machine=0050 delay_seconds=7.543
2026-09-18 05:26:02,130 INFO morning machine=0051 status=complete
2026-09-18 05:26:02,130 INFO morning machine=0051 delay_seconds=7.393
2026-09-18 05:26:15,981 INFO morning machine=0052 status=complete
2026-09-18 05:26:15,981 INFO morning machine=0052 delay_seconds=6.613
2026-09-18 05:26:29,030 INFO morning machine=0053 status=complete
2026-09-18 05:26:29,030 INFO morning machine=0053 delay_seconds=5.267
2026-09-18 05:26:44,154 INFO morning machine=0054 status=complete
2026-09-18 05:26:44,154 INFO morning machine=0054 delay_seconds=6.918
2026-09-18 05:26:59,854 INFO morning machine=0055 status=complete
2026-09-18 05:26:59,854 INFO morning machine=0055 delay_seconds=6.812
2026-09-18 05:27:15,470 INFO morning machine=0056 status=complete
2026-09-18 05:27:15,470 INFO morning machine=0056 delay_seconds=5.746
2026-09-18 05:27:28,053 INFO morning machine=0057 status=complete
2026-09-18 05:27:28,053 INFO morning machine=0057 delay_seconds=7.726
2026-09-18 05:27:48,719 INFO morning machine=0058 status=complete
2026-09-18 05:27:48,719 INFO morning machine=0058 delay_seconds=7.387
2026-09-18 05:28:02,603 INFO morning machine=0059 status=complete
2026-09-18 05:28:02,603 INFO morning machine=0059 delay_seconds=6.584
2026-09-18 05:28:14,876 INFO morning machine=0060 status=complete
2026-09-18 05:28:14,876 INFO morning machine=0060 delay_seconds=5.633
2026-09-18 05:28:25,245 INFO morning machine=0061 status=complete
2026-09-18 05:28:25,245 INFO morning machine=0061 delay_seconds=7.639
2026-09-18 05:28:40,172 INFO morning machine=0062 status=complete
2026-09-18 05:28:40,172 INFO morning machine=0062 delay_seconds=7.761
2026-09-18 05:28:47,938 INFO morning batch_pause start completed=35 pause_seconds=600
2026-09-18 05:38:47,946 INFO morning batch_pause end completed=35
2026-09-18 05:38:59,445 INFO morning machine=0063 status=complete
2026-09-18 05:38:59,445 INFO morning machine=0063 delay_seconds=5.518
2026-09-18 05:39:12,161 ERROR morning machine=0064 attempt=1 failed
Traceback (most recent call last):
  File "C:\kota\pachi_analysis\tools\pscube_cdp_morning_capture.py", line 126, in main
    result = capture_today(page, machine, args.date, out, abort_checker=esc_pressed, rate_limit_checker=raise_if_rate_limited)
             ^^^^^^^^^^^^^^^^^^^^^^^^^^^^^^^^^^^^^^^^^^^^^^^^^^^^^^^^^^^^^^^^^^^^^^^^^^^^^^^^^^^^^^^^^^^^^^^^^^^^^^^^^^^^^^^^^
  File "C:\kota\pachi_analysis\tools\pscube_cdp_capture_common.py", line 594, in capture_today
    raise RuntimeError(f"#CHART-{date} svg not found")
RuntimeError: #CHART-20260917 svg not found
2026-09-18 05:39:16,771 INFO morning machine=0064 status=complete
2026-09-18 05:39:16,771 INFO morning machine=0064 delay_seconds=7.371
2026-09-18 05:39:30,927 INFO morning machine=0065 status=complete
2026-09-18 05:39:30,927 INFO morning machine=0065 delay_seconds=7.330
2026-09-18 05:39:43,794 INFO morning machine=0066 status=complete
2026-09-18 05:39:43,794 INFO morning machine=0066 delay_seconds=6.079
2026-09-18 05:39:57,360 INFO morning machine=0067 status=complete
2026-09-18 05:39:57,360 INFO morning machine=0067 delay_seconds=5.173
2026-09-18 05:40:09,977 INFO morning machine=0068 status=complete
2026-09-18 05:40:09,977 INFO morning machine=0068 delay_seconds=5.962
2026-09-18 05:40:26,110 INFO morning machine=0069 status=complete
2026-09-18 05:40:26,110 INFO morning machine=0069 delay_seconds=5.484
2026-09-18 05:40:39,315 INFO morning machine=0070 status=complete
2026-09-18 05:40:39,315 INFO morning machine=0070 delay_seconds=6.862
2026-09-18 05:40:56,160 INFO morning machine=0071 status=complete
2026-09-18 05:40:56,160 INFO morning machine=0071 delay_seconds=5.162
2026-09-18 05:41:08,551 INFO morning machine=0072 status=complete
2026-09-18 05:41:08,551 INFO morning machine=0072 delay_seconds=7.048
2026-09-18 05:41:32,442 ERROR morning machine=0073 attempt=1 failed
Traceback (most recent call last):
  File "C:\kota\pachi_analysis\tools\pscube_cdp_morning_capture.py", line 126, in main
    result = capture_today(page, machine, args.date, out, abort_checker=esc_pressed, rate_limit_checker=raise_if_rate_limited)
             ^^^^^^^^^^^^^^^^^^^^^^^^^^^^^^^^^^^^^^^^^^^^^^^^^^^^^^^^^^^^^^^^^^^^^^^^^^^^^^^^^^^^^^^^^^^^^^^^^^^^^^^^^^^^^^^^^
  File "C:\kota\pachi_analysis\tools\pscube_cdp_capture_common.py", line 594, in capture_today
    raise RuntimeError(f"#CHART-{date} svg not found")
RuntimeError: #CHART-20260917 svg not found
2026-09-18 05:41:39,359 INFO morning machine=0073 status=complete
2026-09-18 05:41:39,359 INFO morning machine=0073 delay_seconds=5.095
2026-09-18 05:41:48,992 INFO morning machine=0074 status=complete
2026-09-18 05:41:48,992 INFO morning machine=0074 delay_seconds=7.801
2026-09-18 05:42:05,226 INFO morning machine=0075 status=complete
2026-09-18 05:42:05,226 INFO morning machine=0075 delay_seconds=5.626
2026-09-18 05:42:16,200 INFO morning machine=0076 status=complete
2026-09-18 05:42:16,200 INFO morning machine=0076 delay_seconds=6.733
2026-09-18 05:42:29,080 INFO morning machine=0077 status=complete
2026-09-18 05:42:29,080 INFO morning machine=0077 delay_seconds=6.428
2026-09-18 05:42:44,109 INFO morning machine=0118 status=complete
2026-09-18 05:42:44,109 INFO morning machine=0118 delay_seconds=6.137
2026-09-18 05:42:54,725 INFO morning machine=0119 status=complete
2026-09-18 05:42:54,725 INFO morning machine=0119 delay_seconds=6.809
2026-09-18 05:43:07,758 INFO morning machine=0120 status=complete
2026-09-18 05:43:07,758 INFO morning machine=0120 delay_seconds=7.880
2026-09-18 05:43:21,379 INFO morning machine=0121 status=complete
2026-09-18 05:43:21,379 INFO morning machine=0121 delay_seconds=7.564
2026-09-18 05:43:35,108 INFO morning machine=0148 status=complete
2026-09-18 05:43:35,108 INFO morning machine=0148 delay_seconds=7.118
2026-09-18 05:43:47,308 INFO morning machine=0149 status=complete
2026-09-18 05:43:47,308 INFO morning machine=0149 delay_seconds=7.298
2026-09-18 05:44:00,174 INFO morning machine=0150 status=complete
2026-09-18 05:44:00,174 INFO morning machine=0150 delay_seconds=7.386
2026-09-18 05:44:17,674 INFO morning machine=0151 status=complete
2026-09-18 05:44:17,674 INFO morning machine=0151 delay_seconds=6.538
2026-09-18 05:44:33,374 INFO morning machine=0152 status=complete
2026-09-18 05:44:33,374 INFO morning machine=0152 delay_seconds=7.664
2026-09-18 05:44:52,207 INFO morning machine=0153 status=complete
2026-09-18 05:44:52,207 INFO morning machine=0153 delay_seconds=6.562
2026-09-18 05:45:04,426 INFO morning machine=0154 status=complete
2026-09-18 05:45:04,426 INFO morning machine=0154 delay_seconds=6.905
2026-09-18 05:45:16,973 INFO morning machine=0155 status=complete
2026-09-18 05:45:16,973 INFO morning machine=0155 delay_seconds=5.753
2026-09-18 05:45:29,760 INFO morning machine=0156 status=complete
2026-09-18 05:45:29,760 INFO morning machine=0156 delay_seconds=7.765
2026-09-18 05:45:50,125 INFO morning machine=0157 status=complete
2026-09-18 05:45:50,125 INFO morning machine=0157 delay_seconds=5.755
2026-09-18 05:46:01,776 INFO morning machine=0158 status=complete
2026-09-18 05:46:01,777 INFO morning machine=0158 delay_seconds=6.609
2026-09-18 05:46:20,354 ERROR morning machine=0159 attempt=1 failed
Traceback (most recent call last):
  File "C:\kota\pachi_analysis\tools\pscube_cdp_morning_capture.py", line 126, in main
    result = capture_today(page, machine, args.date, out, abort_checker=esc_pressed, rate_limit_checker=raise_if_rate_limited)
             ^^^^^^^^^^^^^^^^^^^^^^^^^^^^^^^^^^^^^^^^^^^^^^^^^^^^^^^^^^^^^^^^^^^^^^^^^^^^^^^^^^^^^^^^^^^^^^^^^^^^^^^^^^^^^^^^^
  File "C:\kota\pachi_analysis\tools\pscube_cdp_capture_common.py", line 594, in capture_today
    raise RuntimeError(f"#CHART-{date} svg not found")
RuntimeError: #CHART-20260917 svg not found
2026-09-18 05:46:24,722 INFO morning machine=0159 status=complete
2026-09-18 05:46:24,747 INFO manifest=C:\kota\pachi_analysis\data\local_capture\20260917\morning\manifest.json status=complete
