2026-10-09 07:04:12,292 INFO morning machine=0008 status=complete
2026-10-09 07:04:12,292 INFO morning machine=0008 delay_seconds=5.402
2026-10-09 07:04:22,126 INFO morning machine=0009 status=complete
2026-10-09 07:04:22,126 INFO morning machine=0009 delay_seconds=7.676
2026-10-09 07:04:34,458 INFO morning machine=0010 status=complete
2026-10-09 07:04:34,458 INFO morning machine=0010 delay_seconds=7.686
2026-10-09 07:04:46,817 INFO morning machine=0011 status=complete
2026-10-09 07:04:46,817 INFO morning machine=0011 delay_seconds=6.090
2026-10-09 07:04:57,325 INFO morning machine=0012 status=complete
2026-10-09 07:04:57,325 INFO morning machine=0012 delay_seconds=5.358
2026-10-09 07:05:07,125 INFO morning machine=0018 status=complete
2026-10-09 07:05:07,125 INFO morning machine=0018 delay_seconds=7.936
2026-10-09 07:05:19,784 INFO morning machine=0019 status=complete
2026-10-09 07:05:19,784 INFO morning machine=0019 delay_seconds=7.607
2026-10-09 07:05:33,806 INFO morning machine=0035 status=complete
2026-10-09 07:05:33,806 INFO morning machine=0035 delay_seconds=7.888
2026-10-09 07:05:46,518 INFO morning machine=0036 status=complete
2026-10-09 07:05:46,518 INFO morning machine=0036 delay_seconds=6.721
2026-10-09 07:05:57,899 INFO morning machine=0037 status=complete
2026-10-09 07:05:57,899 INFO morning machine=0037 delay_seconds=6.879
2026-10-09 07:06:10,949 INFO morning machine=0038 status=complete
2026-10-09 07:06:10,949 INFO morning machine=0038 delay_seconds=6.648
2026-10-09 07:06:22,283 INFO morning machine=0039 status=complete
2026-10-09 07:06:22,283 INFO morning machine=0039 delay_seconds=6.052
2026-10-09 07:06:32,824 INFO morning machine=0040 status=complete
2026-10-09 07:06:32,824 INFO morning machine=0040 delay_seconds=5.351
2026-10-09 07:06:42,674 INFO morning machine=0041 status=complete
2026-10-09 07:06:42,674 INFO morning machine=0041 delay_seconds=6.873
2026-10-09 07:06:54,040 INFO morning machine=0042 status=complete
2026-10-09 07:06:54,040 INFO morning machine=0042 delay_seconds=5.742
2026-10-09 07:07:04,257 INFO morning machine=0043 status=complete
2026-10-09 07:07:04,257 INFO morning machine=0043 delay_seconds=5.245
2026-10-09 07:07:13,990 INFO morning machine=0044 status=complete
2026-10-09 07:07:13,990 INFO morning machine=0044 delay_seconds=5.466
2026-10-09 07:07:25,440 INFO morning machine=0045 status=complete
2026-10-09 07:07:25,440 INFO morning machine=0045 delay_seconds=6.476
2026-10-09 07:07:36,359 INFO morning machine=0046 status=complete
2026-10-09 07:07:36,359 INFO morning machine=0046 delay_seconds=7.486
2026-10-09 07:07:49,823 INFO morning machine=0047 status=complete
2026-10-09 07:07:49,823 INFO morning machine=0047 delay_seconds=7.196
2026-10-09 07:08:03,005 INFO morning machine=0048 status=complete
2026-10-09 07:08:03,005 INFO morning machine=0048 delay_seconds=7.265
2026-10-09 07:08:14,773 INFO morning machine=0049 status=complete
2026-10-09 07:08:14,773 INFO morning machine=0049 delay_seconds=5.289
2026-10-09 07:08:26,123 INFO morning machine=0050 status=complete
2026-10-09 07:08:26,123 INFO morning machine=0050 delay_seconds=7.546
2026-10-09 07:08:38,172 INFO morning machine=0051 status=complete
2026-10-09 07:08:38,172 INFO morning machine=0051 delay_seconds=6.030
2026-10-09 07:08:50,205 INFO morning machine=0052 status=complete
2026-10-09 07:08:50,205 INFO morning machine=0052 delay_seconds=7.826
2026-10-09 07:09:02,489 INFO morning machine=0053 status=complete
2026-10-09 07:09:02,489 INFO morning machine=0053 delay_seconds=6.428
2026-10-09 07:09:13,405 INFO morning machine=0054 status=complete
2026-10-09 07:09:13,405 INFO morning machine=0054 delay_seconds=6.957
2026-10-09 07:09:25,081 INFO morning machine=0055 status=complete
2026-10-09 07:09:25,081 INFO morning machine=0055 delay_seconds=5.074
2026-10-09 07:09:34,621 INFO morning machine=0056 status=complete
2026-10-09 07:09:34,621 INFO morning machine=0056 delay_seconds=5.632
2026-10-09 07:09:44,705 INFO morning machine=0057 status=complete
2026-10-09 07:09:44,705 INFO morning machine=0057 delay_seconds=6.279
2026-10-09 07:09:55,680 INFO morning machine=0058 status=complete
2026-10-09 07:09:55,680 INFO morning machine=0058 delay_seconds=7.045
2026-10-09 07:10:07,221 INFO morning machine=0059 status=complete
2026-10-09 07:10:07,221 INFO morning machine=0059 delay_seconds=7.677
2026-10-09 07:10:19,354 INFO morning machine=0060 status=complete
2026-10-09 07:10:19,354 INFO morning machine=0060 delay_seconds=7.098
2026-10-09 07:10:30,937 INFO morning machine=0061 status=complete
2026-10-09 07:10:30,937 INFO morning machine=0061 delay_seconds=6.063
2026-10-09 07:10:41,437 INFO morning machine=0062 status=complete
2026-10-09 07:10:41,437 INFO morning machine=0062 delay_seconds=7.280
2026-10-09 07:10:48,727 INFO morning batch_pause start completed=35 pause_seconds=600
2026-10-09 07:20:48,722 INFO morning batch_pause end completed=35
2026-10-09 07:20:53,246 INFO morning machine=0063 status=complete
2026-10-09 07:20:53,246 INFO morning machine=0063 delay_seconds=6.343
2026-10-09 07:21:04,029 INFO morning machine=0064 status=complete
2026-10-09 07:21:04,029 INFO morning machine=0064 delay_seconds=6.825
2026-10-09 07:21:15,346 INFO morning machine=0065 status=complete
2026-10-09 07:21:15,346 INFO morning machine=0065 delay_seconds=7.929
2026-10-09 07:21:27,762 INFO morning machine=0066 status=complete
2026-10-09 07:21:27,762 INFO morning machine=0066 delay_seconds=5.276
2026-10-09 07:21:37,479 INFO morning machine=0067 status=complete
2026-10-09 07:21:37,479 INFO morning machine=0067 delay_seconds=6.526
2026-10-09 07:21:49,962 INFO morning machine=0068 status=complete
2026-10-09 07:21:49,962 INFO morning machine=0068 delay_seconds=5.414
2026-10-09 07:21:59,845 INFO morning machine=0069 status=complete
2026-10-09 07:21:59,845 INFO morning machine=0069 delay_seconds=5.964
2026-10-09 07:22:10,262 INFO morning machine=0070 status=complete
2026-10-09 07:22:10,262 INFO morning machine=0070 delay_seconds=7.173
2026-10-09 07:22:23,446 INFO morning machine=0071 status=complete
2026-10-09 07:22:23,446 INFO morning machine=0071 delay_seconds=7.256
2026-10-09 07:22:36,696 INFO morning machine=0072 status=complete
2026-10-09 07:22:36,696 INFO morning machine=0072 delay_seconds=5.585
2026-10-09 07:22:46,937 INFO morning machine=0073 status=complete
2026-10-09 07:22:46,937 INFO morning machine=0073 delay_seconds=6.371
2026-10-09 07:22:57,745 INFO morning machine=0074 status=complete
2026-10-09 07:22:57,745 INFO morning machine=0074 delay_seconds=7.317
2026-10-09 07:23:11,051 INFO morning machine=0075 status=complete
2026-10-09 07:23:11,051 INFO morning machine=0075 delay_seconds=6.984
2026-10-09 07:23:24,011 INFO morning machine=0076 status=complete
2026-10-09 07:23:24,011 INFO morning machine=0076 delay_seconds=6.347
2026-10-09 07:23:34,861 INFO morning machine=0077 status=complete
2026-10-09 07:23:34,861 INFO morning machine=0077 delay_seconds=5.098
2026-10-09 07:23:44,619 INFO morning machine=0118 status=complete
2026-10-09 07:23:44,619 INFO morning machine=0118 delay_seconds=5.851
2026-10-09 07:23:54,911 INFO morning machine=0119 status=complete
2026-10-09 07:23:54,911 INFO morning machine=0119 delay_seconds=5.669
2026-10-09 07:24:06,563 INFO morning machine=0120 status=complete
2026-10-09 07:24:06,563 INFO morning machine=0120 delay_seconds=5.331
2026-10-09 07:24:16,360 INFO morning machine=0121 status=complete
2026-10-09 07:24:16,360 INFO morning machine=0121 delay_seconds=7.367
2026-10-09 07:24:28,401 INFO morning machine=0148 status=complete
2026-10-09 07:24:28,401 INFO morning machine=0148 delay_seconds=5.809
2026-10-09 07:24:38,851 INFO morning machine=0149 status=complete
2026-10-09 07:24:38,851 INFO morning machine=0149 delay_seconds=5.679
2026-10-09 07:24:48,943 INFO morning machine=0150 status=complete
2026-10-09 07:24:48,943 INFO morning machine=0150 delay_seconds=7.752
2026-10-09 07:25:02,700 INFO morning machine=0151 status=complete
2026-10-09 07:25:02,700 INFO morning machine=0151 delay_seconds=6.842
2026-10-09 07:25:13,976 INFO morning machine=0152 status=complete
2026-10-09 07:25:13,976 INFO morning machine=0152 delay_seconds=7.792
2026-10-09 07:25:26,193 INFO morning machine=0153 status=complete
2026-10-09 07:25:26,193 INFO morning machine=0153 delay_seconds=6.424
2026-10-09 07:25:37,092 INFO morning machine=0154 status=complete
2026-10-09 07:25:37,092 INFO morning machine=0154 delay_seconds=6.710
2026-10-09 07:25:49,759 INFO morning machine=0155 status=complete
2026-10-09 07:25:49,759 INFO morning machine=0155 delay_seconds=7.484
2026-10-09 07:26:01,675 INFO morning machine=0156 status=complete
2026-10-09 07:26:01,675 INFO morning machine=0156 delay_seconds=7.469
2026-10-09 07:26:15,191 INFO morning machine=0157 status=complete
2026-10-09 07:26:15,191 INFO morning machine=0157 delay_seconds=5.319
2026-10-09 07:26:26,525 INFO morning machine=0158 status=complete
2026-10-09 07:26:26,525 INFO morning machine=0158 delay_seconds=6.092
2026-10-09 07:26:38,575 INFO morning machine=0159 status=complete
2026-10-09 07:26:38,598 INFO manifest=C:\kota\pachi_analysis\data\local_capture\20261008\morning\manifest.json status=complete
