2026-10-01 07:04:55,556 INFO morning machine=0008 status=complete
2026-10-01 07:04:55,556 INFO morning machine=0008 delay_seconds=5.553
2026-10-01 07:05:06,072 INFO morning machine=0009 status=complete
2026-10-01 07:05:06,072 INFO morning machine=0009 delay_seconds=6.469
2026-10-01 07:05:17,222 INFO morning machine=0010 status=complete
2026-10-01 07:05:17,222 INFO morning machine=0010 delay_seconds=5.632
2026-10-01 07:05:27,536 INFO morning machine=0011 status=complete
2026-10-01 07:05:27,536 INFO morning machine=0011 delay_seconds=7.147
2026-10-01 07:05:39,177 INFO morning machine=0012 status=complete
2026-10-01 07:05:39,177 INFO morning machine=0012 delay_seconds=7.129
2026-10-01 07:05:50,801 INFO morning machine=0018 status=complete
2026-10-01 07:05:50,801 INFO morning machine=0018 delay_seconds=7.448
2026-10-01 07:06:04,277 INFO morning machine=0019 status=complete
2026-10-01 07:06:04,277 INFO morning machine=0019 delay_seconds=6.014
2026-10-01 07:06:14,760 INFO morning machine=0035 status=complete
2026-10-01 07:06:14,760 INFO morning machine=0035 delay_seconds=6.351
2026-10-01 07:06:25,769 INFO morning machine=0036 status=complete
2026-10-01 07:06:25,769 INFO morning machine=0036 delay_seconds=5.768
2026-10-01 07:06:36,436 INFO morning machine=0037 status=complete
2026-10-01 07:06:36,436 INFO morning machine=0037 delay_seconds=5.513
2026-10-01 07:06:46,618 INFO morning machine=0038 status=complete
2026-10-01 07:06:46,618 INFO morning machine=0038 delay_seconds=5.549
2026-10-01 07:06:58,176 INFO morning machine=0039 status=complete
2026-10-01 07:06:58,177 INFO morning machine=0039 delay_seconds=5.929
2026-10-01 07:07:08,751 INFO morning machine=0040 status=complete
2026-10-01 07:07:08,751 INFO morning machine=0040 delay_seconds=5.245
2026-10-01 07:07:18,443 INFO morning machine=0041 status=complete
2026-10-01 07:07:18,443 INFO morning machine=0041 delay_seconds=6.519
2026-10-01 07:07:30,960 INFO morning machine=0042 status=complete
2026-10-01 07:07:30,960 INFO morning machine=0042 delay_seconds=5.828
2026-10-01 07:07:41,259 INFO morning machine=0043 status=complete
2026-10-01 07:07:41,259 INFO morning machine=0043 delay_seconds=7.648
2026-10-01 07:07:53,409 INFO morning machine=0044 status=complete
2026-10-01 07:07:53,409 INFO morning machine=0044 delay_seconds=7.286
2026-10-01 07:08:06,680 INFO morning machine=0045 status=complete
2026-10-01 07:08:06,680 INFO morning machine=0045 delay_seconds=6.771
2026-10-01 07:08:18,234 INFO morning machine=0046 status=complete
2026-10-01 07:08:18,234 INFO morning machine=0046 delay_seconds=5.625
2026-10-01 07:08:28,363 INFO morning machine=0047 status=complete
2026-10-01 07:08:28,363 INFO morning machine=0047 delay_seconds=6.446
2026-10-01 07:08:39,276 INFO morning machine=0048 status=complete
2026-10-01 07:08:39,276 INFO morning machine=0048 delay_seconds=7.420
2026-10-01 07:08:51,175 INFO morning machine=0049 status=complete
2026-10-01 07:08:51,175 INFO morning machine=0049 delay_seconds=6.534
2026-10-01 07:09:02,159 INFO morning machine=0050 status=complete
2026-10-01 07:09:02,159 INFO morning machine=0050 delay_seconds=7.883
2026-10-01 07:09:14,491 INFO morning machine=0051 status=complete
2026-10-01 07:09:14,491 INFO morning machine=0051 delay_seconds=7.766
2026-10-01 07:09:26,741 INFO morning machine=0052 status=complete
2026-10-01 07:09:26,741 INFO morning machine=0052 delay_seconds=5.315
2026-10-01 07:09:36,718 INFO morning machine=0053 status=complete
2026-10-01 07:09:36,718 INFO morning machine=0053 delay_seconds=7.610
2026-10-01 07:09:50,330 INFO morning machine=0054 status=complete
2026-10-01 07:09:50,330 INFO morning machine=0054 delay_seconds=7.591
2026-10-01 07:10:02,558 INFO morning machine=0055 status=complete
2026-10-01 07:10:02,558 INFO morning machine=0055 delay_seconds=7.202
2026-10-01 07:10:14,242 INFO morning machine=0056 status=complete
2026-10-01 07:10:14,242 INFO morning machine=0056 delay_seconds=6.785
2026-10-01 07:10:25,462 INFO morning machine=0057 status=complete
2026-10-01 07:10:25,462 INFO morning machine=0057 delay_seconds=5.051
2026-10-01 07:10:35,215 INFO morning machine=0058 status=complete
2026-10-01 07:10:35,215 INFO morning machine=0058 delay_seconds=6.684
2026-10-01 07:10:46,524 INFO morning machine=0059 status=complete
2026-10-01 07:10:46,524 INFO morning machine=0059 delay_seconds=5.829
2026-10-01 07:10:56,857 INFO morning machine=0060 status=complete
2026-10-01 07:10:56,857 INFO morning machine=0060 delay_seconds=6.482
2026-10-01 07:11:07,843 INFO morning machine=0061 status=complete
2026-10-01 07:11:07,843 INFO morning machine=0061 delay_seconds=5.915
2026-10-01 07:11:18,467 INFO morning machine=0062 status=complete
2026-10-01 07:11:18,467 INFO morning machine=0062 delay_seconds=5.563
2026-10-01 07:11:24,044 INFO morning batch_pause start completed=35 pause_seconds=600
2026-10-01 07:21:24,059 INFO morning batch_pause end completed=35
2026-10-01 07:21:28,599 INFO morning machine=0063 status=complete
2026-10-01 07:21:28,599 INFO morning machine=0063 delay_seconds=7.066
2026-10-01 07:21:40,132 INFO morning machine=0064 status=complete
2026-10-01 07:21:40,132 INFO morning machine=0064 delay_seconds=5.136
2026-10-01 07:21:51,219 INFO morning machine=0065 status=complete
2026-10-01 07:21:51,219 INFO morning machine=0065 delay_seconds=6.136
2026-10-01 07:22:01,816 INFO morning machine=0066 status=complete
2026-10-01 07:22:01,816 INFO morning machine=0066 delay_seconds=6.921
2026-10-01 07:22:13,232 INFO morning machine=0067 status=complete
2026-10-01 07:22:13,232 INFO morning machine=0067 delay_seconds=7.510
2026-10-01 07:22:26,735 INFO morning machine=0068 status=complete
2026-10-01 07:22:26,735 INFO morning machine=0068 delay_seconds=6.531
2026-10-01 07:22:38,371 INFO morning machine=0069 status=complete
2026-10-01 07:22:38,371 INFO morning machine=0069 delay_seconds=5.081
2026-10-01 07:22:47,951 INFO morning machine=0070 status=complete
2026-10-01 07:22:47,951 INFO morning machine=0070 delay_seconds=6.320
2026-10-01 07:23:00,490 INFO morning machine=0071 status=complete
2026-10-01 07:23:00,490 INFO morning machine=0071 delay_seconds=6.762
2026-10-01 07:23:13,235 INFO morning machine=0072 status=complete
2026-10-01 07:23:13,235 INFO morning machine=0072 delay_seconds=5.725
2026-10-01 07:23:24,931 INFO morning machine=0073 status=complete
2026-10-01 07:23:24,931 INFO morning machine=0073 delay_seconds=6.530
2026-10-01 07:23:37,436 INFO morning machine=0074 status=complete
2026-10-01 07:23:37,436 INFO morning machine=0074 delay_seconds=6.465
2026-10-01 07:23:49,899 INFO morning machine=0075 status=complete
2026-10-01 07:23:49,899 INFO morning machine=0075 delay_seconds=6.674
2026-10-01 07:24:00,998 INFO morning machine=0076 status=complete
2026-10-01 07:24:00,998 INFO morning machine=0076 delay_seconds=5.442
2026-10-01 07:24:12,381 INFO morning machine=0077 status=complete
2026-10-01 07:24:12,381 INFO morning machine=0077 delay_seconds=5.845
2026-10-01 07:24:24,231 INFO morning machine=0118 status=complete
2026-10-01 07:24:24,231 INFO morning machine=0118 delay_seconds=7.704
2026-10-01 07:24:36,398 INFO morning machine=0119 status=complete
2026-10-01 07:24:36,398 INFO morning machine=0119 delay_seconds=6.152
2026-10-01 07:24:47,014 INFO morning machine=0120 status=complete
2026-10-01 07:24:47,014 INFO morning machine=0120 delay_seconds=5.531
2026-10-01 07:24:57,290 INFO morning machine=0121 status=complete
2026-10-01 07:24:57,290 INFO morning machine=0121 delay_seconds=5.591
2026-10-01 07:25:07,350 INFO morning machine=0148 status=complete
2026-10-01 07:25:07,350 INFO morning machine=0148 delay_seconds=7.192
2026-10-01 07:25:19,016 INFO morning machine=0149 status=complete
2026-10-01 07:25:19,016 INFO morning machine=0149 delay_seconds=7.421
2026-10-01 07:25:32,414 INFO morning machine=0150 status=complete
2026-10-01 07:25:32,415 INFO morning machine=0150 delay_seconds=7.336
2026-10-01 07:25:45,746 INFO morning machine=0151 status=complete
2026-10-01 07:25:45,746 INFO morning machine=0151 delay_seconds=5.246
2026-10-01 07:25:55,446 INFO morning machine=0152 status=complete
2026-10-01 07:25:55,446 INFO morning machine=0152 delay_seconds=6.254
2026-10-01 07:26:06,146 INFO morning machine=0153 status=complete
2026-10-01 07:26:06,146 INFO morning machine=0153 delay_seconds=5.429
2026-10-01 07:26:16,013 INFO morning machine=0154 status=complete
2026-10-01 07:26:16,013 INFO morning machine=0154 delay_seconds=6.417
2026-10-01 07:26:27,056 INFO morning machine=0155 status=complete
2026-10-01 07:26:27,056 INFO morning machine=0155 delay_seconds=7.326
2026-10-01 07:26:40,346 INFO morning machine=0156 status=complete
2026-10-01 07:26:40,346 INFO morning machine=0156 delay_seconds=7.866
2026-10-01 07:26:52,695 INFO morning machine=0157 status=complete
2026-10-01 07:26:52,695 INFO morning machine=0157 delay_seconds=6.810
2026-10-01 07:27:03,979 INFO morning machine=0158 status=complete
2026-10-01 07:27:03,979 INFO morning machine=0158 delay_seconds=5.410
2026-10-01 07:27:15,637 INFO morning machine=0159 status=complete
2026-10-01 07:27:15,664 INFO manifest=C:\kota\pachi_analysis\data\local_capture\20260930\morning\manifest.json status=complete
