2026-09-29 05:27:43,221 INFO morning machine=0008 status=complete
2026-09-29 05:27:43,221 INFO morning machine=0008 delay_seconds=6.695
2026-09-29 05:27:54,715 INFO morning machine=0009 status=complete
2026-09-29 05:27:54,715 INFO morning machine=0009 delay_seconds=7.183
2026-09-29 05:28:06,700 INFO morning machine=0010 status=complete
2026-09-29 05:28:06,700 INFO morning machine=0010 delay_seconds=5.498
2026-09-29 05:28:16,639 INFO morning machine=0011 status=complete
2026-09-29 05:28:16,639 INFO morning machine=0011 delay_seconds=7.481
2026-09-29 05:28:30,331 INFO morning machine=0012 status=complete
2026-09-29 05:28:30,331 INFO morning machine=0012 delay_seconds=6.568
2026-09-29 05:28:41,389 INFO morning machine=0018 status=complete
2026-09-29 05:28:41,389 INFO morning machine=0018 delay_seconds=7.307
2026-09-29 05:28:53,189 INFO morning machine=0019 status=complete
2026-09-29 05:28:53,189 INFO morning machine=0019 delay_seconds=7.743
2026-09-29 05:29:05,663 INFO morning machine=0035 status=complete
2026-09-29 05:29:05,663 INFO morning machine=0035 delay_seconds=7.908
2026-09-29 05:29:18,314 INFO morning machine=0036 status=complete
2026-09-29 05:29:18,314 INFO morning machine=0036 delay_seconds=5.269
2026-09-29 05:29:29,724 INFO morning machine=0037 status=complete
2026-09-29 05:29:29,724 INFO morning machine=0037 delay_seconds=6.501
2026-09-29 05:29:42,463 INFO morning machine=0038 status=complete
2026-09-29 05:29:42,463 INFO morning machine=0038 delay_seconds=6.405
2026-09-29 05:29:54,838 INFO morning machine=0039 status=complete
2026-09-29 05:29:54,838 INFO morning machine=0039 delay_seconds=6.227
2026-09-29 05:30:05,554 INFO morning machine=0040 status=complete
2026-09-29 05:30:05,554 INFO morning machine=0040 delay_seconds=7.603
2026-09-29 05:30:17,879 INFO morning machine=0041 status=complete
2026-09-29 05:30:17,879 INFO morning machine=0041 delay_seconds=6.412
2026-09-29 05:30:28,738 INFO morning machine=0042 status=complete
2026-09-29 05:30:28,738 INFO morning machine=0042 delay_seconds=7.351
2026-09-29 05:30:40,554 INFO morning machine=0043 status=complete
2026-09-29 05:30:40,554 INFO morning machine=0043 delay_seconds=7.848
2026-09-29 05:30:54,404 INFO morning machine=0044 status=complete
2026-09-29 05:30:54,404 INFO morning machine=0044 delay_seconds=7.898
2026-09-29 05:31:06,803 INFO morning machine=0045 status=complete
2026-09-29 05:31:06,803 INFO morning machine=0045 delay_seconds=5.792
2026-09-29 05:31:18,622 INFO morning machine=0046 status=complete
2026-09-29 05:31:18,622 INFO morning machine=0046 delay_seconds=5.449
2026-09-29 05:31:30,038 INFO morning machine=0047 status=complete
2026-09-29 05:31:30,038 INFO morning machine=0047 delay_seconds=7.629
2026-09-29 05:31:43,670 INFO morning machine=0048 status=complete
2026-09-29 05:31:43,670 INFO morning machine=0048 delay_seconds=7.835
2026-09-29 05:31:57,470 INFO morning machine=0049 status=complete
2026-09-29 05:31:57,470 INFO morning machine=0049 delay_seconds=7.934
2026-09-29 05:32:09,869 INFO morning machine=0050 status=complete
2026-09-29 05:32:09,869 INFO morning machine=0050 delay_seconds=6.433
2026-09-29 05:32:42,119 INFO morning machine=0051 status=incomplete
2026-09-29 05:32:48,152 INFO morning machine=0052 status=complete
2026-09-29 05:32:48,152 INFO morning machine=0052 delay_seconds=5.553
2026-09-29 05:32:59,527 INFO morning machine=0053 status=complete
2026-09-29 05:32:59,527 INFO morning machine=0053 delay_seconds=6.062
2026-09-29 05:33:10,102 INFO morning machine=0054 status=complete
2026-09-29 05:33:10,102 INFO morning machine=0054 delay_seconds=7.715
2026-09-29 05:33:29,485 INFO morning machine=0055 status=complete
2026-09-29 05:33:29,485 INFO morning machine=0055 delay_seconds=5.642
2026-09-29 05:33:45,885 INFO morning machine=0056 status=complete
2026-09-29 05:33:45,885 INFO morning machine=0056 delay_seconds=7.401
2026-09-29 05:34:04,018 INFO morning machine=0057 status=complete
2026-09-29 05:34:04,018 INFO morning machine=0057 delay_seconds=7.788
2026-09-29 05:34:22,609 INFO morning machine=0058 status=complete
2026-09-29 05:34:22,609 INFO morning machine=0058 delay_seconds=7.444
2026-09-29 05:34:36,082 INFO morning machine=0059 status=complete
2026-09-29 05:34:36,084 INFO morning machine=0059 delay_seconds=5.431
2026-09-29 05:34:53,534 INFO morning machine=0060 status=complete
2026-09-29 05:34:53,534 INFO morning machine=0060 delay_seconds=6.640
2026-09-29 05:35:06,167 INFO morning machine=0061 status=complete
2026-09-29 05:35:06,167 INFO morning machine=0061 delay_seconds=6.492
2026-09-29 05:35:23,117 INFO morning machine=0062 status=complete
2026-09-29 05:35:23,117 INFO morning machine=0062 delay_seconds=7.623
2026-09-29 05:35:38,750 INFO morning machine=0063 status=complete
2026-09-29 05:35:38,750 INFO morning machine=0063 delay_seconds=6.028
2026-09-29 05:35:44,782 INFO morning batch_pause start completed=35 pause_seconds=600
2026-09-29 05:45:44,794 INFO morning batch_pause end completed=35
2026-09-29 05:45:54,312 INFO morning machine=0064 status=complete
2026-09-29 05:45:54,312 INFO morning machine=0064 delay_seconds=6.010
2026-09-29 05:46:06,567 INFO morning machine=0065 status=complete
2026-09-29 05:46:06,567 INFO morning machine=0065 delay_seconds=7.479
2026-09-29 05:46:20,708 INFO morning machine=0066 status=complete
2026-09-29 05:46:20,708 INFO morning machine=0066 delay_seconds=7.027
2026-09-29 05:46:40,500 INFO morning machine=0067 status=complete
2026-09-29 05:46:40,500 INFO morning machine=0067 delay_seconds=7.796
2026-09-29 05:46:54,308 INFO morning machine=0068 status=complete
2026-09-29 05:46:54,308 INFO morning machine=0068 delay_seconds=6.405
2026-09-29 05:47:10,241 INFO morning machine=0069 status=complete
2026-09-29 05:47:10,241 INFO morning machine=0069 delay_seconds=6.492
2026-09-29 05:47:24,757 INFO morning machine=0070 status=complete
2026-09-29 05:47:24,757 INFO morning machine=0070 delay_seconds=6.280
2026-09-29 05:47:40,741 INFO morning machine=0071 status=complete
2026-09-29 05:47:40,741 INFO morning machine=0071 delay_seconds=5.505
2026-09-29 05:47:54,449 INFO morning machine=0072 status=complete
2026-09-29 05:47:54,449 INFO morning machine=0072 delay_seconds=6.364
2026-09-29 05:48:08,357 INFO morning machine=0073 status=complete
2026-09-29 05:48:08,357 INFO morning machine=0073 delay_seconds=7.182
2026-09-29 05:48:21,540 INFO morning machine=0074 status=complete
2026-09-29 05:48:21,540 INFO morning machine=0074 delay_seconds=5.236
2026-09-29 05:48:39,023 INFO morning machine=0075 status=complete
2026-09-29 05:48:39,023 INFO morning machine=0075 delay_seconds=6.292
2026-09-29 05:48:54,623 INFO morning machine=0076 status=complete
2026-09-29 05:48:54,623 INFO morning machine=0076 delay_seconds=6.188
2026-09-29 05:49:10,708 ERROR morning machine=0077 attempt=1 failed
Traceback (most recent call last):
  File "C:\kota\pachi_analysis\tools\pscube_cdp_morning_capture.py", line 126, in main
    result = capture_today(page, machine, args.date, out, abort_checker=esc_pressed, rate_limit_checker=raise_if_rate_limited)
             ^^^^^^^^^^^^^^^^^^^^^^^^^^^^^^^^^^^^^^^^^^^^^^^^^^^^^^^^^^^^^^^^^^^^^^^^^^^^^^^^^^^^^^^^^^^^^^^^^^^^^^^^^^^^^^^^^
  File "C:\kota\pachi_analysis\tools\pscube_cdp_capture_common.py", line 594, in capture_today
    raise RuntimeError(f"#CHART-{date} svg not found")
RuntimeError: #CHART-20260928 svg not found
2026-09-29 05:49:16,782 INFO morning machine=0077 status=complete
2026-09-29 05:49:16,782 INFO morning machine=0077 delay_seconds=5.416
2026-09-29 05:49:32,739 INFO morning machine=0118 status=complete
2026-09-29 05:49:32,739 INFO morning machine=0118 delay_seconds=7.248
2026-09-29 05:49:45,672 INFO morning machine=0119 status=complete
2026-09-29 05:49:45,672 INFO morning machine=0119 delay_seconds=6.650
2026-09-29 05:49:56,855 INFO morning machine=0120 status=complete
2026-09-29 05:49:56,855 INFO morning machine=0120 delay_seconds=7.952
2026-09-29 05:50:12,089 INFO morning machine=0121 status=complete
2026-09-29 05:50:12,089 INFO morning machine=0121 delay_seconds=6.979
2026-09-29 05:50:24,972 INFO morning machine=0148 status=complete
2026-09-29 05:50:24,972 INFO morning machine=0148 delay_seconds=5.248
2026-09-29 05:50:36,972 INFO morning machine=0149 status=complete
2026-09-29 05:50:36,972 INFO morning machine=0149 delay_seconds=7.252
2026-09-29 05:50:55,955 INFO morning machine=0150 status=complete
2026-09-29 05:50:55,955 INFO morning machine=0150 delay_seconds=7.766
2026-09-29 05:51:16,804 INFO morning machine=0151 status=complete
2026-09-29 05:51:16,804 INFO morning machine=0151 delay_seconds=6.690
2026-09-29 05:51:29,371 INFO morning machine=0152 status=complete
2026-09-29 05:51:29,371 INFO morning machine=0152 delay_seconds=7.671
2026-09-29 05:51:43,520 INFO morning machine=0153 status=complete
2026-09-29 05:51:43,520 INFO morning machine=0153 delay_seconds=5.926
2026-09-29 05:52:03,237 INFO morning machine=0154 status=complete
2026-09-29 05:52:03,237 INFO morning machine=0154 delay_seconds=5.502
2026-09-29 05:52:14,754 INFO morning machine=0155 status=complete
2026-09-29 05:52:14,754 INFO morning machine=0155 delay_seconds=6.559
2026-09-29 05:52:27,662 INFO morning machine=0156 status=complete
2026-09-29 05:52:27,662 INFO morning machine=0156 delay_seconds=5.574
2026-09-29 05:52:40,637 INFO morning machine=0157 status=complete
2026-09-29 05:52:40,637 INFO morning machine=0157 delay_seconds=6.365
2026-09-29 05:52:53,170 INFO morning machine=0158 status=complete
2026-09-29 05:52:53,170 INFO morning machine=0158 delay_seconds=6.933
2026-09-29 05:53:05,670 INFO morning machine=0159 status=complete
2026-09-29 05:53:05,696 INFO manifest=C:\kota\pachi_analysis\data\local_capture\20260928\morning\manifest.json status=incomplete
2026-09-29 05:53:38,046 INFO morning machine=0051 status=complete
2026-09-29 05:53:38,060 INFO manifest=C:\kota\pachi_analysis\data\local_capture\20260928\morning\manifest.json status=complete
