2026-10-04 06:48:12,109 INFO morning machine=0008 status=complete
2026-10-04 06:48:12,109 INFO morning machine=0008 delay_seconds=6.207
2026-10-04 06:48:22,990 INFO morning machine=0009 status=complete
2026-10-04 06:48:22,990 INFO morning machine=0009 delay_seconds=7.720
2026-10-04 06:48:35,875 INFO morning machine=0010 status=complete
2026-10-04 06:48:35,875 INFO morning machine=0010 delay_seconds=6.216
2026-10-04 06:48:46,772 INFO morning machine=0011 status=complete
2026-10-04 06:48:46,772 INFO morning machine=0011 delay_seconds=6.810
2026-10-04 06:48:58,261 INFO morning machine=0012 status=complete
2026-10-04 06:48:58,261 INFO morning machine=0012 delay_seconds=7.948
2026-10-04 06:49:25,646 INFO morning machine=0018 status=incomplete
2026-10-04 06:49:30,051 INFO morning machine=0019 status=complete
2026-10-04 06:49:30,051 INFO morning machine=0019 delay_seconds=7.797
2026-10-04 06:49:42,822 INFO morning machine=0035 status=complete
2026-10-04 06:49:42,822 INFO morning machine=0035 delay_seconds=6.088
2026-10-04 06:49:54,224 INFO morning machine=0036 status=complete
2026-10-04 06:49:54,224 INFO morning machine=0036 delay_seconds=7.550
2026-10-04 06:50:06,604 INFO morning machine=0037 status=complete
2026-10-04 06:50:06,604 INFO morning machine=0037 delay_seconds=5.080
2026-10-04 06:50:16,840 INFO morning machine=0038 status=complete
2026-10-04 06:50:16,840 INFO morning machine=0038 delay_seconds=7.884
2026-10-04 06:50:29,196 INFO morning machine=0039 status=complete
2026-10-04 06:50:29,196 INFO morning machine=0039 delay_seconds=7.222
2026-10-04 06:50:42,397 INFO morning machine=0040 status=complete
2026-10-04 06:50:42,397 INFO morning machine=0040 delay_seconds=6.727
2026-10-04 06:50:53,821 INFO morning machine=0041 status=complete
2026-10-04 06:50:53,821 INFO morning machine=0041 delay_seconds=7.742
2026-10-04 06:51:06,253 INFO morning machine=0042 status=complete
2026-10-04 06:51:06,253 INFO morning machine=0042 delay_seconds=7.525
2026-10-04 06:51:18,228 INFO morning machine=0043 status=complete
2026-10-04 06:51:18,228 INFO morning machine=0043 delay_seconds=7.199
2026-10-04 06:51:30,104 INFO morning machine=0044 status=complete
2026-10-04 06:51:30,104 INFO morning machine=0044 delay_seconds=7.541
2026-10-04 06:51:42,320 INFO morning machine=0045 status=complete
2026-10-04 06:51:42,320 INFO morning machine=0045 delay_seconds=6.815
2026-10-04 06:51:53,595 INFO morning machine=0046 status=complete
2026-10-04 06:51:53,595 INFO morning machine=0046 delay_seconds=6.185
2026-10-04 06:52:04,230 INFO morning machine=0047 status=complete
2026-10-04 06:52:04,230 INFO morning machine=0047 delay_seconds=5.288
2026-10-04 06:52:14,203 INFO morning machine=0048 status=complete
2026-10-04 06:52:14,203 INFO morning machine=0048 delay_seconds=7.763
2026-10-04 06:52:27,930 INFO morning machine=0049 status=complete
2026-10-04 06:52:27,930 INFO morning machine=0049 delay_seconds=6.259
2026-10-04 06:52:38,886 INFO morning machine=0050 status=complete
2026-10-04 06:52:38,886 INFO morning machine=0050 delay_seconds=7.444
2026-10-04 06:52:50,777 INFO morning machine=0051 status=complete
2026-10-04 06:52:50,777 INFO morning machine=0051 delay_seconds=5.396
2026-10-04 06:53:00,594 INFO morning machine=0052 status=complete
2026-10-04 06:53:00,594 INFO morning machine=0052 delay_seconds=6.370
2026-10-04 06:53:11,443 INFO morning machine=0053 status=complete
2026-10-04 06:53:11,443 INFO morning machine=0053 delay_seconds=5.560
2026-10-04 06:53:21,735 INFO morning machine=0054 status=complete
2026-10-04 06:53:21,735 INFO morning machine=0054 delay_seconds=7.345
2026-10-04 06:53:33,527 INFO morning machine=0055 status=complete
2026-10-04 06:53:33,527 INFO morning machine=0055 delay_seconds=7.599
2026-10-04 06:53:45,576 INFO morning machine=0056 status=complete
2026-10-04 06:53:45,576 INFO morning machine=0056 delay_seconds=5.903
2026-10-04 06:53:56,285 INFO morning machine=0057 status=complete
2026-10-04 06:53:56,285 INFO morning machine=0057 delay_seconds=5.777
2026-10-04 06:54:06,493 INFO morning machine=0058 status=complete
2026-10-04 06:54:06,493 INFO morning machine=0058 delay_seconds=6.251
2026-10-04 06:54:17,233 INFO morning machine=0059 status=complete
2026-10-04 06:54:17,233 INFO morning machine=0059 delay_seconds=6.821
2026-10-04 06:54:30,251 INFO morning machine=0060 status=complete
2026-10-04 06:54:30,251 INFO morning machine=0060 delay_seconds=7.041
2026-10-04 06:54:41,811 INFO morning machine=0061 status=complete
2026-10-04 06:54:41,811 INFO morning machine=0061 delay_seconds=5.161
2026-10-04 06:54:51,618 INFO morning machine=0062 status=complete
2026-10-04 06:54:51,618 INFO morning machine=0062 delay_seconds=6.115
2026-10-04 06:55:02,176 INFO morning machine=0063 status=complete
2026-10-04 06:55:02,176 INFO morning machine=0063 delay_seconds=6.260
2026-10-04 06:55:08,430 INFO morning batch_pause start completed=35 pause_seconds=600
2026-10-04 07:05:08,437 INFO morning batch_pause end completed=35
2026-10-04 07:05:12,989 INFO morning machine=0064 status=complete
2026-10-04 07:05:12,989 INFO morning machine=0064 delay_seconds=6.603
2026-10-04 07:05:24,068 INFO morning machine=0065 status=complete
2026-10-04 07:05:24,068 INFO morning machine=0065 delay_seconds=7.262
2026-10-04 07:05:35,785 INFO morning machine=0066 status=complete
2026-10-04 07:05:35,785 INFO morning machine=0066 delay_seconds=5.902
2026-10-04 07:05:47,637 INFO morning machine=0067 status=complete
2026-10-04 07:05:47,637 INFO morning machine=0067 delay_seconds=6.976
2026-10-04 07:06:00,610 INFO morning machine=0068 status=complete
2026-10-04 07:06:00,610 INFO morning machine=0068 delay_seconds=6.772
2026-10-04 07:06:11,818 INFO morning machine=0069 status=complete
2026-10-04 07:06:11,818 INFO morning machine=0069 delay_seconds=5.787
2026-10-04 07:06:23,792 INFO morning machine=0070 status=complete
2026-10-04 07:06:23,792 INFO morning machine=0070 delay_seconds=6.546
2026-10-04 07:06:35,026 INFO morning machine=0071 status=complete
2026-10-04 07:06:35,026 INFO morning machine=0071 delay_seconds=7.354
2026-10-04 07:06:47,044 INFO morning machine=0072 status=complete
2026-10-04 07:06:47,044 INFO morning machine=0072 delay_seconds=7.842
2026-10-04 07:06:59,454 INFO morning machine=0073 status=complete
2026-10-04 07:06:59,454 INFO morning machine=0073 delay_seconds=5.086
2026-10-04 07:07:09,000 INFO morning machine=0074 status=complete
2026-10-04 07:07:09,000 INFO morning machine=0074 delay_seconds=6.797
2026-10-04 07:07:20,492 INFO morning machine=0075 status=complete
2026-10-04 07:07:20,492 INFO morning machine=0075 delay_seconds=5.699
2026-10-04 07:07:30,876 INFO morning machine=0076 status=complete
2026-10-04 07:07:30,876 INFO morning machine=0076 delay_seconds=6.420
2026-10-04 07:07:41,767 INFO morning machine=0077 status=complete
2026-10-04 07:07:41,767 INFO morning machine=0077 delay_seconds=6.032
2026-10-04 07:07:52,233 INFO morning machine=0118 status=complete
2026-10-04 07:07:52,233 INFO morning machine=0118 delay_seconds=5.766
2026-10-04 07:08:03,986 INFO morning machine=0119 status=complete
2026-10-04 07:08:03,986 INFO morning machine=0119 delay_seconds=6.569
2026-10-04 07:08:16,567 INFO morning machine=0120 status=complete
2026-10-04 07:08:16,567 INFO morning machine=0120 delay_seconds=7.713
2026-10-04 07:08:28,849 INFO morning machine=0121 status=complete
2026-10-04 07:08:28,849 INFO morning machine=0121 delay_seconds=5.988
2026-10-04 07:08:39,299 INFO morning machine=0148 status=complete
2026-10-04 07:08:39,299 INFO morning machine=0148 delay_seconds=7.946
2026-10-04 07:08:51,666 INFO morning machine=0149 status=complete
2026-10-04 07:08:51,666 INFO morning machine=0149 delay_seconds=5.663
2026-10-04 07:09:01,749 INFO morning machine=0150 status=complete
2026-10-04 07:09:01,749 INFO morning machine=0150 delay_seconds=6.981
2026-10-04 07:09:13,199 INFO morning machine=0151 status=complete
2026-10-04 07:09:13,199 INFO morning machine=0151 delay_seconds=5.157
2026-10-04 07:09:22,782 INFO morning machine=0152 status=complete
2026-10-04 07:09:22,782 INFO morning machine=0152 delay_seconds=6.929
2026-10-04 07:09:35,750 INFO morning machine=0153 status=complete
2026-10-04 07:09:35,750 INFO morning machine=0153 delay_seconds=5.436
2026-10-04 07:09:45,648 INFO morning machine=0154 status=complete
2026-10-04 07:09:45,648 INFO morning machine=0154 delay_seconds=6.467
2026-10-04 07:09:56,565 INFO morning machine=0155 status=complete
2026-10-04 07:09:56,565 INFO morning machine=0155 delay_seconds=6.107
2026-10-04 07:10:07,198 INFO morning machine=0156 status=complete
2026-10-04 07:10:07,198 INFO morning machine=0156 delay_seconds=6.217
2026-10-04 07:10:17,782 INFO morning machine=0157 status=complete
2026-10-04 07:10:17,782 INFO morning machine=0157 delay_seconds=7.341
2026-10-04 07:10:29,481 INFO morning machine=0158 status=complete
2026-10-04 07:10:29,481 INFO morning machine=0158 delay_seconds=7.639
2026-10-04 07:10:41,616 INFO morning machine=0159 status=complete
2026-10-04 07:10:41,644 INFO manifest=C:\kota\pachi_analysis\data\local_capture\20261003\morning\manifest.json status=incomplete
2026-10-04 07:16:34,153 INFO morning machine=0018 status=complete
2026-10-04 07:16:34,169 INFO manifest=C:\kota\pachi_analysis\data\local_capture\20261003\morning\manifest.json status=complete
