2026-09-19 05:40:47,936 INFO morning machine=0008 status=complete
2026-09-19 05:40:47,936 INFO morning machine=0008 delay_seconds=7.722
2026-09-19 05:41:00,549 INFO morning machine=0009 status=complete
2026-09-19 05:41:00,549 INFO morning machine=0009 delay_seconds=7.713
2026-09-19 05:41:12,999 INFO morning machine=0010 status=complete
2026-09-19 05:41:12,999 INFO morning machine=0010 delay_seconds=6.379
2026-09-19 05:41:23,871 INFO morning machine=0011 status=complete
2026-09-19 05:41:23,871 INFO morning machine=0011 delay_seconds=7.031
2026-09-19 05:41:35,647 INFO morning machine=0012 status=complete
2026-09-19 05:41:35,647 INFO morning machine=0012 delay_seconds=7.907
2026-09-19 05:41:48,105 INFO morning machine=0018 status=complete
2026-09-19 05:41:48,105 INFO morning machine=0018 delay_seconds=5.550
2026-09-19 05:41:58,188 INFO morning machine=0019 status=complete
2026-09-19 05:41:58,188 INFO morning machine=0019 delay_seconds=7.927
2026-09-19 05:42:10,864 INFO morning machine=0035 status=complete
2026-09-19 05:42:10,864 INFO morning machine=0035 delay_seconds=6.480
2026-09-19 05:42:22,030 INFO morning machine=0036 status=complete
2026-09-19 05:42:22,030 INFO morning machine=0036 delay_seconds=6.367
2026-09-19 05:42:32,890 INFO morning machine=0037 status=complete
2026-09-19 05:42:32,890 INFO morning machine=0037 delay_seconds=6.028
2026-09-19 05:42:43,437 INFO morning machine=0038 status=complete
2026-09-19 05:42:43,437 INFO morning machine=0038 delay_seconds=7.482
2026-09-19 05:42:55,645 INFO morning machine=0039 status=complete
2026-09-19 05:42:55,645 INFO morning machine=0039 delay_seconds=7.097
2026-09-19 05:43:07,220 INFO morning machine=0040 status=complete
2026-09-19 05:43:07,220 INFO morning machine=0040 delay_seconds=7.459
2026-09-19 05:43:19,226 INFO morning machine=0041 status=complete
2026-09-19 05:43:19,226 INFO morning machine=0041 delay_seconds=7.670
2026-09-19 05:43:31,711 INFO morning machine=0042 status=complete
2026-09-19 05:43:31,711 INFO morning machine=0042 delay_seconds=6.732
2026-09-19 05:43:44,453 INFO morning machine=0043 status=complete
2026-09-19 05:43:44,453 INFO morning machine=0043 delay_seconds=6.544
2026-09-19 05:43:55,536 INFO morning machine=0044 status=complete
2026-09-19 05:43:55,536 INFO morning machine=0044 delay_seconds=6.278
2026-09-19 05:44:06,336 INFO morning machine=0045 status=complete
2026-09-19 05:44:06,336 INFO morning machine=0045 delay_seconds=6.882
2026-09-19 05:44:22,186 INFO morning machine=0046 status=complete
2026-09-19 05:44:22,186 INFO morning machine=0046 delay_seconds=6.115
2026-09-19 05:44:32,936 INFO morning machine=0047 status=complete
2026-09-19 05:44:32,936 INFO morning machine=0047 delay_seconds=5.624
2026-09-19 05:44:47,878 INFO morning machine=0048 status=complete
2026-09-19 05:44:47,878 INFO morning machine=0048 delay_seconds=6.407
2026-09-19 05:45:01,185 INFO morning machine=0049 status=complete
2026-09-19 05:45:01,185 INFO morning machine=0049 delay_seconds=7.203
2026-09-19 05:45:17,122 INFO morning machine=0050 status=complete
2026-09-19 05:45:17,123 INFO morning machine=0050 delay_seconds=6.751
2026-09-19 05:45:31,802 INFO morning machine=0051 status=complete
2026-09-19 05:45:31,802 INFO morning machine=0051 delay_seconds=6.813
2026-09-19 05:45:50,568 INFO morning machine=0052 status=complete
2026-09-19 05:45:50,568 INFO morning machine=0052 delay_seconds=6.106
2026-09-19 05:46:01,168 INFO morning machine=0053 status=complete
2026-09-19 05:46:01,168 INFO morning machine=0053 delay_seconds=5.859
2026-09-19 05:46:11,760 INFO morning machine=0054 status=complete
2026-09-19 05:46:11,761 INFO morning machine=0054 delay_seconds=6.513
2026-09-19 05:46:24,746 INFO morning machine=0055 status=complete
2026-09-19 05:46:24,746 INFO morning machine=0055 delay_seconds=6.713
2026-09-19 05:46:39,860 INFO morning machine=0056 status=complete
2026-09-19 05:46:39,860 INFO morning machine=0056 delay_seconds=5.787
2026-09-19 05:46:52,368 INFO morning machine=0057 status=complete
2026-09-19 05:46:52,368 INFO morning machine=0057 delay_seconds=6.286
2026-09-19 05:47:04,484 INFO morning machine=0058 status=complete
2026-09-19 05:47:04,484 INFO morning machine=0058 delay_seconds=5.910
2026-09-19 05:47:14,934 INFO morning machine=0059 status=complete
2026-09-19 05:47:14,934 INFO morning machine=0059 delay_seconds=5.175
2026-09-19 05:47:24,984 INFO morning machine=0060 status=complete
2026-09-19 05:47:24,984 INFO morning machine=0060 delay_seconds=8.000
2026-09-19 05:47:39,977 INFO morning machine=0061 status=complete
2026-09-19 05:47:39,977 INFO morning machine=0061 delay_seconds=7.297
2026-09-19 05:47:55,483 INFO morning machine=0062 status=complete
2026-09-19 05:47:55,483 INFO morning machine=0062 delay_seconds=7.783
2026-09-19 05:48:03,273 INFO morning batch_pause start completed=35 pause_seconds=600
2026-09-19 05:58:03,276 INFO morning batch_pause end completed=35
2026-09-19 05:58:14,159 INFO morning machine=0063 status=complete
2026-09-19 05:58:14,159 INFO morning machine=0063 delay_seconds=5.236
2026-09-19 05:58:30,001 INFO morning machine=0064 status=complete
2026-09-19 05:58:30,001 INFO morning machine=0064 delay_seconds=6.316
2026-09-19 05:58:45,494 INFO morning machine=0065 status=complete
2026-09-19 05:58:45,494 INFO morning machine=0065 delay_seconds=6.010
2026-09-19 05:59:01,351 INFO morning machine=0066 status=complete
2026-09-19 05:59:01,351 INFO morning machine=0066 delay_seconds=7.891
2026-09-19 05:59:17,991 INFO morning machine=0067 status=complete
2026-09-19 05:59:17,991 INFO morning machine=0067 delay_seconds=5.021
2026-09-19 05:59:31,458 INFO morning machine=0068 status=complete
2026-09-19 05:59:31,458 INFO morning machine=0068 delay_seconds=5.570
2026-09-19 05:59:47,411 INFO morning machine=0069 status=complete
2026-09-19 05:59:47,412 INFO morning machine=0069 delay_seconds=5.540
2026-09-19 05:59:59,058 INFO morning machine=0070 status=complete
2026-09-19 05:59:59,058 INFO morning machine=0070 delay_seconds=5.685
2026-09-19 06:00:11,957 INFO morning machine=0071 status=complete
2026-09-19 06:00:11,957 INFO morning machine=0071 delay_seconds=6.424
2026-09-19 06:00:28,924 INFO morning machine=0072 status=complete
2026-09-19 06:00:28,924 INFO morning machine=0072 delay_seconds=6.798
2026-09-19 06:00:40,507 INFO morning machine=0073 status=complete
2026-09-19 06:00:40,507 INFO morning machine=0073 delay_seconds=7.263
2026-09-19 06:01:00,190 INFO morning machine=0074 status=complete
2026-09-19 06:01:00,190 INFO morning machine=0074 delay_seconds=7.566
2026-09-19 06:01:14,397 INFO morning machine=0075 status=complete
2026-09-19 06:01:14,397 INFO morning machine=0075 delay_seconds=6.716
2026-09-19 06:01:31,673 INFO morning machine=0076 status=complete
2026-09-19 06:01:31,673 INFO morning machine=0076 delay_seconds=5.376
2026-09-19 06:01:44,799 INFO morning machine=0077 status=complete
2026-09-19 06:01:44,799 INFO morning machine=0077 delay_seconds=6.581
2026-09-19 06:01:58,206 INFO morning machine=0118 status=complete
2026-09-19 06:01:58,206 INFO morning machine=0118 delay_seconds=5.933
2026-09-19 06:02:10,789 INFO morning machine=0119 status=complete
2026-09-19 06:02:10,789 INFO morning machine=0119 delay_seconds=5.856
2026-09-19 06:02:21,389 INFO morning machine=0120 status=complete
2026-09-19 06:02:21,389 INFO morning machine=0120 delay_seconds=5.126
2026-09-19 06:02:32,705 INFO morning machine=0121 status=complete
2026-09-19 06:02:32,705 INFO morning machine=0121 delay_seconds=5.474
2026-09-19 06:02:43,405 INFO morning machine=0148 status=complete
2026-09-19 06:02:43,405 INFO morning machine=0148 delay_seconds=7.066
2026-09-19 06:03:05,857 INFO morning machine=0149 status=complete
2026-09-19 06:03:05,858 INFO morning machine=0149 delay_seconds=6.448
2026-09-19 06:03:21,279 INFO morning machine=0150 status=complete
2026-09-19 06:03:21,279 INFO morning machine=0150 delay_seconds=6.363
2026-09-19 06:03:33,321 INFO morning machine=0151 status=complete
2026-09-19 06:03:33,321 INFO morning machine=0151 delay_seconds=6.251
2026-09-19 06:03:44,104 INFO morning machine=0152 status=complete
2026-09-19 06:03:44,104 INFO morning machine=0152 delay_seconds=5.737
2026-09-19 06:03:56,758 INFO morning machine=0153 status=complete
2026-09-19 06:03:56,758 INFO morning machine=0153 delay_seconds=7.282
2026-09-19 06:04:10,087 INFO morning machine=0154 status=complete
2026-09-19 06:04:10,087 INFO morning machine=0154 delay_seconds=7.329
2026-09-19 06:04:26,788 INFO morning machine=0155 status=complete
2026-09-19 06:04:26,788 INFO morning machine=0155 delay_seconds=5.324
2026-09-19 06:04:36,637 INFO morning machine=0156 status=complete
2026-09-19 06:04:36,637 INFO morning machine=0156 delay_seconds=5.973
2026-09-19 06:04:51,854 INFO morning machine=0157 status=complete
2026-09-19 06:04:51,854 INFO morning machine=0157 delay_seconds=5.659
2026-09-19 06:05:08,577 INFO morning machine=0158 status=complete
2026-09-19 06:05:08,577 INFO morning machine=0158 delay_seconds=5.149
2026-09-19 06:05:26,253 INFO morning machine=0159 status=complete
2026-09-19 06:05:26,278 INFO manifest=C:\kota\pachi_analysis\data\local_capture\20260918\morning\manifest.json status=complete
